warning: ambiguous glob re-exports
  --> crates\db\src\models\mod.rs:23:9
   |
23 | pub use workflow::*;
   |         ^^^^^^^^^^^ the name `CreateTerminalRequest` in the type namespace is first re-exported here
24 | pub use terminal::*;
   |         ----------- but the name `CreateTerminalRequest` in the type namespace is also re-exported here
   |
   = note: `#[warn(ambiguous_glob_reexports)]` on by default

warning: `db` (lib) generated 1 warning
warning: unused import: `anyhow::Context`
 --> crates\services\src\services\git.rs:3:5
  |
3 | use anyhow::Context;
  |     ^^^^^^^^^^^^^^^
  |
  = note: `#[warn(unused_imports)]` (part of `#[warn(unused)]`) on by default

warning: unused imports: `execution_process_repo_state::CreateExecutionProcessRepoState`, `project::Project`, `task::Task`, and `workspace::Workspace`
  --> crates\services\src\services\terminal\launcher.rs:11:5
   |
11 |     workspace::Workspace,
   |     ^^^^^^^^^^^^^^^^^^^^
...
14 |     task::Task,
   |     ^^^^^^^^^^
15 |     project::Project,
   |     ^^^^^^^^^^^^^^^^
16 |     execution_process_repo_state::CreateExecutionProcessRepoState,
   |     ^^^^^^^^^^^^^^^^^^^^^^^^^^^^^^^^^^^^^^^^^^^^^^^^^^^^^^^^^^^^^

warning: unused import: `CCSwitch`
  --> crates\services\src\services\terminal\launcher.rs:28:51
   |
28 | use crate::services::cc_switch::{CCSwitchService, CCSwitch};
   |                                                   ^^^^^^^^

warning: unused import: `RenderError`
 --> crates\services\src\services\template_renderer.rs:7:30
  |
7 | use handlebars::{Handlebars, RenderError};
  |                              ^^^^^^^^^^^

warning: unused import: `error`
  --> crates\services\src\services\orchestrator\persistence.rs:11:22
   |
11 | use tracing::{debug, error, info, warn};
   |                      ^^^^^

warning: unused import: `std::sync::Arc`
  --> crates\services\src\services\orchestrator\terminal_coordinator_test.rs:7:5
   |
 7 | use std::sync::Arc;
   |     ^^^^^^^^^^^^^^
   |
help: if this is a test module, consider adding a `#[cfg(test)]` to the containing module
  --> crates\services\src\services\orchestrator\mod.rs:31:1
   |
31 | mod terminal_coordinator_test;
   | ^^^^^^^^^^^^^^^^^^^^^^^^^^^^^^

warning: unused import: `crate::services::orchestrator::TerminalCoordinator`
  --> crates\services\src\services\orchestrator\terminal_coordinator_test.rs:12:5
   |
12 | use crate::services::orchestrator::TerminalCoordinator;
   |     ^^^^^^^^^^^^^^^^^^^^^^^^^^^^^^^^^^^^^^^^^^^^^^^^^^
   |
help: if this is a test module, consider adding a `#[cfg(test)]` to the containing module
  --> crates\services\src\services\orchestrator\mod.rs:31:1
   |
31 | mod terminal_coordinator_test;
   | ^^^^^^^^^^^^^^^^^^^^^^^^^^^^^^

warning: unused import: `terminal::Terminal`
  --> crates\services\src\services\orchestrator\terminal_coordinator_test.rs:16:9
   |
16 |         terminal::Terminal,
   |         ^^^^^^^^^^^^^^^^^^
   |
help: if this is a test module, consider adding a `#[cfg(test)]` to the containing module
  --> crates\services\src\services\orchestrator\mod.rs:31:1
   |
31 | mod terminal_coordinator_test;
   | ^^^^^^^^^^^^^^^^^^^^^^^^^^^^^^

warning: unused variable: `commit_sha`
   --> crates\services\src\services\merge_coordinator.rs:223:9
    |
223 |         commit_sha: &str,
    |         ^^^^^^^^^^ help: if this is intentional, prefix it with an underscore: `_commit_sha`
    |
    = note: `#[warn(unused_variables)]` (part of `#[warn(unused)]`) on by default

warning: unused variable: `completed_terminals`
   --> crates\services\src\services\orchestrator\persistence.rs:270:9
    |
270 |         completed_terminals: &[String],
    |         ^^^^^^^^^^^^^^^^^^^ help: if this is intentional, prefix it with an underscore: `_completed_terminals`

warning: unused variable: `failed_terminals`
   --> crates\services\src\services\orchestrator\persistence.rs:271:9
    |
271 |         failed_terminals: &[String],
    |         ^^^^^^^^^^^^^^^^ help: if this is intentional, prefix it with an underscore: `_failed_terminals`

warning: function `create_opencode_config` is never used
   --> crates\services\src\services\cc_switch.rs:200:4
    |
200 | fn create_opencode_config(opencode_home: &Path, base_url: Option<&str>, model: &str) -> anyhow::Result<()> {
    |    ^^^^^^^^^^^^^^^^^^^^^^
    |
    = note: `#[warn(dead_code)]` (part of `#[warn(unused)]`) on by default

warning: field `agent` is never read
  --> crates\services\src\services\orchestrator\runtime.rs:47:5
   |
46 | struct RunningWorkflow {
   |        --------------- field in this struct
47 |     agent: Arc<OrchestratorAgent>,
   |     ^^^^^

warning: function `setup_test_db` is never used
  --> crates\services\src\services\orchestrator\terminal_coordinator_test.rs:22:10
   |
22 | async fn setup_test_db() -> DBService {
   |          ^^^^^^^^^^^^^

warning: function `create_cli_and_model` is never used
  --> crates\services\src\services\orchestrator\terminal_coordinator_test.rs:46:10
   |
46 | async fn create_cli_and_model(
   |          ^^^^^^^^^^^^^^^^^^^^

warning: function `create_workflow_with_terminals` is never used
   --> crates\services\src\services\orchestrator\terminal_coordinator_test.rs:121:10
    |
121 | async fn create_workflow_with_terminals(
    |          ^^^^^^^^^^^^^^^^^^^^^^^^^^^^^^

warning: `services` (lib) generated 16 warnings (run `cargo fix --lib -p services` to apply 11 suggestions)
   Compiling services v0.0.153 (E:\GitCortex\.worktrees\phase-26-terminal-output-persistence\crates\services)
warning: unused import: `CliDetector`
  --> crates\services\tests\terminal_lifecycle_test.rs:26:16
   |
26 |     terminal::{CliDetector, ProcessManager, TerminalLauncher},
   |                ^^^^^^^^^^^
   |
   = note: `#[warn(unused_imports)]` (part of `#[warn(unused)]`) on by default

warning: unused variable: `workflow_id`
   --> crates\services\tests\terminal_lifecycle_test.rs:188:10
    |
188 |     let (workflow_id, workflow_task_id, _workspace_id) =
    |          ^^^^^^^^^^^ help: if this is intentional, prefix it with an underscore: `_workflow_id`
    |
    = note: `#[warn(unused_variables)]` (part of `#[warn(unused)]`) on by default

warning: unused variable: `db`
   --> crates\services\tests\terminal_lifecycle_test.rs:313:9
    |
313 |     let db = setup_test_db().await;
    |         ^^ help: if this is intentional, prefix it with an underscore: `_db`

warning: `services` (test "terminal_lifecycle_test") generated 3 warnings (run `cargo fix --test "terminal_lifecycle_test" -p services` to apply 3 suggestions)
warning: unused import: `api::oauth::LoginStatus`
  --> crates\server\src\routes\tasks.rs:31:13
   |
31 | use utils::{api::oauth::LoginStatus, response::ApiResponse};
   |             ^^^^^^^^^^^^^^^^^^^^^^^
   |
   = note: `#[warn(unused_imports)]` (part of `#[warn(unused)]`) on by default

warning: unused imports: `SlashCommandPreset` and `WorkflowCommand`
 --> crates\server\src\routes\workflows_dto.rs:6:18
  |
6 | use db::models::{SlashCommandPreset, WorkflowCommand};
  |                  ^^^^^^^^^^^^^^^^^^  ^^^^^^^^^^^^^^^

warning: unused import: `Deserialize`
 --> crates\server\src\routes\workflows_dto.rs:7:13
  |
7 | use serde::{Deserialize, Serialize};
  |             ^^^^^^^^^^^

warning: unused imports: `delete`, `post`, and `put`
 --> crates\server\src\routes\slash_commands.rs:7:20
  |
7 |     routing::{get, post, put, delete},
  |                    ^^^^  ^^^  ^^^^^^

warning: fields `provider` and `return_to` are never read
  --> crates\server\src\routes\oauth.rs:46:5
   |
45 | struct HandoffInitPayload {
   |        ------------------ fields in this struct
46 |     provider: String,
   |     ^^^^^^^^
47 |     return_to: String,
   |     ^^^^^^^^^
   |
   = note: `HandoffInitPayload` has a derived impl for the trait `Debug`, but this is intentionally ignored during dead code analysis
   = note: `#[warn(dead_code)]` (part of `#[warn(unused)]`) on by default

warning: fields `handoff_id`, `app_code`, and `error` are never read
  --> crates\server\src\routes\oauth.rs:67:5
   |
66 | struct HandoffCompleteQuery {
   |        -------------------- fields in this struct
67 |     handoff_id: Uuid,
   |     ^^^^^^^^^^
68 |     #[serde(default)]
69 |     app_code: Option<String>,
   |     ^^^^^^^^
70 |     #[serde(default)]
71 |     error: Option<String>,
   |     ^^^^^
   |
   = note: `HandoffCompleteQuery` has a derived impl for the trait `Debug`, but this is intentionally ignored during dead code analysis

warning: function `apply_remote_project_link` is never used
   --> crates\server\src\routes\projects.rs:164:10
    |
164 | async fn apply_remote_project_link(
    |          ^^^^^^^^^^^^^^^^^^^^^^^^^

warning: variable does not need to be mutable
  --> crates\services\tests\phase18_git_watcher.rs:92:9
   |
92 |     let mut watcher = GitWatcher::new(config, message_bus).expect("Failed to create GitWatcher");
   |         ----^^^^^^^
   |         |
   |         help: remove this `mut`
   |
   = note: `#[warn(unused_mut)]` (part of `#[warn(unused)]`) on by default

warning: variable does not need to be mutable
   --> crates\services\tests\phase18_git_watcher.rs:139:9
    |
139 |     let mut watcher = GitWatcher::new(config, message_bus).expect("Failed to create GitWatcher");
    |         ----^^^^^^^
    |         |
    |         help: remove this `mut`

warning: variable does not need to be mutable
   --> crates\services\tests\phase18_git_watcher.rs:171:9
    |
171 |     let mut watcher = GitWatcher::new(config, message_bus).expect("Failed to create GitWatcher");
    |         ----^^^^^^^
    |         |
    |         help: remove this `mut`

warning: unused import: `super::*`
   --> crates\services\src\services\error_handler.rs:205:9
    |
205 |     use super::*;
    |         ^^^^^^^^
    |
    = note: `#[warn(unused_imports)]` (part of `#[warn(unused)]`) on by default

warning: unused import: `anyhow::Context`
 --> crates\services\src\services\git.rs:3:5
  |
3 | use anyhow::Context;
  |     ^^^^^^^^^^^^^^^

warning: unused import: `super::*`
   --> crates\services\src\services\merge_coordinator.rs:281:9
    |
281 |     use super::*;
    |         ^^^^^^^^

warning: unused import: `super::*`
   --> crates\services\src\services\orchestrator\persistence.rs:310:9
    |
310 |     use super::*;
    |         ^^^^^^^^

warning: unused import: `super::*`
   --> crates\services\src\services\orchestrator\runtime.rs:510:9
    |
510 |     use super::*;
    |         ^^^^^^^^

warning: unused import: `super::*`
   --> crates\services\src\services\orchestrator\terminal_coordinator.rs:108:9
    |
108 |     use super::*;
    |         ^^^^^^^^

warning: use of deprecated method `services::cc_switch::CCSwitchService::switch_for_terminals`: Use build_launch_config instead to avoid modifying global config
   --> crates\services\src\services\cc_switch.rs:872:25
    |
872 |         let _ = service.switch_for_terminals(&terminals).await;
    |                         ^^^^^^^^^^^^^^^^^^^^
    |
    = note: `#[warn(deprecated)]` on by default

warning: `server` (lib) generated 7 warnings (run `cargo fix --lib -p server` to apply 4 suggestions)
warning: `services` (test "phase18_git_watcher") generated 3 warnings (run `cargo fix --test "phase18_git_watcher" -p services` to apply 3 suggestions)
warning: `services` (lib test) generated 17 warnings (10 duplicates) (run `cargo fix --lib -p services --tests` to apply 6 suggestions)
   Compiling server v0.0.153 (E:\GitCortex\.worktrees\phase-26-terminal-output-persistence\crates\server)
warning: unused imports: `Request`, `StatusCode`, `body::Body`, and `header`
 --> crates\server\tests\terminal_ws_test.rs:2:5
  |
2 |     body::Body,
  |     ^^^^^^^^^^
3 |     http::{Request, StatusCode, header},
  |            ^^^^^^^  ^^^^^^^^^^  ^^^^^^
  |
  = note: `#[warn(unused_imports)]` (part of `#[warn(unused)]`) on by default

warning: unused import: `tower::ServiceExt`
 --> crates\server\tests\terminal_ws_test.rs:5:5
  |
5 | use tower::ServiceExt;
  |     ^^^^^^^^^^^^^^^^^

warning: `server` (test "terminal_ws_test") generated 2 warnings (run `cargo fix --test "terminal_ws_test" -p server` to apply 2 suggestions)
warning: unused import: `serde_json::json`
  --> crates\server\src\routes\event_bridge.rs:97:9
   |
97 |     use serde_json::json;
   |         ^^^^^^^^^^^^^^^^
   |
   = note: `#[warn(unused_imports)]` (part of `#[warn(unused)]`) on by default

warning: unused import: `api::oauth::LoginStatus`
  --> crates\server\src\routes\tasks.rs:31:13
   |
31 | use utils::{api::oauth::LoginStatus, response::ApiResponse};
   |             ^^^^^^^^^^^^^^^^^^^^^^^

warning: unused import: `super::*`
    --> crates\server\src\routes\workflows.rs:1085:9
     |
1085 |     use super::*;
     |         ^^^^^^^^

warning: unused import: `crate::routes::workflows_dto::WorkflowDetailDto`
    --> crates\server\src\routes\workflows.rs:1086:9
     |
1086 |     use crate::routes::workflows_dto::WorkflowDetailDto;
     |         ^^^^^^^^^^^^^^^^^^^^^^^^^^^^^^^^^^^^^^^^^^^^^^^

warning: unused imports: `Terminal` and `WorkflowTask`
   --> crates\server\src\routes\workflows_dto.rs:424:22
    |
424 |     use db::models::{Terminal, Workflow, WorkflowTask};
    |                      ^^^^^^^^            ^^^^^^^^^^^^

warning: `server` (lib test) generated 11 warnings (6 duplicates) (run `cargo fix --lib -p server --tests` to apply 5 suggestions)
warning: `db` (lib test) generated 1 warning (1 duplicate)
warning: unused import: `tokio::sync::broadcast`
 --> crates\services\tests\error_handler_test.rs:5:5
  |
5 | use tokio::sync::broadcast;
  |     ^^^^^^^^^^^^^^^^^^^^^^
  |
  = note: `#[warn(unused_imports)]` (part of `#[warn(unused)]`) on by default

warning: unused import: `services::services::error_handler::ErrorHandler`
 --> crates\services\tests\error_handler_test.rs:7:5
  |
7 | use services::services::error_handler::ErrorHandler;
  |     ^^^^^^^^^^^^^^^^^^^^^^^^^^^^^^^^^^^^^^^^^^^^^^^

warning: unused import: `db::DBService`
 --> crates\services\tests\error_handler_test.rs:9:5
  |
9 | use db::DBService;
  |     ^^^^^^^^^^^^^

warning: unused variable: `message_bus`
  --> crates\services\tests\error_handler_test.rs:22:13
   |
22 |         let message_bus = Arc::new(MessageBus::new(100));
   |             ^^^^^^^^^^^ help: if this is intentional, prefix it with an underscore: `_message_bus`
   |
   = note: `#[warn(unused_variables)]` (part of `#[warn(unused)]`) on by default

warning: `services` (test "error_handler_test") generated 4 warnings (run `cargo fix --test "error_handler_test" -p services` to apply 4 suggestions)
warning: unused import: `serde_json::json`
 --> crates\server\tests\workflow_contract.rs:7:5
  |
7 | use serde_json::json;
  |     ^^^^^^^^^^^^^^^^
  |
  = note: `#[warn(unused_imports)]` (part of `#[warn(unused)]`) on by default

warning: unused import: `CliType`
 --> crates\server\tests\cli_detection_test.rs:7:18
  |
7 | use db::models::{CliType};
  |                  ^^^^^^^
  |
  = note: `#[warn(unused_imports)]` (part of `#[warn(unused)]`) on by default

warning: unused import: `uuid::Uuid`
 --> crates\server\tests\cli_detection_test.rs:8:5
  |
8 | use uuid::Uuid;
  |     ^^^^^^^^^^

warning: unused import: `tokio::time::timeout`
  --> crates\server\tests\cli_detection_test.rs:10:5
   |
10 | use tokio::time::timeout;
   |     ^^^^^^^^^^^^^^^^^^^^

warning: unused import: `server::DeploymentImpl`
 --> crates\server\tests\slash_commands_pool_test.rs:6:5
  |
6 | use server::DeploymentImpl;
  |     ^^^^^^^^^^^^^^^^^^^^^^
  |
  = note: `#[warn(unused_imports)]` (part of `#[warn(unused)]`) on by default

warning: unused import: `uuid::Uuid`
 --> crates\services\tests\terminal_logging_test.rs:6:5
  |
6 | use uuid::Uuid;
  |     ^^^^^^^^^^
  |
  = note: `#[warn(unused_imports)]` (part of `#[warn(unused)]`) on by default

error[E0599]: no function or associated item named `new` found for struct `local_deployment::LocalDeployment` in the current scope
  --> crates\server\tests\cli_types_detect_test.rs:13:38
   |
13 |     let deployment = DeploymentImpl::new().await.expect("Failed to create deployment");
   |                                      ^^^ function or associated item not found in `local_deployment::LocalDeployment`
   |
   = help: items from traits can only be used if the trait is in scope
help: trait `Deployment` which provides `new` is implemented but not in scope; perhaps you want to import it
   |
 7 + use server::Deployment;
   |

error[E0282]: type annotations needed
  --> crates\server\tests\cli_types_detect_test.rs:13:22
   |
13 |     let deployment = DeploymentImpl::new().await.expect("Failed to create deployment");
   |                      ^^^^^^^^^^^^^^^^^^^^^^^^^^^ cannot infer type

error[E0599]: no function or associated item named `new` found for struct `LocalDeployment` in the current scope
  --> crates\server\tests\slash_commands_pool_test.rs:15:39
   |
15 |     let deployment = LocalDeployment::new().await.expect("Failed to create deployment");
   |                                       ^^^ function or associated item not found in `LocalDeployment`
   |
   = help: items from traits can only be used if the trait is in scope
help: trait `Deployment` which provides `new` is implemented but not in scope; perhaps you want to import it
   |
 6 + use server::Deployment;
   |

memory allocation of 507904 bytes failed
stack backtrace:
error[E0282]: type annotations needed
  --> crates\server\tests\slash_commands_pool_test.rs:15:22
   |
15 |     let deployment = LocalDeployment::new().await.expect("Failed to create deployment");
   |                      ^^^^^^^^^^^^^^^^^^^^^^^^^^^^ cannot infer type

memory allocation of 737296 bytes failed
stack backtrace:
memory allocation of 131072 bytes failed
stack backtrace:
memory allocation of 16912 bytes failed
stack backtrace:
   0:     0x7ffa5df09832 - <unknown>
memory allocation of 393264 bytes failed
stack backtrace:
   1:     0x7ffa5df31ae1 - <unknown>
   0:     0x7ffa5df09832 - <unknown>
   2:     0x7ffa5df199e4 - <unknown>
   1:     0x7ffa5df31ae1 - <unknown>
   2:     0x7ffa5df199e4 - <unknown>
   3:     0x7ffa5defccdf - <unknown>
   4:     0x7ffa5dee351c - <unknown>
   5:     0x7ffa5dee0b4f - <unknown>
   6:     0x7ffa5defcd9b - <unknown>
   7:     0x7ffa5dee4448 - <unknown>
   8:     0x7ffa61fd1146 - <unknown>
   9:     0x7ffa61fd1160 - <unknown>
  10:     0x7ffa5f56813f - <unknown>
  11:     0x7ffa5d96c811 - <unknown>
  12:     0x7ffa5ed70d03 - <unknown>
  13:     0x7ffa5da404c4 - <unknown>
   3:     0x7ffa5defccdf - <unknown>
  14:     0x7ffa5efa20fe - <unknown>
  15:     0x7ffa5ef70220 - <unknown>
  16:     0x7ffa5efea6db - <unknown>
  17:     0x7ffa5efe3e8f - <unknown>
  18:     0x7ffa5e809a91 - <unknown>
  19:     0x7ffa5ed45a3e - <unknown>
   4:     0x7ffa5dee351c - <unknown>
  20:     0x7ffa5eda2da1 - <unknown>
  21:     0x7ffa5ee18520 - <unknown>
  22:     0x7ffa5f064145 - <unknown>
  23:     0x7ffa5eee1bac - <unknown>
  24:     0x7ffa5e113a59 - <unknown>
  25:     0x7ffa5e12cddb - <unknown>
  26:     0x7ffa5e10ed47 - <unknown>
  27:     0x7ffa5e12cddb - <unknown>
  28:     0x7ffa5e10a996 - <unknown>
  29:     0x7ffa5e12d542 - <unknown>
  30:     0x7ffa5e1a947d - <unknown>
  31:     0x7ffa5e12cd31 - <unknown>
  32:     0x7ffa5e1a9803 - <unknown>
  33:     0x7ffa5e12cd31 - <unknown>
  34:     0x7ffa5e229df2 - <unknown>
  35:     0x7ffa5e0be5dd - <unknown>
  36:     0x7ffa5e0d0ac0 - <unknown>
memory allocation of 1622016 bytes failed
  37:     0x7ffa5ed46dab - <unknown>
  38:     0x7ffa5edea282 - <unknown>
  39:     0x7ffa5ee1ed62 - <unknown>
  40:     0x7ffa5e289c5d - <unknown>
  41:     0x7ffa5df63dd5 - <unknown>
  42:     0x7ffa5d97058a - <unknown>
   5:     0x7ffa5dee0b4f - <unknown>
  43:     0x7ffa5d97a7b3 - <unknown>
  44:     0x7ffa5da58fe3 - <unknown>
stack backtrace:
  45:     0x7ffa5b499eb7 - <unknown>
  46:     0x7ffa5b49508f - <unknown>
  47:     0x7ffa5b4a07f9 - <unknown>
  48:     0x7ffa5df06e48 - <unknown>
  49:     0x7ffb33127374 - <unknown>
  50:     0x7ffb3457cc91 - <unknown>
memory allocation of 852608 bytes failed
stack backtrace:
   6:     0x7ffa5defcd9b - <unknown>
   0:     0x7ffa5df09832 - <unknown>
   7:     0x7ffa5dee4448 - <unknown>
memory allocation of 22224 bytes failed
memory allocation of 688152 bytes failed
   1:     0x7ffa5df31ae1 - <unknown>
memory allocation of 1048576 bytes failed
stack backtrace:
stack backtrace:
stack backtrace:
   8:     0x7ffa61fd1146 - <unknown>
   0:     0x7ffa5df09832 - <unknown>
   1:     0x7ffa5df31ae1 - <unknown>
   2:     0x7ffa5df199e4 - <unknown>
   0:     0x7ffa5df09832 - <unknown>
   9:     0x7ffa5ed35fec - <unknown>
   0:     0x7ffa5df09832 - <unknown>
   2:     0x7ffa5df199e4 - <unknown>
   1:     0x7ffa5df31ae1 - <unknown>
   3:     0x7ffa5defccdf - <unknown>
   2:     0x7ffa5df199e4 - <unknown>
   3:     0x7ffa5defccdf - <unknown>
   1:     0x7ffa5df31ae1 - <unknown>
   4:     0x7ffa5dee351c - <unknown>
  10:     0x7ffa5ed62da2 - <unknown>
   3:     0x7ffa5defccdf - <unknown>
   5:     0x7ffa5dee0b4f - <unknown>
   6:     0x7ffa5defcd9b - <unknown>
   7:     0x7ffa5dee4448 - <unknown>
   4:     0x7ffa5dee351c - <unknown>
   4:     0x7ffa5dee351c - <unknown>
   8:     0x7ffa61fd1146 - <unknown>
   0:     0x7ffa5df09832 - <unknown>
   2:     0x7ffa5df199e4 - <unknown>
   1:     0x7ffa5df31ae1 - <unknown>
   2:     0x7ffa5df199e4 - <unknown>
   3:     0x7ffa5defccdf - <unknown>
   4:     0x7ffa5dee351c - <unknown>
   9:     0x7ffa61fd1160 - <unknown>
   5:     0x7ffa5dee0b4f - <unknown>
   6:     0x7ffa5defcd9b - <unknown>
   7:     0x7ffa5dee4448 - <unknown>
   8:     0x7ffa61fd1146 - <unknown>
   9:     0x7ffa61fd1160 - <unknown>
  10:     0x7ffa5e5fd245 - <unknown>
  11:     0x7ffa5e5d4ecf - <unknown>
  10:     0x7ffa5f6567c4 - <unknown>
   5:     0x7ffa5dee0b4f - <unknown>
  11:     0x7ffa5f1c12c6 - <unknown>
   5:     0x7ffa5dee0b4f - <unknown>
   6:     0x7ffa5defcd9b - <unknown>
  12:     0x7ffa5f1aa4ad - <unknown>
   7:     0x7ffa5dee4448 - <unknown>
  13:     0x7ffa5d96d001 - <unknown>
  14:     0x7ffa5daae7fd - <unknown>
   8:     0x7ffa61fd1146 - <unknown>
  15:     0x7ffa5ed48c1c - <unknown>
   3:     0x7ffa5defccdf - <unknown>
  16:     0x7ffa5da422c7 - <unknown>
  12:     0x7ffa5e5d395b - <unknown>
  13:     0x7ffa5e5b3935 - <unknown>
  17:     0x7ffa5ead3d8c - <unknown>
   6:     0x7ffa5defcd9b - <unknown>
  14:     0x7ffa5e5d1b00 - <unknown>
  15:     0x7ffa5e5b2465 - <unknown>
  18:     0x7ffa610f1e2d - <unknown>
  16:     0x7ffa5e5d1b00 - <unknown>
  17:     0x7ffa5e5b1424 - <unknown>
  19:     0x7ffa61126b7c - <unknown>
  18:     0x7ffa5e5b3e20 - <unknown>
  19:     0x7ffa5e5d1b00 - <unknown>
  20:     0x7ffa5e5b160f - <unknown>
  21:     0x7ffa5e5d68e8 - <unknown>
  22:     0x7ffa5e5d395b - <unknown>
  23:     0x7ffa5e5b3935 - <unknown>
  24:     0x7ffa5e5d1b00 - <unknown>
  25:     0x7ffa5e5b2465 - <unknown>
  26:     0x7ffa5e5d1b00 - <unknown>
  20:     0x7ffa61136b00 - <unknown>
   9:     0x7ffa61fd1160 - <unknown>
  27:     0x7ffa5e5b1424 - <unknown>
  10:     0x7ffa5e757861 - <unknown>
  28:     0x7ffa5e5b3e20 - <unknown>
  29:     0x7ffa5e5d1b00 - <unknown>
  21:     0x7ffa5eaad60f - <unknown>
  30:     0x7ffa5e5b160f - <unknown>
  31:     0x7ffa5e5b4c11 - <unknown>
  32:     0x7ffa5e5d1b00 - <unknown>
  33:     0x7ffa5e5b24c6 - <unknown>
  34:     0x7ffa5e5d1b00 - <unknown>
  22:     0x7ffa5ea7812d - <unknown>
  11:     0x7ffa5e6d8d1d - <unknown>
  35:     0x7ffa5e5baf91 - <unknown>
   4:     0x7ffa5dee351c - <unknown>
  11:     0x7ffa5ee15099 - <unknown>
  36:     0x7ffa5e5b2205 - <unknown>
  37:     0x7ffa5e5d1b00 - <unknown>
  12:     0x7ffa5e6fe9cb - <unknown>
  38:     0x7ffa5e5b4baa - <unknown>
  13:     0x7ffa5e69bdf5 - <unknown>
  39:     0x7ffa5e5d1b00 - <unknown>
  14:     0x7ffa5ed447db - <unknown>
  40:     0x7ffa5e5b24c6 - <unknown>
  15:     0x7ffa5edea282 - <unknown>
  41:     0x7ffa5e5d1b00 - <unknown>
  23:     0x7ffa5ea781fd - <unknown>
  42:     0x7ffa5e63b1f0 - <unknown>
   7:     0x7ffa5dee4448 - <unknown>
  16:     0x7ffa5ee12572 - <unknown>
  17:     0x7ffa5d706381 - <unknown>
  18:     0x7ffa5d704a4f - <unknown>
  19:     0x7ffa5d96c9cb - <unknown>
  20:     0x7ffa5ed70d03 - <unknown>
  21:     0x7ffa5da407a4 - <unknown>
  43:     0x7ffa5ed47049 - <unknown>
  44:     0x7ffa5eddd7f8 - <unknown>
  22:     0x7ffa5e33049c - <unknown>
  45:     0x7ffa5ee207c5 - <unknown>
  23:     0x7ffa5ed46e50 - <unknown>
   5:     0x7ffa5dee0b4f - <unknown>
  46:     0x7ffa5e63e2dc - <unknown>
  24:     0x7ffa5ed70d03 - <unknown>
  47:     0x7ffa5ed4439b - <unknown>
  25:     0x7ffa5ee1f246 - <unknown>
  48:     0x7ffa5ede151e - <unknown>
   6:     0x7ffa5defcd9b - <unknown>
  26:     0x7ffa5d6e69d8 - <unknown>
  49:     0x7ffa5ee10195 - <unknown>
  27:     0x7ffa5e2f0e82 - <unknown>
  50:     0x7ffa5e630bf0 - <unknown>
  28:     0x7ffa5e317bb0 - <unknown>
  51:     0x7ffa5e42acf6 - <unknown>
  29:     0x7ffa5ed4559b - <unknown>
  52:     0x7ffa5ed46fdb - <unknown>
  30:     0x7ffa5ede17b2 - <unknown>
  53:     0x7ffa5edea282 - <unknown>
  31:     0x7ffa5ee16655 - <unknown>
  54:     0x7ffa5ee203e2 - <unknown>
  32:     0x7ffa5d6626e3 - <unknown>
  55:     0x7ffa5e47167f - <unknown>
  33:     0x7ffa5e311a30 - <unknown>
  56:     0x7ffa5ed45bfb - <unknown>
  34:     0x7ffa5d96bffb - <unknown>
  57:     0x7ffa5ede151e - <unknown>
  35:     0x7ffa5d9811a3 - <unknown>
  58:     0x7ffa5ee18f75 - <unknown>
  59:     0x7ffa5e416174 - <unknown>
  36:     0x7ffa5da3d833 - <unknown>
  60:     0x7ffa5ed44859 - <unknown>
  37:     0x7ffa5e289350 - <unknown>
  61:     0x7ffa5edddaea - <unknown>
  38:     0x7ffa5df63dd5 - <unknown>
  62:     0x7ffa5ee12762 - <unknown>
  39:     0x7ffa5d97058a - <unknown>
  63:     0x7ffa5e6f9aed - <unknown>
   8:     0x7ffa61fd1146 - <unknown>
  64:     0x7ffa5e69bdf5 - <unknown>
  65:     0x7ffa5ed447db - <unknown>
  40:     0x7ffa5d97a7b3 - <unknown>
  66:     0x7ffa5edea282 - <unknown>
  67:     0x7ffa5ee12572 - <unknown>
  41:     0x7ffa5da58fe3 - <unknown>
  68:     0x7ffa5d706381 - <unknown>
  42:     0x7ffa5b499eb7 - <unknown>
  69:     0x7ffa5d704a4f - <unknown>
  43:     0x7ffa5b49508f - <unknown>
  12:     0x7ffa5ec7f856 - <unknown>
  70:     0x7ffa5d96c9cb - <unknown>
  71:     0x7ffa5ed70d03 - <unknown>
   7:     0x7ffa5dee4448 - <unknown>
  72:     0x7ffa5da407a4 - <unknown>
  73:     0x7ffa5e33049c - <unknown>
  44:     0x7ffa5b4a07f9 - <unknown>
  74:     0x7ffa5ed46e50 - <unknown>
  75:     0x7ffa5ed70d03 - <unknown>
  76:     0x7ffa5ee1f246 - <unknown>
  77:     0x7ffa5d6e69d8 - <unknown>
  78:     0x7ffa5e2f0e82 - <unknown>
  79:     0x7ffa5e317bb0 - <unknown>
  80:     0x7ffa5ed4559b - <unknown>
  81:     0x7ffa5ede17b2 - <unknown>
  82:     0x7ffa5ee16655 - <unknown>
  83:     0x7ffa5d6626e3 - <unknown>
memory allocation of 12560 bytes failed
  84:     0x7ffa5e311a30 - <unknown>
  85:     0x7ffa5d96bffb - <unknown>
  86:     0x7ffa5d9811a3 - <unknown>
  87:     0x7ffa5da3d833 - <unknown>
   9:     0x7ffa61fd1160 - <unknown>
  88:     0x7ffa5e289350 - <unknown>
  89:     0x7ffa5df63dd5 - <unknown>
   8:     0x7ffa61fd1146 - <unknown>
stack backtrace:
  90:     0x7ffa5d97058a - <unknown>
  91:     0x7ffa5d97a7b3 - <unknown>
  45:     0x7ffa5df06e48 - <unknown>
  92:     0x7ffa5da58fe3 - <unknown>
  46:     0x7ffb33127374 - <unknown>
  93:     0x7ffa5b499eb7 - <unknown>
  47:     0x7ffb3457cc91 - <unknown>
   9:     0x7ffa61fd1160 - <unknown>
  94:     0x7ffa5b49508f - <unknown>
  95:     0x7ffa5b4a07f9 - <unknown>
  96:     0x7ffa5df06e48 - <unknown>
   0:     0x7ffa5df09832 - <unknown>
   1:     0x7ffa5df31ae1 - <unknown>
  97:     0x7ffb33127374 - <unknown>
   2:     0x7ffa5df199e4 - <unknown>
  10:     0x7ffa6193db95 - <unknown>
  98:     0x7ffb3457cc91 - <unknown>
  10:     0x7ffa6114ac13 - <unknown>
   3:     0x7ffa5defccdf - <unknown>
  24:     0x7ffa5ea7865d - <unknown>
memory allocation of 344088 bytes failed
  11:     0x7ffa5f1aa866 - <unknown>
stack backtrace:
  12:     0x7ffa5d96d001 - <unknown>
   0:     0x7ffa5df09832 - <unknown>
  13:     0x7ffa5daae7fd - <unknown>
   1:     0x7ffa5df31ae1 - <unknown>
   4:     0x7ffa5dee351c - <unknown>
  11:     0x7ffa5d8b34a8 - <unknown>
   5:     0x7ffa5dee0b4f - <unknown>
   2:     0x7ffa5df199e4 - <unknown>
  14:     0x7ffa5ed48c1c - <unknown>
   6:     0x7ffa5defcd9b - <unknown>
   3:     0x7ffa5defccdf - <unknown>
  12:     0x7ffa5ea6234c - <unknown>
  15:     0x7ffa5da422c7 - <unknown>
   7:     0x7ffa5dee4448 - <unknown>
   4:     0x7ffa5dee351c - <unknown>
  16:     0x7ffa61beef86 - <unknown>
   8:     0x7ffa61fd1146 - <unknown>
  13:     0x7ffa610eb32c - <unknown>
   5:     0x7ffa5dee0b4f - <unknown>
  17:     0x7ffa6144c724 - <unknown>
   9:     0x7ffa5df1ffa5 - <unknown>
   6:     0x7ffa5defcd9b - <unknown>
  14:     0x7ffa5ea51b9b - <unknown>
  18:     0x7ffa5d98647b - <unknown>
  25:     0x7ffa5ea78d7d - <unknown>
  10:     0x7ffa5f6027cc - <unknown>
   7:     0x7ffa5dee4448 - <unknown>
  15:     0x7ffa5d8b3b76 - <unknown>
   8:     0x7ffa61fd1146 - <unknown>
  19:     0x7ffa614e93c6 - <unknown>
  16:     0x7ffa5df5e246 - <unknown>
  20:     0x7ffa61c25618 - <unknown>
memory allocation of 1572864 bytes failed
  11:     0x7ffa5f602d34 - <unknown>
stack backtrace:
   9:     0x7ffa61fd1160 - <unknown>
  21:     0x7ffa60c3010f - <unknown>
  12:     0x7ffa61e6462e - <unknown>
  10:     0x7ffa5f6567c4 - <unknown>
   0:     0x7ffa5df09832 - <unknown>
  22:     0x7ffa60c691aa - <unknown>
  13:     0x7ffa61cc43c7 - <unknown>
  11:     0x7ffa5f1bfcf1 - <unknown>
   1:     0x7ffa5df31ae1 - <unknown>
  23:     0x7ffa5d785d10 - <unknown>
  12:     0x7ffa5f1aa4ad - <unknown>
  14:     0x7ffa61fcfed7 - <unknown>
   2:     0x7ffa5df199e4 - <unknown>
  13:     0x7ffa5ed45000 - <unknown>
  15:     0x7ffa5dd9f24c - <unknown>
  13:     0x7ffa5d96d001 - <unknown>
   3:     0x7ffa5defccdf - <unknown>
  24:     0x7ffa5e64317f - <unknown>
  16:     0x7ffa5dd9f6fb - <unknown>
   4:     0x7ffa5dee351c - <unknown>
  14:     0x7ffa5daae7fd - <unknown>
  25:     0x7ffa5e642a7a - <unknown>
   5:     0x7ffa5dee0b4f - <unknown>
  15:     0x7ffa5ed48c1c - <unknown>
  26:     0x7ffa5e645926 - <unknown>
   6:     0x7ffa5defcd9b - <unknown>
  17:     0x7ffa5dda5fcd - <unknown>
  27:     0x7ffa5e643a8b - <unknown>
   7:     0x7ffa5dee4448 - <unknown>
  18:     0x7ffa5ddb5f1f - <unknown>
  28:     0x7ffa5e642a7a - <unknown>
  19:     0x7ffa5dd9e468 - <unknown>
   8:     0x7ffa61fd1146 - <unknown>
  29:     0x7ffa5e62090c - <unknown>
  30:     0x7ffa5ed44d5a - <unknown>
   9:     0x7ffa61fd1160 - <unknown>
  20:     0x7ffa5b456d16 - <unknown>
  14:     0x7ffa5ed70d03 - <unknown>
  26:     0x7ffa5ea9d9b2 - <unknown>
  31:     0x7ffa5eddc21b - <unknown>
  21:     0x7ffa5ddac23d - <unknown>
  10:     0x7ffa5d742658 - <unknown>
  32:     0x7ffa5ee13c45 - <unknown>
  15:     0x7ffa5ee15634 - <unknown>
  11:     0x7ffa5f09bfa7 - <unknown>
  22:     0x7ffa5dda931a - <unknown>
  33:     0x7ffa5df5b4fb - <unknown>
  23:     0x7ffa61ce6461 - <unknown>
  12:     0x7ffa5f0f7aab - <unknown>
  16:     0x7ffa5e20a625 - <unknown>
  13:     0x7ffa5e209846 - <unknown>
  34:     0x7ffa5df63f0b - <unknown>
  24:     0x7ffa6089c896 - <unknown>
  17:     0x7ffa608f9717 - <unknown>
  14:     0x7ffa608f9717 - <unknown>
  35:     0x7ffa5d97058a - <unknown>
  25:     0x7ffa60883716 - <unknown>
  15:     0x7ffa609283f7 - <unknown>
  36:     0x7ffa5d97a7b3 - <unknown>
  26:     0x7ffa5e111cbb - <unknown>
  16:     0x7ffa608fc520 - <unknown>
  37:     0x7ffa5da58fe3 - <unknown>
  27:     0x7ffa5e12cddb - <unknown>
  17:     0x7ffa5e1e54d3 - <unknown>
  38:     0x7ffa5b499eb7 - <unknown>
  28:     0x7ffa5e146d45 - <unknown>
  18:     0x7ffa5e0e9fd2 - <unknown>
  18:     0x7ffa5e15b35e - <unknown>
  39:     0x7ffa5b49508f - <unknown>
  29:     0x7ffa5e12cb29 - <unknown>
  19:     0x7ffa5e12c385 - <unknown>
  19:     0x7ffa5e10edf2 - <unknown>
  30:     0x7ffa5e1319dd - <unknown>
  20:     0x7ffa5e138e8b - <unknown>
  31:     0x7ffa5e12d3e9 - <unknown>
  21:     0x7ffa5e12cb29 - <unknown>
  32:     0x7ffa5e1a6c81 - <unknown>
   0:     0x7ffa5df09832 - <unknown>
  40:     0x7ffa5b4a07f9 - <unknown>
  22:     0x7ffa5e146d45 - <unknown>
  27:     0x7ffa5d8bac4d - <unknown>
  33:     0x7ffa5e1a9567 - <unknown>
   0:     0x7ffa5df09832 - <unknown>
  41:     0x7ffa5df06e48 - <unknown>
  23:     0x7ffa5e12cb29 - <unknown>
   1:     0x7ffa5df31ae1 - <unknown>
  34:     0x7ffa5e12cd31 - <unknown>
   2:     0x7ffa5df199e4 - <unknown>
   3:     0x7ffa5defccdf - <unknown>
  24:     0x7ffa5e1319dd - <unknown>
   4:     0x7ffa5dee351c - <unknown>
  20:     0x7ffa5e12cddb - <unknown>
   5:     0x7ffa5dee0b4f - <unknown>
  35:     0x7ffa5e229df2 - <unknown>
   6:     0x7ffa5defcd9b - <unknown>
   7:     0x7ffa5dee4448 - <unknown>
  42:     0x7ffb33127374 - <unknown>
  25:     0x7ffa5e12d3e9 - <unknown>
   8:     0x7ffa61fd1146 - <unknown>
  36:     0x7ffa5e15f5a7 - <unknown>
   9:     0x7ffa61fd1160 - <unknown>
  10:     0x7ffa6193db95 - <unknown>
  11:     0x7ffa5f1aa866 - <unknown>
  26:     0x7ffa5e10ed47 - <unknown>
  37:     0x7ffa5e12daa8 - <unknown>
  12:     0x7ffa5d96d001 - <unknown>
  13:     0x7ffa5daae7fd - <unknown>
  14:     0x7ffa5ed48c1c - <unknown>
  43:     0x7ffb3457cc91 - <unknown>
  21:     0x7ffa5e12d125 - <unknown>
  15:     0x7ffa5da422c7 - <unknown>
  38:     0x7ffa5e1a6c81 - <unknown>
  27:     0x7ffa5e12cddb - <unknown>
  16:     0x7ffa5ead3d8c - <unknown>
memory allocation of 16384 bytes failed
  22:     0x7ffa5e106104 - <unknown>
  39:     0x7ffa5e1a9567 - <unknown>
  28:     0x7ffa5e1a6c81 - <unknown>
  17:     0x7ffa610ea587 - <unknown>
  18:     0x7ffa5ea51b9b - <unknown>
  19:     0x7ffa5d8b3b76 - <unknown>
  20:     0x7ffa5df5e246 - <unknown>
stack backtrace:
  21:     0x7ffa5b509940 - <unknown>
  23:     0x7ffa5e12caac - <unknown>
   0:     0x7ffa5df09832 - <unknown>
  22:     0x7ffa5d96f8c3 - <unknown>
  23:     0x7ffa5daba51d - <unknown>
  40:     0x7ffa5e12cd31 - <unknown>
  24:     0x7ffa5d97c9f5 - <unknown>
  29:     0x7ffa5e1a9567 - <unknown>
  25:     0x7ffa5da52318 - <unknown>
  24:     0x7ffa5e1319dd - <unknown>
   1:     0x7ffa5df31ae1 - <unknown>
  26:     0x7ffa5dd32755 - <unknown>
  27:     0x7ffa5b499df8 - <unknown>
  41:     0x7ffa5e229df2 - <unknown>
  28:     0x7ffa5b49508f - <unknown>
  29:     0x7ffa5b4a07f9 - <unknown>
  25:     0x7ffa5e12d3e9 - <unknown>
  30:     0x7ffa5df06e48 - <unknown>
  30:     0x7ffa5e12cd31 - <unknown>
   2:     0x7ffa5df199e4 - <unknown>
  42:     0x7ffa5e0be5dd - <unknown>
  26:     0x7ffa5e1a947d - <unknown>
   1:     0x7ffa5df31ae1 - <unknown>
  31:     0x7ffa5e229df2 - <unknown>
   3:     0x7ffa5defccdf - <unknown>
  43:     0x7ffa5e0d0ac0 - <unknown>
  27:     0x7ffa5e12cd31 - <unknown>
  31:     0x7ffb33127374 - BaseThreadInitThunk
  32:     0x7ffb3457cc91 - RtlUserThreadStart
warning: `server` (test "slash_commands_pool_test") generated 1 warning
error: could not compile `server` (test "slash_commands_pool_test") due to 2 previous errors; 1 warning emitted

Caused by:
  process didn't exit successfully: `D:\RUST\.rustup\toolchains\nightly-2025-12-04-x86_64-pc-windows-msvc\bin\rustc.exe --crate-name slash_commands_pool_test --edition=2024 'crates\server\tests\slash_commands_pool_test.rs' --error-format=json --json=diagnostic-rendered-ansi,artifacts,future-incompat --emit=dep-info,link -C opt-level=3 -C embed-bitcode=no -C debuginfo=1 -C split-debuginfo=packed '--allow=clippy::uninlined-format-args' --test --cfg 'feature="default"' --check-cfg 'cfg(docsrs,test)' --check-cfg 'cfg(feature, values("default", "qa-mode"))' -C metadata=bd1484ebd209a305 -C extra-filename=-98832b7ebd100609 --out-dir 'E:\GitCortex\.worktrees\phase-26-terminal-output-persistence\target\release\deps' -C strip=symbols -L 'dependency=E:\GitCortex\.worktrees\phase-26-terminal-output-persistence\target\release\deps' --extern 'anyhow=E:\GitCortex\.worktrees\phase-26-terminal-output-persistence\target\release\deps\libanyhow-a304bfc9c1bc5825.rlib' --extern 'axum=E:\GitCortex\.worktrees\phase-26-terminal-output-persistence\target\release\deps\libaxum-193fee14da03ae9d.rlib' --extern 'chrono=E:\GitCortex\.worktrees\phase-26-terminal-output-persistence\target\release\deps\libchrono-29362de2900dd130.rlib' --extern 'criterion=E:\GitCortex\.worktrees\phase-26-terminal-output-persistence\target\release\deps\libcriterion-a12264117fdde5f8.rlib' --extern 'db=E:\GitCortex\.worktrees\phase-26-terminal-output-persistence\target\release\deps\libdb-634c77a1c34e58ce.rlib' --extern 'deployment=E:\GitCortex\.worktrees\phase-26-terminal-output-persistence\target\release\deps\libdeployment-d22d2068bb8384df.rlib' --extern 'dotenv=E:\GitCortex\.worktrees\phase-26-terminal-output-persistence\target\release\deps\libdotenv-2daff52ca9ff4348.rlib' --extern 'executors=E:\GitCortex\.worktrees\phase-26-terminal-output-persistence\target\release\deps\libexecutors-8dfe5da866186690.rlib' --extern 'futures_util=E:\GitCortex\.worktrees\phase-26-terminal-output-persistence\target\release\deps\libfutures_util-138920ac001c36c6.rlib' --extern 'git2=E:\GitCortex\.worktrees\phase-26-terminal-output-persistence\target\release\deps\libgit2-a4ba38925c6dc355.rlib' --extern 'http_body_util=E:\GitCortex\.worktrees\phase-26-terminal-output-persistence\target\release\deps\libhttp_body_util-5eb07d755ad0f094.rlib' --extern 'hyper=E:\GitCortex\.worktrees\phase-26-terminal-output-persistence\target\release\deps\libhyper-59672180e9111b22.rlib' --extern 'ignore=E:\GitCortex\.worktrees\phase-26-terminal-output-persistence\target\release\deps\libignore-a8f61e453a4f98d1.rlib' --extern 'local_deployment=E:\GitCortex\.worktrees\phase-26-terminal-output-persistence\target\release\deps\liblocal_deployment-04db4877fba1168f.rlib' --extern 'mime_guess=E:\GitCortex\.worktrees\phase-26-terminal-output-persistence\target\release\deps\libmime_guess-8a3236af6e5564c1.rlib' --extern 'nix=E:\GitCortex\.worktrees\phase-26-terminal-output-persistence\target\release\deps\libnix-0329ddb3639d72cc.rlib' --extern 'once_cell=E:\GitCortex\.worktrees\phase-26-terminal-output-persistence\target\release\deps\libonce_cell-eef48ee747e7e306.rlib' --extern 'os_info=E:\GitCortex\.worktrees\phase-26-terminal-output-persistence\target\release\deps\libos_info-764e7fb8a3a030dd.rlib' --extern 'rand=E:\GitCortex\.worktrees\phase-26-terminal-output-persistence\target\release\deps\librand-240cd296cdfba10c.rlib' --extern 'raw_window_handle=E:\GitCortex\.worktrees\phase-26-terminal-output-persistence\target\release\deps\libraw_window_handle-d0ab343855468174.rlib' --extern 'regex=E:\GitCortex\.worktrees\phase-26-terminal-output-persistence\target\release\deps\libregex-14d9973cc2d403aa.rlib' --extern 'reqwest=E:\GitCortex\.worktrees\phase-26-terminal-output-persistence\target\release\deps\libreqwest-c518c4e8914ae580.rlib' --extern 'rfd=E:\GitCortex\.worktrees\phase-26-terminal-output-persistence\target\release\deps\librfd-c9e84b900f3b2502.rlib' --extern 'rmcp=E:\GitCortex\.worktrees\phase-26-terminal-output-persistence\target\release\deps\librmcp-90776f9c597f41d2.rlib' --extern 'rust_embed=E:\GitCortex\.worktrees\phase-26-terminal-output-persistence\target\release\deps\librust_embed-4adc6947973eaa73.rlib' --extern 'rustls=E:\GitCortex\.worktrees\phase-26-terminal-output-persistence\target\release\deps\librustls-70578b2cacfc4d5d.rlib' --extern 'schemars=E:\GitCortex\.worktrees\phase-26-terminal-output-persistence\target\release\deps\libschemars-c106f06778cd573a.rlib' --extern 'secrecy=E:\GitCortex\.worktrees\phase-26-terminal-output-persistence\target\release\deps\libsecrecy-2c84a46b94d346d1.rlib' --extern 'sentry=E:\GitCortex\.worktrees\phase-26-terminal-output-persistence\target\release\deps\libsentry-a6418c0b7a8d9b66.rlib' --extern 'serde=E:\GitCortex\.worktrees\phase-26-terminal-output-persistence\target\release\deps\libserde-3871011f22bf5599.rlib' --extern 'serde_json=E:\GitCortex\.worktrees\phase-26-terminal-output-persistence\target\release\deps\libserde_json-9743be2bb68373b2.rlib' --extern 'serial_test=E:\GitCortex\.worktrees\phase-26-terminal-output-persistence\target\release\deps\libserial_test-959de6efa3b3435e.rlib' --extern 'server=E:\GitCortex\.worktrees\phase-26-terminal-output-persistence\target\release\deps\libserver-a6fee0345c6f9754.rlib' --extern 'services=E:\GitCortex\.worktrees\phase-26-terminal-output-persistence\target\release\deps\libservices-ab5cccb101ae9ad7.rlib' --extern 'sha2=E:\GitCortex\.worktrees\phase-26-terminal-output-persistence\target\release\deps\libsha2-531086ad4a628d21.rlib' --extern 'shlex=E:\GitCortex\.worktrees\phase-26-terminal-output-persistence\target\release\deps\libshlex-54bb3df747b58ff6.rlib' --extern 'sqlx=E:\GitCortex\.worktrees\phase-26-terminal-output-persistence\target\release\deps\libsqlx-55eff546f6f1a75f.rlib' --extern 'strip_ansi_escapes=E:\GitCortex\.worktrees\phase-26-terminal-output-persistence\target\release\deps\libstrip_ansi_escapes-a3dafcfe50c08d92.rlib' --extern 'strum=E:\GitCortex\.worktrees\phase-26-terminal-output-persistence\target\release\deps\libstrum-60f596d88579b8a3.rlib' --extern 'sysinfo=E:\GitCortex\.worktrees\phase-26-terminal-output-persistence\target\release\deps\libsysinfo-b8e67c9839a22d45.rlib' --extern 'tempfile=E:\GitCortex\.worktrees\phase-26-terminal-output-persistence\target\release\deps\libtempfile-6a04d8a809a0c8fb.rlib' --extern 'thiserror=E:\GitCortex\.worktrees\phase-26-terminal-output-persistence\target\release\deps\libthiserror-5cb35f94fb406266.rlib' --extern 'tokio=E:\GitCortex\.worktrees\phase-26-terminal-output-persistence\target\release\deps\libtokio-57ca6baefeef9758.rlib' --extern 'tokio_tungstenite=E:\GitCortex\.worktrees\phase-26-terminal-output-persistence\target\release\deps\libtokio_tungstenite-1163f121484e53f0.rlib' --extern 'tokio_util=E:\GitCortex\.worktrees\phase-26-terminal-output-persistence\target\release\deps\libtokio_util-d2f66b35416d8305.rlib' --extern 'tower=E:\GitCortex\.worktrees\phase-26-terminal-output-persistence\target\release\deps\libtower-8abc62f84f906df3.rlib' --extern 'tracing=E:\GitCortex\.worktrees\phase-26-terminal-output-persistence\target\release\deps\libtracing-fe391a6383813af7.rlib' --extern 'tracing_subscriber=E:\GitCortex\.worktrees\phase-26-terminal-output-persistence\target\release\deps\libtracing_subscriber-711e1ae1b8c1560c.rlib' --extern 'ts_rs=E:\GitCortex\.worktrees\phase-26-terminal-output-persistence\target\release\deps\libts_rs-d28052fb56078252.rlib' --extern 'url=E:\GitCortex\.worktrees\phase-26-terminal-output-persistence\target\release\deps\liburl-04231a871d9497ac.rlib' --extern 'utils=E:\GitCortex\.worktrees\phase-26-terminal-output-persistence\target\release\deps\libutils-4545701a3247f886.rlib' --extern 'uuid=E:\GitCortex\.worktrees\phase-26-terminal-output-persistence\target\release\deps\libuuid-6798dd711abc8900.rlib' --extern 'windows_sys=E:\GitCortex\.worktrees\phase-26-terminal-output-persistence\target\release\deps\libwindows_sys-fcb98bceeaf0ecfd.rlib' --extern 'wiremock=E:\GitCortex\.worktrees\phase-26-terminal-output-persistence\target\release\deps\libwiremock-7ff5dcee06e7e50d.rlib' -C 'link-arg=/DEBUG:FASTLINK' -C 'link-arg=/DEBUG:FASTLINK' -L 'native=E:\GitCortex\.worktrees\phase-26-terminal-output-persistence\target\release\build\aws-lc-sys-c158319abae87f83\out\build\artifacts' -L 'native=E:\GitCortex\.worktrees\phase-26-terminal-output-persistence\target\release\build\libsqlite3-sys-61a98c17ef59c640\out' -L 'native=E:\GitCortex\.worktrees\phase-26-terminal-output-persistence\target\release\build\libgit2-sys-6239d80226de3d2b\out\build' -L 'native=E:\GitCortex\.worktrees\phase-26-terminal-output-persistence\target\release\build\libz-sys-05307365c8079003\out\lib' -L 'native=E:\GitCortex\.worktrees\phase-26-terminal-output-persistence\target\release\build\libz-sys-05307365c8079003\out\lib' -L 'native=D:\RUST\.cargo\registry\src\index.crates.io-1949cf8c6b5b557f\windows_x86_64_msvc-0.53.1\lib' -L 'native=D:\RUST\.cargo\registry\src\index.crates.io-1949cf8c6b5b557f\windows_x86_64_msvc-0.48.5\lib' -L 'native=D:\RUST\.cargo\registry\src\index.crates.io-1949cf8c6b5b557f\windows_x86_64_msvc-0.52.6\lib'` (exit code: 0xc0000409, STATUS_STACK_BUFFER_OVERRUN)
warning: build failed, waiting for other jobs to finish...
error[E0432]: unresolved import `server::create_app`
 --> crates\server\tests\terminal_stop_test.rs:8:5
  |
8 | use server::create_app;
  |     ^^^^^^^^^^^^^^^^^^ no `create_app` in the root

  28:     0x7ffa5e229df2 - rustc_hir_typeck[1bfbfb5f1d3ea18d]::intrinsicck::check_transmutes
warning: unused imports: `Method`, `Request`, `StatusCode`, and `body::Body`
 --> crates\server\tests\terminal_stop_test.rs:2:5
  |
2 |     body::Body,
  |     ^^^^^^^^^^
3 |     http::{Method, Request, StatusCode},
  |            ^^^^^^  ^^^^^^^  ^^^^^^^^^^
  |
  = note: `#[warn(unused_imports)]` (part of `#[warn(unused)]`) on by default

warning: unused import: `serde_json::json`
 --> crates\server\tests\terminal_stop_test.rs:5:5
  |
5 | use serde_json::json;
  |     ^^^^^^^^^^^^^^^^

warning: unused import: `tower::ServiceExt`
 --> crates\server\tests\terminal_stop_test.rs:6:5
  |
6 | use tower::ServiceExt;
  |     ^^^^^^^^^^^^^^^^^

  29:     0x7ffa5e15f5a7 - rustc_hir_typeck[1bfbfb5f1d3ea18d]::typeck
   4:     0x7ffa5dee351c - std::alloc::rust_oom::closure$0
                               at /rustc/83e49b75e7daf827e4390ae0ccbcb0d0e2c96493/library\std\src\alloc.rs:439
   5:     0x7ffa5dee0b4f - std::sys::backtrace::__rust_end_short_backtrace<std::alloc::rust_oom::closure_env$0,never$>
                               at /rustc/83e49b75e7daf827e4390ae0ccbcb0d0e2c96493/library\std\src\sys\backtrace.rs:176
   2:     0x7ffa5df199e4 - std::io::default_write_fmt
                               at /rustc/83e49b75e7daf827e4390ae0ccbcb0d0e2c96493/library\std\src\io\mod.rs:614
  28:     0x7ffa5ea7a976 - RINvMs6_NtCsisZ5AINT1la_9hashbrown3rawINtB6_8RawTablejE14reserve_rehashNCINvNtNtCs90IK5fHQQkE_8indexmap3map4core8get_hashNtNtCsbGBXJX5sA31_10rustc_span6symbol5IdentINtNtCseF1xlDwJuEU_9rustc_hir3def3ResNtNtCsbXz9WJxfmV_9rustc_ast7node_id6NodeIdEE0ECsc1McMC3
  30:     0x7ffa5e12daa8 - rustc_hir_typeck[1bfbfb5f1d3ea18d]::typeck
   3:     0x7ffa5defccdf - std::sys::backtrace::BacktraceLock::print
                               at /rustc/83e49b75e7daf827e4390ae0ccbcb0d0e2c96493/library\std\src\sys\backtrace.rs:41
   6:     0x7ffa5defcd9b - std::alloc::rust_oom
                               at /rustc/83e49b75e7daf827e4390ae0ccbcb0d0e2c96493/library\std\src\alloc.rs:435
  31:     0x7ffa5e1a6c81 - rustc_hir_typeck[1bfbfb5f1d3ea18d]::typeck
  44:     0x7ffa5ed46dab - RINvMs6_NtCsgz2aUrXY3Tp_9hashbrown3rawINtB6_8RawTableTNtNtNtCs3g3ukGuukiB_18rustc_query_system9dep_graph8dep_node7DepNodeTNtNtCsbGBXJX5sA31_10rustc_span6def_id5DefIdNtNtCsfRxa6NCpQur_13rustc_type_ir5solve14SizedTraitKindEEE14reserve_rehashNCINvNtB8_3map11m
   4:     0x7ffa5defccdf - std::alloc::default_alloc_error_hook
                               at /rustc/83e49b75e7daf827e4390ae0ccbcb0d0e2c96493/library\std\src\alloc.rs:408
  29:     0x7ffa5eb060c6 - <rustc_resolve[8c1af89279765491]::late::LateResolutionVisitor as rustc_ast[23f3bc78721fa13]::visit::Visitor>::visit_local
   5:     0x7ffa5dee351c - std::alloc::rust_oom::closure$0
                               at /rustc/83e49b75e7daf827e4390ae0ccbcb0d0e2c96493/library\std\src\alloc.rs:439
   7:     0x7ffa5dee4448 - std::alloc::_::__rust_alloc_error_handler
                               at /rustc/83e49b75e7daf827e4390ae0ccbcb0d0e2c96493/library\std\src\alloc.rs:434
  32:     0x7ffa5e1a9567 - rustc_hir_typeck[1bfbfb5f1d3ea18d]::typeck
  45:     0x7ffa5edea282 - RINvNtNtCs3g3ukGuukiB_18rustc_query_system5query8plumbing17try_execute_queryINtCslvafsSmu2ar_16rustc_query_impl13DynamicConfigINtNtCs1Fy0pGx6Mev_21rustc_data_structures9vec_cache8VecCacheNtNtCsbGBXJX5sA31_10rustc_span6def_id10LocalDefIdINtNtNtCs2e14MyY4FST
   6:     0x7ffa5dee0b4f - std::sys::backtrace::__rust_end_short_backtrace<std::alloc::rust_oom::closure_env$0,never$>
                               at /rustc/83e49b75e7daf827e4390ae0ccbcb0d0e2c96493/library\std\src\sys\backtrace.rs:176
error: could not compile `server` (test "workflow_api_test")

Caused by:
  process didn't exit successfully: `D:\RUST\.rustup\toolchains\nightly-2025-12-04-x86_64-pc-windows-msvc\bin\rustc.exe --crate-name workflow_api_test --edition=2024 'crates\server\tests\workflow_api_test.rs' --error-format=json --json=diagnostic-rendered-ansi,artifacts,future-incompat --emit=dep-info,link -C opt-level=3 -C embed-bitcode=no -C debuginfo=1 -C split-debuginfo=packed '--allow=clippy::uninlined-format-args' --test --cfg 'feature="default"' --check-cfg 'cfg(docsrs,test)' --check-cfg 'cfg(feature, values("default", "qa-mode"))' -C metadata=7b23a9bd7882dcdf -C extra-filename=-701a5f0289604268 --out-dir 'E:\GitCortex\.worktrees\phase-26-terminal-output-persistence\target\release\deps' -C strip=symbols -L 'dependency=E:\GitCortex\.worktrees\phase-26-terminal-output-persistence\target\release\deps' --extern 'anyhow=E:\GitCortex\.worktrees\phase-26-terminal-output-persistence\target\release\deps\libanyhow-a304bfc9c1bc5825.rlib' --extern 'axum=E:\GitCortex\.worktrees\phase-26-terminal-output-persistence\target\release\deps\libaxum-193fee14da03ae9d.rlib' --extern 'chrono=E:\GitCortex\.worktrees\phase-26-terminal-output-persistence\target\release\deps\libchrono-29362de2900dd130.rlib' --extern 'criterion=E:\GitCortex\.worktrees\phase-26-terminal-output-persistence\target\release\deps\libcriterion-a12264117fdde5f8.rlib' --extern 'db=E:\GitCortex\.worktrees\phase-26-terminal-output-persistence\target\release\deps\libdb-634c77a1c34e58ce.rlib' --extern 'deployment=E:\GitCortex\.worktrees\phase-26-terminal-output-persistence\target\release\deps\libdeployment-d22d2068bb8384df.rlib' --extern 'dotenv=E:\GitCortex\.worktrees\phase-26-terminal-output-persistence\target\release\deps\libdotenv-2daff52ca9ff4348.rlib' --extern 'executors=E:\GitCortex\.worktrees\phase-26-terminal-output-persistence\target\release\deps\libexecutors-8dfe5da866186690.rlib' --extern 'futures_util=E:\GitCortex\.worktrees\phase-26-terminal-output-persistence\target\release\deps\libfutures_util-138920ac001c36c6.rlib' --extern 'git2=E:\GitCortex\.worktrees\phase-26-terminal-output-persistence\target\release\deps\libgit2-a4ba38925c6dc355.rlib' --extern 'http_body_util=E:\GitCortex\.worktrees\phase-26-terminal-output-persistence\target\release\deps\libhttp_body_util-5eb07d755ad0f094.rlib' --extern 'hyper=E:\GitCortex\.worktrees\phase-26-terminal-output-persistence\target\release\deps\libhyper-59672180e9111b22.rlib' --extern 'ignore=E:\GitCortex\.worktrees\phase-26-terminal-output-persistence\target\release\deps\libignore-a8f61e453a4f98d1.rlib' --extern 'local_deployment=E:\GitCortex\.worktrees\phase-26-terminal-output-persistence\target\release\deps\liblocal_deployment-04db4877fba1168f.rlib' --extern 'mime_guess=E:\GitCortex\.worktrees\phase-26-terminal-output-persistence\target\release\deps\libmime_guess-8a3236af6e5564c1.rlib' --extern 'nix=E:\GitCortex\.worktrees\phase-26-terminal-output-persistence\target\release\deps\libnix-0329ddb3639d72cc.rlib' --extern 'once_cell=E:\GitCortex\.worktrees\phase-26-terminal-output-persistence\target\release\deps\libonce_cell-eef48ee747e7e306.rlib' --extern 'os_info=E:\GitCortex\.worktrees\phase-26-terminal-output-persistence\target\release\deps\libos_info-764e7fb8a3a030dd.rlib' --extern 'rand=E:\GitCortex\.worktrees\phase-26-terminal-output-persistence\target\release\deps\librand-240cd296cdfba10c.rlib' --extern 'raw_window_handle=E:\GitCortex\.worktrees\phase-26-terminal-output-persistence\target\release\deps\libraw_window_handle-d0ab343855468174.rlib' --extern 'regex=E:\GitCortex\.worktrees\phase-26-terminal-output-persistence\target\release\deps\libregex-14d9973cc2d403aa.rlib' --extern 'reqwest=E:\GitCortex\.worktrees\phase-26-terminal-output-persistence\target\release\deps\libreqwest-c518c4e8914ae580.rlib' --extern 'rfd=E:\GitCortex\.worktrees\phase-26-terminal-output-persistence\target\release\deps\librfd-c9e84b900f3b2502.rlib' --extern 'rmcp=E:\GitCortex\.worktrees\phase-26-terminal-output-persistence\target\release\deps\librmcp-90776f9c597f41d2.rlib' --extern 'rust_embed=E:\GitCortex\.worktrees\phase-26-terminal-output-persistence\target\release\deps\librust_embed-4adc6947973eaa73.rlib' --extern 'rustls=E:\GitCortex\.worktrees\phase-26-terminal-output-persistence\target\release\deps\librustls-70578b2cacfc4d5d.rlib' --extern 'schemars=E:\GitCortex\.worktrees\phase-26-terminal-output-persistence\target\release\deps\libschemars-c106f06778cd573a.rlib' --extern 'secrecy=E:\GitCortex\.worktrees\phase-26-terminal-output-persistence\target\release\deps\libsecrecy-2c84a46b94d346d1.rlib' --extern 'sentry=E:\GitCortex\.worktrees\phase-26-terminal-output-persistence\target\release\deps\libsentry-a6418c0b7a8d9b66.rlib' --extern 'serde=E:\GitCortex\.worktrees\phase-26-terminal-output-persistence\target\release\deps\libserde-3871011f22bf5599.rlib' --extern 'serde_json=E:\GitCortex\.worktrees\phase-26-terminal-output-persistence\target\release\deps\libserde_json-9743be2bb68373b2.rlib' --extern 'serial_test=E:\GitCortex\.worktrees\phase-26-terminal-output-persistence\target\release\deps\libserial_test-959de6efa3b3435e.rlib' --extern 'server=E:\GitCortex\.worktrees\phase-26-terminal-output-persistence\target\release\deps\libserver-a6fee0345c6f9754.rlib' --extern 'services=E:\GitCortex\.worktrees\phase-26-terminal-output-persistence\target\release\deps\libservices-ab5cccb101ae9ad7.rlib' --extern 'sha2=E:\GitCortex\.worktrees\phase-26-terminal-output-persistence\target\release\deps\libsha2-531086ad4a628d21.rlib' --extern 'shlex=E:\GitCortex\.worktrees\phase-26-terminal-output-persistence\target\release\deps\libshlex-54bb3df747b58ff6.rlib' --extern 'sqlx=E:\GitCortex\.worktrees\phase-26-terminal-output-persistence\target\release\deps\libsqlx-55eff546f6f1a75f.rlib' --extern 'strip_ansi_escapes=E:\GitCortex\.worktrees\phase-26-terminal-output-persistence\target\release\deps\libstrip_ansi_escapes-a3dafcfe50c08d92.rlib' --extern 'strum=E:\GitCortex\.worktrees\phase-26-terminal-output-persistence\target\release\deps\libstrum-60f596d88579b8a3.rlib' --extern 'sysinfo=E:\GitCortex\.worktrees\phase-26-terminal-output-persistence\target\release\deps\libsysinfo-b8e67c9839a22d45.rlib' --extern 'tempfile=E:\GitCortex\.worktrees\phase-26-terminal-output-persistence\target\release\deps\libtempfile-6a04d8a809a0c8fb.rlib' --extern 'thiserror=E:\GitCortex\.worktrees\phase-26-terminal-output-persistence\target\release\deps\libthiserror-5cb35f94fb406266.rlib' --extern 'tokio=E:\GitCortex\.worktrees\phase-26-terminal-output-persistence\target\release\deps\libtokio-57ca6baefeef9758.rlib' --extern 'tokio_tungstenite=E:\GitCortex\.worktrees\phase-26-terminal-output-persistence\target\release\deps\libtokio_tungstenite-1163f121484e53f0.rlib' --extern 'tokio_util=E:\GitCortex\.worktrees\phase-26-terminal-output-persistence\target\release\deps\libtokio_util-d2f66b35416d8305.rlib' --extern 'tower=E:\GitCortex\.worktrees\phase-26-terminal-output-persistence\target\release\deps\libtower-8abc62f84f906df3.rlib' --extern 'tracing=E:\GitCortex\.worktrees\phase-26-terminal-output-persistence\target\release\deps\libtracing-fe391a6383813af7.rlib' --extern 'tracing_subscriber=E:\GitCortex\.worktrees\phase-26-terminal-output-persistence\target\release\deps\libtracing_subscriber-711e1ae1b8c1560c.rlib' --extern 'ts_rs=E:\GitCortex\.worktrees\phase-26-terminal-output-persistence\target\release\deps\libts_rs-d28052fb56078252.rlib' --extern 'url=E:\GitCortex\.worktrees\phase-26-terminal-output-persistence\target\release\deps\liburl-04231a871d9497ac.rlib' --extern 'utils=E:\GitCortex\.worktrees\phase-26-terminal-output-persistence\target\release\deps\libutils-4545701a3247f886.rlib' --extern 'uuid=E:\GitCortex\.worktrees\phase-26-terminal-output-persistence\target\release\deps\libuuid-6798dd711abc8900.rlib' --extern 'windows_sys=E:\GitCortex\.worktrees\phase-26-terminal-output-persistence\target\release\deps\libwindows_sys-fcb98bceeaf0ecfd.rlib' --extern 'wiremock=E:\GitCortex\.worktrees\phase-26-terminal-output-persistence\target\release\deps\libwiremock-7ff5dcee06e7e50d.rlib' -C 'link-arg=/DEBUG:FASTLINK' -C 'link-arg=/DEBUG:FASTLINK' -L 'native=E:\GitCortex\.worktrees\phase-26-terminal-output-persistence\target\release\build\aws-lc-sys-c158319abae87f83\out\build\artifacts' -L 'native=E:\GitCortex\.worktrees\phase-26-terminal-output-persistence\target\release\build\libsqlite3-sys-61a98c17ef59c640\out' -L 'native=E:\GitCortex\.worktrees\phase-26-terminal-output-persistence\target\release\build\libgit2-sys-6239d80226de3d2b\out\build' -L 'native=E:\GitCortex\.worktrees\phase-26-terminal-output-persistence\target\release\build\libz-sys-05307365c8079003\out\lib' -L 'native=E:\GitCortex\.worktrees\phase-26-terminal-output-persistence\target\release\build\libz-sys-05307365c8079003\out\lib' -L 'native=D:\RUST\.cargo\registry\src\index.crates.io-1949cf8c6b5b557f\windows_x86_64_msvc-0.53.1\lib' -L 'native=D:\RUST\.cargo\registry\src\index.crates.io-1949cf8c6b5b557f\windows_x86_64_msvc-0.48.5\lib' -L 'native=D:\RUST\.cargo\registry\src\index.crates.io-1949cf8c6b5b557f\windows_x86_64_msvc-0.52.6\lib'` (exit code: 0xc0000409, STATUS_STACK_BUFFER_OVERRUN)
  33:     0x7ffa5e12cd31 - rustc_hir_typeck[1bfbfb5f1d3ea18d]::typeck
  30:     0x7ffa5ea9d9db - RINvMs6_NtCsisZ5AINT1la_9hashbrown3rawINtB6_8RawTablejE14reserve_rehashNCINvNtNtCs90IK5fHQQkE_8indexmap3map4core8get_hashNtNtCsbGBXJX5sA31_10rustc_span6symbol5IdentINtNtCseF1xlDwJuEU_9rustc_hir3def3ResNtNtCsbXz9WJxfmV_9rustc_ast7node_id6NodeIdEE0ECsc1McMC3
  46:     0x7ffa5ee1ed62 - rustc_query_impl[fa7471587d55ebc1]::plumbing::query_key_hash_verify_all
   7:     0x7ffa5defcd9b - std::alloc::rust_oom
                               at /rustc/83e49b75e7daf827e4390ae0ccbcb0d0e2c96493/library\std\src\alloc.rs:435
  34:     0x7ffa5e229df2 - rustc_hir_typeck[1bfbfb5f1d3ea18d]::intrinsicck::check_transmutes
   0:     0x7ffa5df09832 - std::backtrace_rs::backtrace::win64::trace
                               at /rustc/83e49b75e7daf827e4390ae0ccbcb0d0e2c96493/library\std\src\..\..\backtrace\src\backtrace\win64.rs:85
  31:     0x7ffa5eb0d64e - <rustc_resolve[8c1af89279765491]::late::LateResolutionVisitor as rustc_ast[23f3bc78721fa13]::visit::Visitor>::visit_fn
  47:     0x7ffa5e289c5d - rustc_hir_analysis[e742de6bb5fb435d]::check_crate
   1:     0x7ffa5df09832 - std::backtrace_rs::backtrace::trace_unsynchronized
                               at /rustc/83e49b75e7daf827e4390ae0ccbcb0d0e2c96493/library\std\src\..\..\backtrace\src\backtrace\mod.rs:66
error: could not compile `services` (test "terminal_integration")

Caused by:
  process didn't exit successfully: `D:\RUST\.rustup\toolchains\nightly-2025-12-04-x86_64-pc-windows-msvc\bin\rustc.exe --crate-name terminal_integration --edition=2024 'crates\services\tests\terminal_integration.rs' --error-format=json --json=diagnostic-rendered-ansi,artifacts,future-incompat --emit=dep-info,link -C opt-level=3 -C embed-bitcode=no -C debuginfo=1 -C split-debuginfo=packed --test --cfg 'feature="default"' --check-cfg 'cfg(docsrs,test)' --check-cfg 'cfg(feature, values("cloud", "default", "qa-mode"))' -C metadata=89d3c863f78f7203 -C extra-filename=-e3b1c672110fee25 --out-dir 'E:\GitCortex\.worktrees\phase-26-terminal-output-persistence\target\release\deps' -C strip=symbols -L 'dependency=E:\GitCortex\.worktrees\phase-26-terminal-output-persistence\target\release\deps' --extern 'anyhow=E:\GitCortex\.worktrees\phase-26-terminal-output-persistence\target\release\deps\libanyhow-a304bfc9c1bc5825.rlib' --extern 'async_trait=E:\GitCortex\.worktrees\phase-26-terminal-output-persistence\target\release\deps\async_trait-345bd5ac7a9f3a37.dll' --extern 'axum=E:\GitCortex\.worktrees\phase-26-terminal-output-persistence\target\release\deps\libaxum-193fee14da03ae9d.rlib' --extern 'backon=E:\GitCortex\.worktrees\phase-26-terminal-output-persistence\target\release\deps\libbackon-5fbf6afad41eda10.rlib' --extern 'base64=E:\GitCortex\.worktrees\phase-26-terminal-output-persistence\target\release\deps\libbase64-964e1270fd7f5803.rlib' --extern 'cc_switch=E:\GitCortex\.worktrees\phase-26-terminal-output-persistence\target\release\deps\libcc_switch-0fda9cadbd5a018c.rlib' --extern 'chrono=E:\GitCortex\.worktrees\phase-26-terminal-output-persistence\target\release\deps\libchrono-29362de2900dd130.rlib' --extern 'dashmap=E:\GitCortex\.worktrees\phase-26-terminal-output-persistence\target\release\deps\libdashmap-b4c582f6a29274e9.rlib' --extern 'db=E:\GitCortex\.worktrees\phase-26-terminal-output-persistence\target\release\deps\libdb-634c77a1c34e58ce.rlib' --extern 'dirs=E:\GitCortex\.worktrees\phase-26-terminal-output-persistence\target\release\deps\libdirs-9627e8290125819e.rlib' --extern 'dunce=E:\GitCortex\.worktrees\phase-26-terminal-output-persistence\target\release\deps\libdunce-540e3fd8bb9a2cf0.rlib' --extern 'enum_dispatch=E:\GitCortex\.worktrees\phase-26-terminal-output-persistence\target\release\deps\enum_dispatch-6bde7a63c4f6060a.dll' --extern 'executors=E:\GitCortex\.worktrees\phase-26-terminal-output-persistence\target\release\deps\libexecutors-8dfe5da866186690.rlib' --extern 'fst=E:\GitCortex\.worktrees\phase-26-terminal-output-persistence\target\release\deps\libfst-22d111020f9c5840.rlib' --extern 'futures=E:\GitCortex\.worktrees\phase-26-terminal-output-persistence\target\release\deps\libfutures-82d1b43bc1c08bf3.rlib' --extern 'futures_util=E:\GitCortex\.worktrees\phase-26-terminal-output-persistence\target\release\deps\libfutures_util-138920ac001c36c6.rlib' --extern 'git2=E:\GitCortex\.worktrees\phase-26-terminal-output-persistence\target\release\deps\libgit2-a4ba38925c6dc355.rlib' --extern 'governor=E:\GitCortex\.worktrees\phase-26-terminal-output-persistence\target\release\deps\libgovernor-be0d8365382749c6.rlib' --extern 'handlebars=E:\GitCortex\.worktrees\phase-26-terminal-output-persistence\target\release\deps\libhandlebars-56e17fcfe60f6cb6.rlib' --extern 'ignore=E:\GitCortex\.worktrees\phase-26-terminal-output-persistence\target\release\deps\libignore-a8f61e453a4f98d1.rlib' --extern 'json_patch=E:\GitCortex\.worktrees\phase-26-terminal-output-persistence\target\release\deps\libjson_patch-48ae63f2023339f8.rlib' --extern 'moka=E:\GitCortex\.worktrees\phase-26-terminal-output-persistence\target\release\deps\libmoka-a99671ec9673c60c.rlib' --extern 'notify=E:\GitCortex\.worktrees\phase-26-terminal-output-persistence\target\release\deps\libnotify-4a190b490fac8f4c.rlib' --extern 'notify_debouncer_full=E:\GitCortex\.worktrees\phase-26-terminal-output-persistence\target\release\deps\libnotify_debouncer_full-1b505e50d607d847.rlib' --extern 'notify_rust=E:\GitCortex\.worktrees\phase-26-terminal-output-persistence\target\release\deps\libnotify_rust-451fe7a0345fc183.rlib' --extern 'once_cell=E:\GitCortex\.worktrees\phase-26-terminal-output-persistence\target\release\deps\libonce_cell-eef48ee747e7e306.rlib' --extern 'os_info=E:\GitCortex\.worktrees\phase-26-terminal-output-persistence\target\release\deps\libos_info-764e7fb8a3a030dd.rlib' --extern 'portable_pty=E:\GitCortex\.worktrees\phase-26-terminal-output-persistence\target\release\deps\libportable_pty-f923dfdf58df462c.rlib' --extern 'regex=E:\GitCortex\.worktrees\phase-26-terminal-output-persistence\target\release\deps\libregex-14d9973cc2d403aa.rlib' --extern 'reqwest=E:\GitCortex\.worktrees\phase-26-terminal-output-persistence\target\release\deps\libreqwest-c518c4e8914ae580.rlib' --extern 'rust_embed=E:\GitCortex\.worktrees\phase-26-terminal-output-persistence\target\release\deps\librust_embed-4adc6947973eaa73.rlib' --extern 'rustls=E:\GitCortex\.worktrees\phase-26-terminal-output-persistence\target\release\deps\librustls-70578b2cacfc4d5d.rlib' --extern 'secrecy=E:\GitCortex\.worktrees\phase-26-terminal-output-persistence\target\release\deps\libsecrecy-2c84a46b94d346d1.rlib' --extern 'serde=E:\GitCortex\.worktrees\phase-26-terminal-output-persistence\target\release\deps\libserde-3871011f22bf5599.rlib' --extern 'serde_json=E:\GitCortex\.worktrees\phase-26-terminal-output-persistence\target\release\deps\libserde_json-9743be2bb68373b2.rlib' --extern 'services=E:\GitCortex\.worktrees\phase-26-terminal-output-persistence\target\release\deps\libservices-ab5cccb101ae9ad7.rlib' --extern 'sha2=E:\GitCortex\.worktrees\phase-26-terminal-output-persistence\target\release\deps\libsha2-531086ad4a628d21.rlib' --extern 'sqlx=E:\GitCortex\.worktrees\phase-26-terminal-output-persistence\target\release\deps\libsqlx-55eff546f6f1a75f.rlib' --extern 'strum=E:\GitCortex\.worktrees\phase-26-terminal-output-persistence\target\release\deps\libstrum-60f596d88579b8a3.rlib' --extern 'strum_macros=E:\GitCortex\.worktrees\phase-26-terminal-output-persistence\target\release\deps\strum_macros-de93229f4ce334aa.dll' --extern 'tempfile=E:\GitCortex\.worktrees\phase-26-terminal-output-persistence\target\release\deps\libtempfile-6a04d8a809a0c8fb.rlib' --extern 'thiserror=E:\GitCortex\.worktrees\phase-26-terminal-output-persistence\target\release\deps\libthiserror-5cb35f94fb406266.rlib' --extern 'tokio=E:\GitCortex\.worktrees\phase-26-terminal-output-persistence\target\release\deps\libtokio-57ca6baefeef9758.rlib' --extern 'tokio_stream=E:\GitCortex\.worktrees\phase-26-terminal-output-persistence\target\release\deps\libtokio_stream-a2f7ef3b13f6a3fb.rlib' --extern 'tokio_test=E:\GitCortex\.worktrees\phase-26-terminal-output-persistence\target\release\deps\libtokio_test-9dbede70136d7c9a.rlib' --extern 'tokio_util=E:\GitCortex\.worktrees\phase-26-terminal-output-persistence\target\release\deps\libtokio_util-d2f66b35416d8305.rlib' --extern 'tracing=E:\GitCortex\.worktrees\phase-26-terminal-output-persistence\target\release\deps\libtracing-fe391a6383813af7.rlib' --extern 'ts_rs=E:\GitCortex\.worktrees\phase-26-terminal-output-persistence\target\release\deps\libts_rs-d28052fb56078252.rlib' --extern 'url=E:\GitCortex\.worktrees\phase-26-terminal-output-persistence\target\release\deps\liburl-04231a871d9497ac.rlib' --extern 'utils=E:\GitCortex\.worktrees\phase-26-terminal-output-persistence\target\release\deps\libutils-4545701a3247f886.rlib' --extern 'uuid=E:\GitCortex\.worktrees\phase-26-terminal-output-persistence\target\release\deps\libuuid-6798dd711abc8900.rlib' --extern 'winapi=E:\GitCortex\.worktrees\phase-26-terminal-output-persistence\target\release\deps\libwinapi-33d5bff499813303.rlib' --extern 'wiremock=E:\GitCortex\.worktrees\phase-26-terminal-output-persistence\target\release\deps\libwiremock-7ff5dcee06e7e50d.rlib' -C 'link-arg=/DEBUG:FASTLINK' -C 'link-arg=/DEBUG:FASTLINK' -L 'native=E:\GitCortex\.worktrees\phase-26-terminal-output-persistence\target\release\build\aws-lc-sys-c158319abae87f83\out\build\artifacts' -L 'native=E:\GitCortex\.worktrees\phase-26-terminal-output-persistence\target\release\build\libsqlite3-sys-61a98c17ef59c640\out' -L 'native=E:\GitCortex\.worktrees\phase-26-terminal-output-persistence\target\release\build\libgit2-sys-6239d80226de3d2b\out\build' -L 'native=E:\GitCortex\.worktrees\phase-26-terminal-output-persistence\target\release\build\libz-sys-05307365c8079003\out\lib' -L 'native=E:\GitCortex\.worktrees\phase-26-terminal-output-persistence\target\release\build\libz-sys-05307365c8079003\out\lib' -L 'native=D:\RUST\.cargo\registry\src\index.crates.io-1949cf8c6b5b557f\windows_x86_64_msvc-0.53.1\lib' -L 'native=D:\RUST\.cargo\registry\src\index.crates.io-1949cf8c6b5b557f\windows_x86_64_msvc-0.48.5\lib' -L 'native=D:\RUST\.cargo\registry\src\index.crates.io-1949cf8c6b5b557f\windows_x86_64_msvc-0.52.6\lib'` (exit code: 0xc0000409, STATUS_STACK_BUFFER_OVERRUN)
   8:     0x7ffa5dee4448 - std::alloc::_::__rust_alloc_error_handler
                               at /rustc/83e49b75e7daf827e4390ae0ccbcb0d0e2c96493/library\std\src\alloc.rs:434
  35:     0x7ffa5e0be5dd - <hashbrown[d71a3a8e0b15407e]::raw::RawTable<usize>>::reserve_rehash::<indexmap[68f6d206a0beeb42]::map::core::get_hash<(rustc_middle[19edb9457506ff51]::ty::predicate::Predicate, rustc_middle[19edb9457506ff51]::traits::ObligationCause), ()>::{closure#0}>
   2:     0x7ffa5df09832 - std::sys::backtrace::_print_fmt
                               at /rustc/83e49b75e7daf827e4390ae0ccbcb0d0e2c96493/library\std\src\sys\backtrace.rs:68
   8:     0x7ffa61fd1146 - alloc::alloc::handle_alloc_error::rt_error
                               at /rustc/83e49b75e7daf827e4390ae0ccbcb0d0e2c96493/library\alloc\src\alloc.rs:407
   9:     0x7ffa61fd1146 - alloc::alloc::handle_alloc_error::rt_error
                               at /rustc/83e49b75e7daf827e4390ae0ccbcb0d0e2c96493/library\alloc\src\alloc.rs:407
  32:     0x7ffa5e15f5a7 - rustc_hir_typeck[1bfbfb5f1d3ea18d]::typeck
  48:     0x7ffa5df63dd5 - rustc_interface[986486068fb2a34e]::passes::analysis
  10:     0x7ffa61fd1146 - alloc::alloc::handle_alloc_error
   3:     0x7ffa5df09832 - std::sys::backtrace::impl$0::print::impl$0::fmt
                               at /rustc/83e49b75e7daf827e4390ae0ccbcb0d0e2c96493/library\alloc\src\alloc.rs:413
                               at /rustc/83e49b75e7daf827e4390ae0ccbcb0d0e2c96493/library\std\src\sys\backtrace.rs:38
  32:     0x7ffa5ea3a4dd - RINvMs6_NtCsisZ5AINT1la_9hashbrown3rawINtB6_8RawTablejE14reserve_rehashNCINvNtNtCs90IK5fHQQkE_8indexmap3map4core8get_hashNtNtCsbGBXJX5sA31_10rustc_span6symbol5IdentINtNtCseF1xlDwJuEU_9rustc_hir3def3ResNtNtCsbXz9WJxfmV_9rustc_ast7node_id6NodeIdEE0ECsc1McMC3
   9:     0x7ffa61fd1146 - alloc::alloc::handle_alloc_error
                               at /rustc/83e49b75e7daf827e4390ae0ccbcb0d0e2c96493/library\alloc\src\alloc.rs:413
  36:     0x7ffa5e0d0ac0 - rustc_hir_typeck[1bfbfb5f1d3ea18d]::typeck
  49:     0x7ffa5d97058a - <rustc_lint[4b63b90d88a2686]::builtin::SpecialModuleName as rustc_lint[4b63b90d88a2686]::passes::EarlyLintPass>::check_crate
  33:     0x7ffa5e12daa8 - rustc_hir_typeck[1bfbfb5f1d3ea18d]::typeck
  33:     0x7ffa5ea8a649 - RINvMs6_NtCsisZ5AINT1la_9hashbrown3rawINtB6_8RawTablejE14reserve_rehashNCINvNtNtCs90IK5fHQQkE_8indexmap3map4core8get_hashNtNtCsbGBXJX5sA31_10rustc_span6symbol5IdentINtNtCseF1xlDwJuEU_9rustc_hir3def3ResNtNtCsbXz9WJxfmV_9rustc_ast7node_id6NodeIdEE0ECsc1McMC3
  50:     0x7ffa5d97a7b3 - RINvNtNtCs3g3ukGuukiB_18rustc_query_system5query8plumbing17try_execute_queryINtCslvafsSmu2ar_16rustc_query_impl13DynamicConfigINtNtB4_6caches11SingleCacheINtNtNtCs2e14MyY4FST_12rustc_middle5query5erase6ErasedAhj0_EEKb0_KB3s_KB3s_ENtNtB1f_8plumbing9QueryCtx
  37:     0x7ffa5ed46dab - RINvMs6_NtCsgz2aUrXY3Tp_9hashbrown3rawINtB6_8RawTableTNtNtNtCs3g3ukGuukiB_18rustc_query_system9dep_graph8dep_node7DepNodeTNtNtCsbGBXJX5sA31_10rustc_span6def_id5DefIdNtNtCsfRxa6NCpQur_13rustc_type_ir5solve14SizedTraitKindEEE14reserve_rehashNCINvNtB8_3map11m
  11:     0x7ffa5ed3ac26 - RINvMs6_NtCscnOFRIrVbQQ_9hashbrown3rawINtB6_8RawTableTTNtNtCsbGBXJX5sA31_10rustc_span6def_id8CrateNumNtBT_5DefIdETINtNtNtCs2e14MyY4FST_12rustc_middle5query5erase6ErasedAhj10_ENtNtNtCs3g3ukGuukiB_18rustc_query_system9dep_graph5graph12DepNodeIndexEEE14reserv
   4:     0x7ffa5df31ae1 - core::fmt::write
                               at /rustc/83e49b75e7daf827e4390ae0ccbcb0d0e2c96493/library\core\src\fmt\mod.rs:0
  34:     0x7ffa5e1a6c81 - rustc_hir_typeck[1bfbfb5f1d3ea18d]::typeck
   5:     0x7ffa5df199e4 - std::io::default_write_fmt
                               at /rustc/83e49b75e7daf827e4390ae0ccbcb0d0e2c96493/library\std\src\io\mod.rs:614
  51:     0x7ffa5da58fe3 - rustc_query_impl[fa7471587d55ebc1]::profiling_support::alloc_self_profile_query_strings
error: could not compile `server` (test "events_test")

Caused by:
  配额不足，无法完成请求的服务。 (os error 1453)

Caused by:
  failed to parse process output: `D:\RUST\.rustup\toolchains\nightly-2025-12-04-x86_64-pc-windows-msvc\bin\rustc.exe --crate-name events_test --edition=2024 'crates\server\tests\events_test.rs' --error-format=json --json=diagnostic-rendered-ansi,artifacts,future-incompat --emit=dep-info,link -C opt-level=3 -C embed-bitcode=no -C debuginfo=1 -C split-debuginfo=packed '--allow=clippy::uninlined-format-args' --test --cfg 'feature="default"' --check-cfg 'cfg(docsrs,test)' --check-cfg 'cfg(feature, values("default", "qa-mode"))' -C metadata=dabfaa24fdfca86b -C extra-filename=-aac736d931987072 --out-dir 'E:\GitCortex\.worktrees\phase-26-terminal-output-persistence\target\release\deps' -C strip=symbols -L 'dependency=E:\GitCortex\.worktrees\phase-26-terminal-output-persistence\target\release\deps' --extern 'anyhow=E:\GitCortex\.worktrees\phase-26-terminal-output-persistence\target\release\deps\libanyhow-a304bfc9c1bc5825.rlib' --extern 'axum=E:\GitCortex\.worktrees\phase-26-terminal-output-persistence\target\release\deps\libaxum-193fee14da03ae9d.rlib' --extern 'chrono=E:\GitCortex\.worktrees\phase-26-terminal-output-persistence\target\release\deps\libchrono-29362de2900dd130.rlib' --extern 'criterion=E:\GitCortex\.worktrees\phase-26-terminal-output-persistence\target\release\deps\libcriterion-a12264117fdde5f8.rlib' --extern 'db=E:\GitCortex\.worktrees\phase-26-terminal-output-persistence\target\release\deps\libdb-634c77a1c34e58ce.rlib' --extern 'deployment=E:\GitCortex\.worktrees\phase-26-terminal-output-persistence\target\release\deps\libdeployment-d22d2068bb8384df.rlib' --extern 'dotenv=E:\GitCortex\.worktrees\phase-26-terminal-output-persistence\target\release\deps\libdotenv-2daff52ca9ff4348.rlib' --extern 'executors=E:\GitCortex\.worktrees\phase-26-terminal-output-persistence\target\release\deps\libexecutors-8dfe5da866186690.rlib' --extern 'futures_util=E:\GitCortex\.worktrees\phase-26-terminal-output-persistence\target\release\deps\libfutures_util-138920ac001c36c6.rlib' --extern 'git2=E:\GitCortex\.worktrees\phase-26-terminal-output-persistence\target\release\deps\libgit2-a4ba38925c6dc355.rlib' --extern 'http_body_util=E:\GitCortex\.worktrees\phase-26-terminal-output-persistence\target\release\deps\libhttp_body_util-5eb07d755ad0f094.rlib' --extern 'hyper=E:\GitCortex\.worktrees\phase-26-terminal-output-persistence\target\release\deps\libhyper-59672180e9111b22.rlib' --extern 'ignore=E:\GitCortex\.worktrees\phase-26-terminal-output-persistence\target\release\deps\libignore-a8f61e453a4f98d1.rlib' --extern 'local_deployment=E:\GitCortex\.worktrees\phase-26-terminal-output-persistence\target\release\deps\liblocal_deployment-04db4877fba1168f.rlib' --extern 'mime_guess=E:\GitCortex\.worktrees\phase-26-terminal-output-persistence\target\release\deps\libmime_guess-8a3236af6e5564c1.rlib' --extern 'nix=E:\GitCortex\.worktrees\phase-26-terminal-output-persistence\target\release\deps\libnix-0329ddb3639d72cc.rlib' --extern 'once_cell=E:\GitCortex\.worktrees\phase-26-terminal-output-persistence\target\release\deps\libonce_cell-eef48ee747e7e306.rlib' --extern 'os_info=E:\GitCortex\.worktrees\phase-26-terminal-output-persistence\target\release\deps\libos_info-764e7fb8a3a030dd.rlib' --extern 'rand=E:\GitCortex\.worktrees\phase-26-terminal-output-persistence\target\release\deps\librand-240cd296cdfba10c.rlib' --extern 'raw_window_handle=E:\GitCortex\.worktrees\phase-26-terminal-output-persistence\target\release\deps\libraw_window_handle-d0ab343855468174.rlib' --extern 'regex=E:\GitCortex\.worktrees\phase-26-terminal-output-persistence\target\release\deps\libregex-14d9973cc2d403aa.rlib' --extern 'reqwest=E:\GitCortex\.worktrees\phase-26-terminal-output-persistence\target\release\deps\libreqwest-c518c4e8914ae580.rlib' --extern 'rfd=E:\GitCortex\.worktrees\phase-26-terminal-output-persistence\target\release\deps\librfd-c9e84b900f3b2502.rlib' --extern 'rmcp=E:\GitCortex\.worktrees\phase-26-terminal-output-persistence\target\release\deps\librmcp-90776f9c597f41d2.rlib' --extern 'rust_embed=E:\GitCortex\.worktrees\phase-26-terminal-output-persistence\target\release\deps\librust_embed-4adc6947973eaa73.rlib' --extern 'rustls=E:\GitCortex\.worktrees\phase-26-terminal-output-persistence\target\release\deps\librustls-70578b2cacfc4d5d.rlib' --extern 'schemars=E:\GitCortex\.worktrees\phase-26-terminal-output-persistence\target\release\deps\libschemars-c106f06778cd573a.rlib' --extern 'secrecy=E:\GitCortex\.worktrees\phase-26-terminal-output-persistence\target\release\deps\libsecrecy-2c84a46b94d346d1.rlib' --extern 'sentry=E:\GitCortex\.worktrees\phase-26-terminal-output-persistence\target\release\deps\libsentry-a6418c0b7a8d9b66.rlib' --extern 'serde=E:\GitCortex\.worktrees\phase-26-terminal-output-persistence\target\release\deps\libserde-3871011f22bf5599.rlib' --extern 'serde_json=E:\GitCortex\.worktrees\phase-26-terminal-output-persistence\target\release\deps\libserde_json-9743be2bb68373b2.rlib' --extern 'serial_test=E:\GitCortex\.worktrees\phase-26-terminal-output-persistence\target\release\deps\libserial_test-959de6efa3b3435e.rlib' --extern 'server=E:\GitCortex\.worktrees\phase-26-terminal-output-persistence\target\release\deps\libserver-a6fee0345c6f9754.rlib' --extern 'services=E:\GitCortex\.worktrees\phase-26-terminal-output-persistence\target\release\deps\libservices-ab5cccb101ae9ad7.rlib' --extern 'sha2=E:\GitCortex\.worktrees\phase-26-terminal-output-persistence\target\release\deps\libsha2-531086ad4a628d21.rlib' --extern 'shlex=E:\GitCortex\.worktrees\phase-26-terminal-output-persistence\target\release\deps\libshlex-54bb3df747b58ff6.rlib' --extern 'sqlx=E:\GitCortex\.worktrees\phase-26-terminal-output-persistence\target\release\deps\libsqlx-55eff546f6f1a75f.rlib' --extern 'strip_ansi_escapes=E:\GitCortex\.worktrees\phase-26-terminal-output-persistence\target\release\deps\libstrip_ansi_escapes-a3dafcfe50c08d92.rlib' --extern 'strum=E:\GitCortex\.worktrees\phase-26-terminal-output-persistence\target\release\deps\libstrum-60f596d88579b8a3.rlib' --extern 'sysinfo=E:\GitCortex\.worktrees\phase-26-terminal-output-persistence\target\release\deps\libsysinfo-b8e67c9839a22d45.rlib' --extern 'tempfile=E:\GitCortex\.worktrees\phase-26-terminal-output-persistence\target\release\deps\libtempfile-6a04d8a809a0c8fb.rlib' --extern 'thiserror=E:\GitCortex\.worktrees\phase-26-terminal-output-persistence\target\release\deps\libthiserror-5cb35f94fb406266.rlib' --extern 'tokio=E:\GitCortex\.worktrees\phase-26-terminal-output-persistence\target\release\deps\libtokio-57ca6baefeef9758.rlib' --extern 'tokio_tungstenite=E:\GitCortex\.worktrees\phase-26-terminal-output-persistence\target\release\deps\libtokio_tungstenite-1163f121484e53f0.rlib' --extern 'tokio_util=E:\GitCortex\.worktrees\phase-26-terminal-output-persistence\target\release\deps\libtokio_util-d2f66b35416d8305.rlib' --extern 'tower=E:\GitCortex\.worktrees\phase-26-terminal-output-persistence\target\release\deps\libtower-8abc62f84f906df3.rlib' --extern 'tracing=E:\GitCortex\.worktrees\phase-26-terminal-output-persistence\target\release\deps\libtracing-fe391a6383813af7.rlib' --extern 'tracing_subscriber=E:\GitCortex\.worktrees\phase-26-terminal-output-persistence\target\release\deps\libtracing_subscriber-711e1ae1b8c1560c.rlib' --extern 'ts_rs=E:\GitCortex\.worktrees\phase-26-terminal-output-persistence\target\release\deps\libts_rs-d28052fb56078252.rlib' --extern 'url=E:\GitCortex\.worktrees\phase-26-terminal-output-persistence\target\release\deps\liburl-04231a871d9497ac.rlib' --extern 'utils=E:\GitCortex\.worktrees\phase-26-terminal-output-persistence\target\release\deps\libutils-4545701a3247f886.rlib' --extern 'uuid=E:\GitCortex\.worktrees\phase-26-terminal-output-persistence\target\release\deps\libuuid-6798dd711abc8900.rlib' --extern 'windows_sys=E:\GitCortex\.worktrees\phase-26-terminal-output-persistence\target\release\deps\libwindows_sys-fcb98bceeaf0ecfd.rlib' --extern 'wiremock=E:\GitCortex\.worktrees\phase-26-terminal-output-persistence\target\release\deps\libwiremock-7ff5dcee06e7e50d.rlib' -C 'link-arg=/DEBUG:FASTLINK' -C 'link-arg=/DEBUG:FASTLINK' -L 'native=E:\GitCortex\.worktrees\phase-26-terminal-output-persistence\target\release\build\aws-lc-sys-c158319abae87f83\out\build\artifacts' -L 'native=E:\GitCortex\.worktrees\phase-26-terminal-output-persistence\target\release\build\libsqlite3-sys-61a98c17ef59c640\out' -L 'native=E:\GitCortex\.worktrees\phase-26-terminal-output-persistence\target\release\build\libgit2-sys-6239d80226de3d2b\out\build' -L 'native=E:\GitCortex\.worktrees\phase-26-terminal-output-persistence\target\release\build\libz-sys-05307365c8079003\out\lib' -L 'native=E:\GitCortex\.worktrees\phase-26-terminal-output-persistence\target\release\build\libz-sys-05307365c8079003\out\lib' -L 'native=D:\RUST\.cargo\registry\src\index.crates.io-1949cf8c6b5b557f\windows_x86_64_msvc-0.53.1\lib' -L 'native=D:\RUST\.cargo\registry\src\index.crates.io-1949cf8c6b5b557f\windows_x86_64_msvc-0.48.5\lib' -L 'native=D:\RUST\.cargo\registry\src\index.crates.io-1949cf8c6b5b557f\windows_x86_64_msvc-0.52.6\lib'` (exit code: 0xc0000409, STATUS_STACK_BUFFER_OVERRUN)
  38:     0x7ffa5edea282 - RINvNtNtCs3g3ukGuukiB_18rustc_query_system5query8plumbing17try_execute_queryINtCslvafsSmu2ar_16rustc_query_impl13DynamicConfigINtNtCs1Fy0pGx6Mev_21rustc_data_structures9vec_cache8VecCacheNtNtCsbGBXJX5sA31_10rustc_span6def_id10LocalDefIdINtNtNtCs2e14MyY4FST
   6:     0x7ffa5df199e4 - std::io::Write::write_fmt<std::sys::stdio::windows::Stderr>
                               at /rustc/83e49b75e7daf827e4390ae0ccbcb0d0e2c96493/library\std\src\io\mod.rs:1969
  52:     0x7ffa5b499eb7 - std[cd0397b9f8d6eca1]::sys::backtrace::__rust_begin_short_backtrace::<std[cd0397b9f8d6eca1]::thread::lifecycle::spawn_unchecked<ctrlc[d71c8eb333b9981f]::set_handler_inner<rustc_driver_impl[7567023cd08d134f]::install_ctrlc_handler::{closure#0}>::{closure#0}, ()>::{closure#1}::{closure#0}::{closure#0}, ()>
  53:     0x7ffa5b49508f - RINvNtNtCshBhF7HOenvN_3std3sys9backtrace28___rust_begin_short_backtraceNCNCINvNtCsd5bjWkDf5Eg_15rustc_interface4util26run_in_thread_with_globalsNCINvB1e_31run_in_thread_pool_with_globalsNCINvNtB1g_9interface12run_compileruNCNvCsa4VFjvCuixT_17rustc_driver_i
  34:     0x7ffa5ea39be6 - RINvMs6_NtCsisZ5AINT1la_9hashbrown3rawINtB6_8RawTablejE14reserve_rehashNCINvNtNtCs90IK5fHQQkE_8indexmap3map4core8get_hashNtNtCsbGBXJX5sA31_10rustc_span6symbol5IdentINtNtCseF1xlDwJuEU_9rustc_hir3def3ResNtNtCsbXz9WJxfmV_9rustc_ast7node_id6NodeIdEE0ECsc1McMC3
  12:     0x7ffa5edcd4ff - RINvNtNtCs3g3ukGuukiB_18rustc_query_system5query8plumbing17try_execute_queryINtCslvafsSmu2ar_16rustc_query_impl13DynamicConfigINtNtB4_6caches12DefaultCacheTNtNtCsbGBXJX5sA31_10rustc_span6def_id8CrateNumNtB2w_5DefIdEINtNtNtCs2e14MyY4FST_12rustc_middle5query
  54:     0x7ffa5b4a07f9 - std[cd0397b9f8d6eca1]::sys::backtrace::__rust_begin_short_backtrace::<std[cd0397b9f8d6eca1]::thread::lifecycle::spawn_unchecked<ctrlc[d71c8eb333b9981f]::set_handler_inner<rustc_driver_impl[7567023cd08d134f]::install_ctrlc_handler::{closure#0}>::{closure#0}, ()>::{closure#1}::{closure#0}::{closure#0}, ()>
   7:     0x7ffa5defccdf - std::sys::backtrace::BacktraceLock::print
                               at /rustc/83e49b75e7daf827e4390ae0ccbcb0d0e2c96493/library\std\src\sys\backtrace.rs:41
  39:     0x7ffa5ee1ed62 - rustc_query_impl[fa7471587d55ebc1]::plumbing::query_key_hash_verify_all
   8:     0x7ffa5defccdf - std::alloc::default_alloc_error_hook
                               at /rustc/83e49b75e7daf827e4390ae0ccbcb0d0e2c96493/library\std\src\alloc.rs:408
  35:     0x7ffa5ea4beb0 - RINvMs6_NtCsisZ5AINT1la_9hashbrown3rawINtB6_8RawTablejE14reserve_rehashNCINvNtNtCs90IK5fHQQkE_8indexmap3map4core8get_hashNtNtCsbGBXJX5sA31_10rustc_span6symbol5IdentINtNtCseF1xlDwJuEU_9rustc_hir3def3ResNtNtCsbXz9WJxfmV_9rustc_ast7node_id6NodeIdEE0ECsc1McMC3
  35:     0x7ffa5e1a9567 - rustc_hir_typeck[1bfbfb5f1d3ea18d]::typeck
   9:     0x7ffa5dee351c - std::alloc::rust_oom::closure$0
                               at /rustc/83e49b75e7daf827e4390ae0ccbcb0d0e2c96493/library\std\src\alloc.rs:439
  13:     0x7ffa5ee1cd52 - rustc_query_impl[fa7471587d55ebc1]::plumbing::query_key_hash_verify_all
  40:     0x7ffa5e289c5d - rustc_hir_analysis[e742de6bb5fb435d]::check_crate
  10:     0x7ffa5dee0b4f - std::sys::backtrace::__rust_end_short_backtrace<std::alloc::rust_oom::closure_env$0,never$>
                               at /rustc/83e49b75e7daf827e4390ae0ccbcb0d0e2c96493/library\std\src\sys\backtrace.rs:176
  36:     0x7ffa5d8b3b76 - <rustc_resolve[8c1af89279765491]::Resolver>::resolve_crate
error: could not compile `services` (test "phase18_scenarios")

Caused by:
  process didn't exit successfully: `D:\RUST\.rustup\toolchains\nightly-2025-12-04-x86_64-pc-windows-msvc\bin\rustc.exe --crate-name phase18_scenarios --edition=2024 'crates\services\tests\phase18_scenarios.rs' --error-format=json --json=diagnostic-rendered-ansi,artifacts,future-incompat --emit=dep-info,link -C opt-level=3 -C embed-bitcode=no -C debuginfo=1 -C split-debuginfo=packed --test --cfg 'feature="default"' --check-cfg 'cfg(docsrs,test)' --check-cfg 'cfg(feature, values("cloud", "default", "qa-mode"))' -C metadata=0d355b9d2ed0fc79 -C extra-filename=-626f409b1722c142 --out-dir 'E:\GitCortex\.worktrees\phase-26-terminal-output-persistence\target\release\deps' -C strip=symbols -L 'dependency=E:\GitCortex\.worktrees\phase-26-terminal-output-persistence\target\release\deps' --extern 'anyhow=E:\GitCortex\.worktrees\phase-26-terminal-output-persistence\target\release\deps\libanyhow-a304bfc9c1bc5825.rlib' --extern 'async_trait=E:\GitCortex\.worktrees\phase-26-terminal-output-persistence\target\release\deps\async_trait-345bd5ac7a9f3a37.dll' --extern 'axum=E:\GitCortex\.worktrees\phase-26-terminal-output-persistence\target\release\deps\libaxum-193fee14da03ae9d.rlib' --extern 'backon=E:\GitCortex\.worktrees\phase-26-terminal-output-persistence\target\release\deps\libbackon-5fbf6afad41eda10.rlib' --extern 'base64=E:\GitCortex\.worktrees\phase-26-terminal-output-persistence\target\release\deps\libbase64-964e1270fd7f5803.rlib' --extern 'cc_switch=E:\GitCortex\.worktrees\phase-26-terminal-output-persistence\target\release\deps\libcc_switch-0fda9cadbd5a018c.rlib' --extern 'chrono=E:\GitCortex\.worktrees\phase-26-terminal-output-persistence\target\release\deps\libchrono-29362de2900dd130.rlib' --extern 'dashmap=E:\GitCortex\.worktrees\phase-26-terminal-output-persistence\target\release\deps\libdashmap-b4c582f6a29274e9.rlib' --extern 'db=E:\GitCortex\.worktrees\phase-26-terminal-output-persistence\target\release\deps\libdb-634c77a1c34e58ce.rlib' --extern 'dirs=E:\GitCortex\.worktrees\phase-26-terminal-output-persistence\target\release\deps\libdirs-9627e8290125819e.rlib' --extern 'dunce=E:\GitCortex\.worktrees\phase-26-terminal-output-persistence\target\release\deps\libdunce-540e3fd8bb9a2cf0.rlib' --extern 'enum_dispatch=E:\GitCortex\.worktrees\phase-26-terminal-output-persistence\target\release\deps\enum_dispatch-6bde7a63c4f6060a.dll' --extern 'executors=E:\GitCortex\.worktrees\phase-26-terminal-output-persistence\target\release\deps\libexecutors-8dfe5da866186690.rlib' --extern 'fst=E:\GitCortex\.worktrees\phase-26-terminal-output-persistence\target\release\deps\libfst-22d111020f9c5840.rlib' --extern 'futures=E:\GitCortex\.worktrees\phase-26-terminal-output-persistence\target\release\deps\libfutures-82d1b43bc1c08bf3.rlib' --extern 'futures_util=E:\GitCortex\.worktrees\phase-26-terminal-output-persistence\target\release\deps\libfutures_util-138920ac001c36c6.rlib' --extern 'git2=E:\GitCortex\.worktrees\phase-26-terminal-output-persistence\target\release\deps\libgit2-a4ba38925c6dc355.rlib' --extern 'governor=E:\GitCortex\.worktrees\phase-26-terminal-output-persistence\target\release\deps\libgovernor-be0d8365382749c6.rlib' --extern 'handlebars=E:\GitCortex\.worktrees\phase-26-terminal-output-persistence\target\release\deps\libhandlebars-56e17fcfe60f6cb6.rlib' --extern 'ignore=E:\GitCortex\.worktrees\phase-26-terminal-output-persistence\target\release\deps\libignore-a8f61e453a4f98d1.rlib' --extern 'json_patch=E:\GitCortex\.worktrees\phase-26-terminal-output-persistence\target\release\deps\libjson_patch-48ae63f2023339f8.rlib' --extern 'moka=E:\GitCortex\.worktrees\phase-26-terminal-output-persistence\target\release\deps\libmoka-a99671ec9673c60c.rlib' --extern 'notify=E:\GitCortex\.worktrees\phase-26-terminal-output-persistence\target\release\deps\libnotify-4a190b490fac8f4c.rlib' --extern 'notify_debouncer_full=E:\GitCortex\.worktrees\phase-26-terminal-output-persistence\target\release\deps\libnotify_debouncer_full-1b505e50d607d847.rlib' --extern 'notify_rust=E:\GitCortex\.worktrees\phase-26-terminal-output-persistence\target\release\deps\libnotify_rust-451fe7a0345fc183.rlib' --extern 'once_cell=E:\GitCortex\.worktrees\phase-26-terminal-output-persistence\target\release\deps\libonce_cell-eef48ee747e7e306.rlib' --extern 'os_info=E:\GitCortex\.worktrees\phase-26-terminal-output-persistence\target\release\deps\libos_info-764e7fb8a3a030dd.rlib' --extern 'portable_pty=E:\GitCortex\.worktrees\phase-26-terminal-output-persistence\target\release\deps\libportable_pty-f923dfdf58df462c.rlib' --extern 'regex=E:\GitCortex\.worktrees\phase-26-terminal-output-persistence\target\release\deps\libregex-14d9973cc2d403aa.rlib' --extern 'reqwest=E:\GitCortex\.worktrees\phase-26-terminal-output-persistence\target\release\deps\libreqwest-c518c4e8914ae580.rlib' --extern 'rust_embed=E:\GitCortex\.worktrees\phase-26-terminal-output-persistence\target\release\deps\librust_embed-4adc6947973eaa73.rlib' --extern 'rustls=E:\GitCortex\.worktrees\phase-26-terminal-output-persistence\target\release\deps\librustls-70578b2cacfc4d5d.rlib' --extern 'secrecy=E:\GitCortex\.worktrees\phase-26-terminal-output-persistence\target\release\deps\libsecrecy-2c84a46b94d346d1.rlib' --extern 'serde=E:\GitCortex\.worktrees\phase-26-terminal-output-persistence\target\release\deps\libserde-3871011f22bf5599.rlib' --extern 'serde_json=E:\GitCortex\.worktrees\phase-26-terminal-output-persistence\target\release\deps\libserde_json-9743be2bb68373b2.rlib' --extern 'services=E:\GitCortex\.worktrees\phase-26-terminal-output-persistence\target\release\deps\libservices-ab5cccb101ae9ad7.rlib' --extern 'sha2=E:\GitCortex\.worktrees\phase-26-terminal-output-persistence\target\release\deps\libsha2-531086ad4a628d21.rlib' --extern 'sqlx=E:\GitCortex\.worktrees\phase-26-terminal-output-persistence\target\release\deps\libsqlx-55eff546f6f1a75f.rlib' --extern 'strum=E:\GitCortex\.worktrees\phase-26-terminal-output-persistence\target\release\deps\libstrum-60f596d88579b8a3.rlib' --extern 'strum_macros=E:\GitCortex\.worktrees\phase-26-terminal-output-persistence\target\release\deps\strum_macros-de93229f4ce334aa.dll' --extern 'tempfile=E:\GitCortex\.worktrees\phase-26-terminal-output-persistence\target\release\deps\libtempfile-6a04d8a809a0c8fb.rlib' --extern 'thiserror=E:\GitCortex\.worktrees\phase-26-terminal-output-persistence\target\release\deps\libthiserror-5cb35f94fb406266.rlib' --extern 'tokio=E:\GitCortex\.worktrees\phase-26-terminal-output-persistence\target\release\deps\libtokio-57ca6baefeef9758.rlib' --extern 'tokio_stream=E:\GitCortex\.worktrees\phase-26-terminal-output-persistence\target\release\deps\libtokio_stream-a2f7ef3b13f6a3fb.rlib' --extern 'tokio_test=E:\GitCortex\.worktrees\phase-26-terminal-output-persistence\target\release\deps\libtokio_test-9dbede70136d7c9a.rlib' --extern 'tokio_util=E:\GitCortex\.worktrees\phase-26-terminal-output-persistence\target\release\deps\libtokio_util-d2f66b35416d8305.rlib' --extern 'tracing=E:\GitCortex\.worktrees\phase-26-terminal-output-persistence\target\release\deps\libtracing-fe391a6383813af7.rlib' --extern 'ts_rs=E:\GitCortex\.worktrees\phase-26-terminal-output-persistence\target\release\deps\libts_rs-d28052fb56078252.rlib' --extern 'url=E:\GitCortex\.worktrees\phase-26-terminal-output-persistence\target\release\deps\liburl-04231a871d9497ac.rlib' --extern 'utils=E:\GitCortex\.worktrees\phase-26-terminal-output-persistence\target\release\deps\libutils-4545701a3247f886.rlib' --extern 'uuid=E:\GitCortex\.worktrees\phase-26-terminal-output-persistence\target\release\deps\libuuid-6798dd711abc8900.rlib' --extern 'winapi=E:\GitCortex\.worktrees\phase-26-terminal-output-persistence\target\release\deps\libwinapi-33d5bff499813303.rlib' --extern 'wiremock=E:\GitCortex\.worktrees\phase-26-terminal-output-persistence\target\release\deps\libwiremock-7ff5dcee06e7e50d.rlib' -C 'link-arg=/DEBUG:FASTLINK' -C 'link-arg=/DEBUG:FASTLINK' -L 'native=E:\GitCortex\.worktrees\phase-26-terminal-output-persistence\target\release\build\aws-lc-sys-c158319abae87f83\out\build\artifacts' -L 'native=E:\GitCortex\.worktrees\phase-26-terminal-output-persistence\target\release\build\libsqlite3-sys-61a98c17ef59c640\out' -L 'native=E:\GitCortex\.worktrees\phase-26-terminal-output-persistence\target\release\build\libgit2-sys-6239d80226de3d2b\out\build' -L 'native=E:\GitCortex\.worktrees\phase-26-terminal-output-persistence\target\release\build\libz-sys-05307365c8079003\out\lib' -L 'native=E:\GitCortex\.worktrees\phase-26-terminal-output-persistence\target\release\build\libz-sys-05307365c8079003\out\lib' -L 'native=D:\RUST\.cargo\registry\src\index.crates.io-1949cf8c6b5b557f\windows_x86_64_msvc-0.53.1\lib' -L 'native=D:\RUST\.cargo\registry\src\index.crates.io-1949cf8c6b5b557f\windows_x86_64_msvc-0.48.5\lib' -L 'native=D:\RUST\.cargo\registry\src\index.crates.io-1949cf8c6b5b557f\windows_x86_64_msvc-0.52.6\lib'` (exit code: 0xc0000409, STATUS_STACK_BUFFER_OVERRUN)
For more information about this error, try `rustc --explain E0432`.
  55:     0x7ffa5df06e48 - std::sys::thread::windows::impl$0::new::thread_start
                               at /rustc/83e49b75e7daf827e4390ae0ccbcb0d0e2c96493/library\std\src\sys\thread\windows.rs:59
  11:     0x7ffa5defcd9b - std::alloc::rust_oom
                               at /rustc/83e49b75e7daf827e4390ae0ccbcb0d0e2c96493/library\std\src\alloc.rs:435
  12:     0x7ffa5dee4448 - std::alloc::_::__rust_alloc_error_handler
                               at /rustc/83e49b75e7daf827e4390ae0ccbcb0d0e2c96493/library\std\src\alloc.rs:434
  13:     0x7ffa61fd1146 - alloc::alloc::handle_alloc_error::rt_error
                               at /rustc/83e49b75e7daf827e4390ae0ccbcb0d0e2c96493/library\alloc\src\alloc.rs:407
  14:     0x7ffa61fd1146 - alloc::alloc::handle_alloc_error
                               at /rustc/83e49b75e7daf827e4390ae0ccbcb0d0e2c96493/library\alloc\src\alloc.rs:413
  36:     0x7ffa5e12cd31 - rustc_hir_typeck[1bfbfb5f1d3ea18d]::typeck
  41:     0x7ffa5df63dd5 - rustc_interface[986486068fb2a34e]::passes::analysis
  56:     0x7ffb33127374 - BaseThreadInitThunk
  37:     0x7ffa5df5e246 - rustc_interface[986486068fb2a34e]::proc_macro_decls::proc_macro_decls_static
  14:     0x7ffa5f567a4c - rustc_middle[19edb9457506ff51]::ty::trait_def::trait_impls_of_provider
  38:     0x7ffa5b509940 - rustc_interface[986486068fb2a34e]::passes::resolver_for_lowering_raw
  57:     0x7ffb3457cc91 - RtlUserThreadStart
  42:     0x7ffa5d97058a - <rustc_lint[4b63b90d88a2686]::builtin::SpecialModuleName as rustc_lint[4b63b90d88a2686]::passes::EarlyLintPass>::check_crate
  37:     0x7ffa5e229df2 - rustc_hir_typeck[1bfbfb5f1d3ea18d]::intrinsicck::check_transmutes
  39:     0x7ffa5d96f8c3 - <rustc_lint[4b63b90d88a2686]::builtin::SpecialModuleName as rustc_lint[4b63b90d88a2686]::passes::EarlyLintPass>::check_crate
  15:     0x7ffa5d96c811 - <rustc_lint[4b63b90d88a2686]::builtin::SpecialModuleName as rustc_lint[4b63b90d88a2686]::passes::EarlyLintPass>::check_crate
  43:     0x7ffa5d97a7b3 - RINvNtNtCs3g3ukGuukiB_18rustc_query_system5query8plumbing17try_execute_queryINtCslvafsSmu2ar_16rustc_query_impl13DynamicConfigINtNtB4_6caches11SingleCacheINtNtNtCs2e14MyY4FST_12rustc_middle5query5erase6ErasedAhj0_EEKb0_KB3s_KB3s_ENtNtB1f_8plumbing9QueryCtx
  38:     0x7ffa5e0be5dd - <hashbrown[d71a3a8e0b15407e]::raw::RawTable<usize>>::reserve_rehash::<indexmap[68f6d206a0beeb42]::map::core::get_hash<(rustc_middle[19edb9457506ff51]::ty::predicate::Predicate, rustc_middle[19edb9457506ff51]::traits::ObligationCause), ()>::{closure#0}>
  40:     0x7ffa5daba51d - rustc_query_impl[fa7471587d55ebc1]::profiling_support::alloc_self_profile_query_strings
  16:     0x7ffa5ed70d03 - RINvNtNtCs3g3ukGuukiB_18rustc_query_system5query8plumbing17try_execute_queryINtCslvafsSmu2ar_16rustc_query_impl13DynamicConfigINtNtB4_6caches10DefIdCacheINtNtNtCs2e14MyY4FST_12rustc_middle5query5erase6ErasedAhj8_EEKb0_KB3r_KB3r_ENtNtB1f_8plumbing9QueryCtxt
warning: `server` (test "terminal_stop_test") generated 3 warnings
error: could not compile `server` (test "terminal_stop_test") due to 1 previous error; 3 warnings emitted
  44:     0x7ffa5da58fe3 - rustc_query_impl[fa7471587d55ebc1]::profiling_support::alloc_self_profile_query_strings
  41:     0x7ffa5d97c9f5 - RINvNtNtCs3g3ukGuukiB_18rustc_query_system5query8plumbing17try_execute_queryINtCslvafsSmu2ar_16rustc_query_impl13DynamicConfigINtNtB4_6caches11SingleCacheINtNtNtCs2e14MyY4FST_12rustc_middle5query5erase6ErasedAhj10_EEKb0_KB3t_KB3t_ENtNtB1f_8plumbing9QueryCt
  45:     0x7ffa5b499eb7 - std[cd0397b9f8d6eca1]::sys::backtrace::__rust_begin_short_backtrace::<std[cd0397b9f8d6eca1]::thread::lifecycle::spawn_unchecked<ctrlc[d71c8eb333b9981f]::set_handler_inner<rustc_driver_impl[7567023cd08d134f]::install_ctrlc_handler::{closure#0}>::{closure#0}, ()>::{closure#1}::{closure#0}::{closure#0}, ()>
  39:     0x7ffa5e0d0ac0 - rustc_hir_typeck[1bfbfb5f1d3ea18d]::typeck
  46:     0x7ffa5b49508f - RINvNtNtCshBhF7HOenvN_3std3sys9backtrace28___rust_begin_short_backtraceNCNCINvNtCsd5bjWkDf5Eg_15rustc_interface4util26run_in_thread_with_globalsNCINvB1e_31run_in_thread_pool_with_globalsNCINvNtB1g_9interface12run_compileruNCNvCsa4VFjvCuixT_17rustc_driver_i
  17:     0x7ffa5da404c4 - rustc_query_impl[fa7471587d55ebc1]::profiling_support::alloc_self_profile_query_strings
  47:     0x7ffa5b4a07f9 - std[cd0397b9f8d6eca1]::sys::backtrace::__rust_begin_short_backtrace::<std[cd0397b9f8d6eca1]::thread::lifecycle::spawn_unchecked<ctrlc[d71c8eb333b9981f]::set_handler_inner<rustc_driver_impl[7567023cd08d134f]::install_ctrlc_handler::{closure#0}>::{closure#0}, ()>::{closure#1}::{closure#0}::{closure#0}, ()>
  10:     0x7ffa61941026 - <rustc_metadata[53175839267e2dc9]::creader::CStore>::get_proc_macro_quoted_span_untracked
  15:     0x7ffa61941026 - <rustc_metadata[53175839267e2dc9]::creader::CStore>::get_proc_macro_quoted_span_untracked
  40:     0x7ffa5ed46dab - RINvMs6_NtCsgz2aUrXY3Tp_9hashbrown3rawINtB6_8RawTableTNtNtNtCs3g3ukGuukiB_18rustc_query_system9dep_graph8dep_node7DepNodeTNtNtCsbGBXJX5sA31_10rustc_span6def_id5DefIdNtNtCsfRxa6NCpQur_13rustc_type_ir5solve14SizedTraitKindEEE14reserve_rehashNCINvNtB8_3map11m
  42:     0x7ffa5da52318 - rustc_query_impl[fa7471587d55ebc1]::profiling_support::alloc_self_profile_query_strings
  18:     0x7ffa5efa20fe - <rustc_trait_selection[cc2e6dffbfbce5cd]::traits::engine::ObligationCtxt<rustc_trait_selection[cc2e6dffbfbce5cd]::traits::FulfillmentError>>::new_with_diagnostics
  48:     0x7ffa5df06e48 - std::sys::thread::windows::impl$0::new::thread_start
                               at /rustc/83e49b75e7daf827e4390ae0ccbcb0d0e2c96493/library\std\src\sys\thread\windows.rs:59
  16:     0x7ffa5f1aa520 - <rustc_metadata[53175839267e2dc9]::creader::CStore>::set_used_recursively
  11:     0x7ffa5f1aa520 - <rustc_metadata[53175839267e2dc9]::creader::CStore>::set_used_recursively
  41:     0x7ffa5edea282 - RINvNtNtCs3g3ukGuukiB_18rustc_query_system5query8plumbing17try_execute_queryINtCslvafsSmu2ar_16rustc_query_impl13DynamicConfigINtNtCs1Fy0pGx6Mev_21rustc_data_structures9vec_cache8VecCacheNtNtCsbGBXJX5sA31_10rustc_span6def_id10LocalDefIdINtNtNtCs2e14MyY4FST
  43:     0x7ffa5dd32755 - <rustc_middle[19edb9457506ff51]::ty::context::TyCtxt>::resolver_for_lowering
  49:     0x7ffb33127374 - BaseThreadInitThunk
  19:     0x7ffa5ef70220 - RINvNvXsF_Cs36DKQHv0lG6_8thin_vecINtB8_8IntoIterpENtNtNtCsfcicbMUF4Us_4core3ops4drop4Drop4drop18drop_non_singletonTINtNtCsuhXb10pzbE_11rustc_infer6traits10ObligationNtNtNtCs2e14MyY4FST_12rustc_middle2ty9predicate9PredicateEINtNtBS_6option6OptionINtNtCsfwKF
  44:     0x7ffa5b499df8 - std[cd0397b9f8d6eca1]::sys::backtrace::__rust_begin_short_backtrace::<std[cd0397b9f8d6eca1]::thread::lifecycle::spawn_unchecked<ctrlc[d71c8eb333b9981f]::set_handler_inner<rustc_driver_impl[7567023cd08d134f]::install_ctrlc_handler::{closure#0}>::{closure#0}, ()>::{closure#1}::{closure#0}::{closure#0}, ()>
  12:     0x7ffa5d96d001 - <rustc_lint[4b63b90d88a2686]::builtin::SpecialModuleName as rustc_lint[4b63b90d88a2686]::passes::EarlyLintPass>::check_crate
  17:     0x7ffa5d96d001 - <rustc_lint[4b63b90d88a2686]::builtin::SpecialModuleName as rustc_lint[4b63b90d88a2686]::passes::EarlyLintPass>::check_crate
  42:     0x7ffa5ee1ed62 - rustc_query_impl[fa7471587d55ebc1]::plumbing::query_key_hash_verify_all
  45:     0x7ffa5b49508f - RINvNtNtCshBhF7HOenvN_3std3sys9backtrace28___rust_begin_short_backtraceNCNCINvNtCsd5bjWkDf5Eg_15rustc_interface4util26run_in_thread_with_globalsNCINvB1e_31run_in_thread_pool_with_globalsNCINvNtB1g_9interface12run_compileruNCNvCsa4VFjvCuixT_17rustc_driver_i
  46:     0x7ffa5b4a07f9 - std[cd0397b9f8d6eca1]::sys::backtrace::__rust_begin_short_backtrace::<std[cd0397b9f8d6eca1]::thread::lifecycle::spawn_unchecked<ctrlc[d71c8eb333b9981f]::set_handler_inner<rustc_driver_impl[7567023cd08d134f]::install_ctrlc_handler::{closure#0}>::{closure#0}, ()>::{closure#1}::{closure#0}::{closure#0}, ()>
  50:     0x7ffb3457cc91 - RtlUserThreadStart
  13:     0x7ffa5daae7fd - rustc_query_impl[fa7471587d55ebc1]::profiling_support::alloc_self_profile_query_strings
  43:     0x7ffa5e289c5d - rustc_hir_analysis[e742de6bb5fb435d]::check_crate
  20:     0x7ffa5efea6db - <rustc_trait_selection[cc2e6dffbfbce5cd]::traits::select::SelectionContext>::evaluate_root_obligation
  18:     0x7ffa5daae7fd - rustc_query_impl[fa7471587d55ebc1]::profiling_support::alloc_self_profile_query_strings
  44:     0x7ffa5df63dd5 - rustc_interface[986486068fb2a34e]::passes::analysis
  14:     0x7ffa5ed48c1c - RINvNtNtCs3g3ukGuukiB_18rustc_query_system5query8plumbing17try_execute_queryINtCslvafsSmu2ar_16rustc_query_impl13DynamicConfigINtNtB4_6caches10DefIdCacheINtNtNtCs2e14MyY4FST_12rustc_middle5query5erase6ErasedAhj10_EEKb0_KB3s_KB3s_ENtNtB1f_8plumbing9QueryCtx
  19:     0x7ffa5ed48c1c - RINvNtNtCs3g3ukGuukiB_18rustc_query_system5query8plumbing17try_execute_queryINtCslvafsSmu2ar_16rustc_query_impl13DynamicConfigINtNtB4_6caches10DefIdCacheINtNtNtCs2e14MyY4FST_12rustc_middle5query5erase6ErasedAhj10_EEKb0_KB3s_KB3s_ENtNtB1f_8plumbing9QueryCtx
  21:     0x7ffa5efe3e8f - <rustc_trait_selection[cc2e6dffbfbce5cd]::traits::select::SelectionContext>::evaluate_root_obligation
  20:     0x7ffa5da422c7 - rustc_query_impl[fa7471587d55ebc1]::profiling_support::alloc_self_profile_query_strings
  47:     0x7ffa5df06e48 - std::sys::thread::windows::impl$0::new::thread_start
                               at /rustc/83e49b75e7daf827e4390ae0ccbcb0d0e2c96493/library\std\src\sys\thread\windows.rs:59
  15:     0x7ffa5da422c7 - rustc_query_impl[fa7471587d55ebc1]::profiling_support::alloc_self_profile_query_strings
  45:     0x7ffa5d97058a - <rustc_lint[4b63b90d88a2686]::builtin::SpecialModuleName as rustc_lint[4b63b90d88a2686]::passes::EarlyLintPass>::check_crate
  48:     0x7ffb33127374 - BaseThreadInitThunk
  16:     0x7ffa5ead3d8c - RINvMs6_NtCsisZ5AINT1la_9hashbrown3rawINtB6_8RawTablejE14reserve_rehashNCINvNtNtCs90IK5fHQQkE_8indexmap3map4core8get_hashNtNtCsbGBXJX5sA31_10rustc_span6symbol5IdentINtNtCseF1xlDwJuEU_9rustc_hir3def3ResNtNtCsbXz9WJxfmV_9rustc_ast7node_id6NodeIdEE0ECsc1McMC3
  46:     0x7ffa5d97a7b3 - RINvNtNtCs3g3ukGuukiB_18rustc_query_system5query8plumbing17try_execute_queryINtCslvafsSmu2ar_16rustc_query_impl13DynamicConfigINtNtB4_6caches11SingleCacheINtNtNtCs2e14MyY4FST_12rustc_middle5query5erase6ErasedAhj0_EEKb0_KB3s_KB3s_ENtNtB1f_8plumbing9QueryCtx
  22:     0x7ffa5e809a91 - rustc_traits[8c2986b5213ae8f2]::evaluate_obligation::evaluate_obligation
  49:     0x7ffb3457cc91 - RtlUserThreadStart
error: could not compile `server` (test "security_test")

Caused by:
  process didn't exit successfully: `D:\RUST\.rustup\toolchains\nightly-2025-12-04-x86_64-pc-windows-msvc\bin\rustc.exe --crate-name security_test --edition=2024 'crates\server\tests\security_test.rs' --error-format=json --json=diagnostic-rendered-ansi,artifacts,future-incompat --emit=dep-info,link -C opt-level=3 -C embed-bitcode=no -C debuginfo=1 -C split-debuginfo=packed '--allow=clippy::uninlined-format-args' --test --cfg 'feature="default"' --check-cfg 'cfg(docsrs,test)' --check-cfg 'cfg(feature, values("default", "qa-mode"))' -C metadata=11526f7985c0d910 -C extra-filename=-2e31e863986974bc --out-dir 'E:\GitCortex\.worktrees\phase-26-terminal-output-persistence\target\release\deps' -C strip=symbols -L 'dependency=E:\GitCortex\.worktrees\phase-26-terminal-output-persistence\target\release\deps' --extern 'anyhow=E:\GitCortex\.worktrees\phase-26-terminal-output-persistence\target\release\deps\libanyhow-a304bfc9c1bc5825.rlib' --extern 'axum=E:\GitCortex\.worktrees\phase-26-terminal-output-persistence\target\release\deps\libaxum-193fee14da03ae9d.rlib' --extern 'chrono=E:\GitCortex\.worktrees\phase-26-terminal-output-persistence\target\release\deps\libchrono-29362de2900dd130.rlib' --extern 'criterion=E:\GitCortex\.worktrees\phase-26-terminal-output-persistence\target\release\deps\libcriterion-a12264117fdde5f8.rlib' --extern 'db=E:\GitCortex\.worktrees\phase-26-terminal-output-persistence\target\release\deps\libdb-634c77a1c34e58ce.rlib' --extern 'deployment=E:\GitCortex\.worktrees\phase-26-terminal-output-persistence\target\release\deps\libdeployment-d22d2068bb8384df.rlib' --extern 'dotenv=E:\GitCortex\.worktrees\phase-26-terminal-output-persistence\target\release\deps\libdotenv-2daff52ca9ff4348.rlib' --extern 'executors=E:\GitCortex\.worktrees\phase-26-terminal-output-persistence\target\release\deps\libexecutors-8dfe5da866186690.rlib' --extern 'futures_util=E:\GitCortex\.worktrees\phase-26-terminal-output-persistence\target\release\deps\libfutures_util-138920ac001c36c6.rlib' --extern 'git2=E:\GitCortex\.worktrees\phase-26-terminal-output-persistence\target\release\deps\libgit2-a4ba38925c6dc355.rlib' --extern 'http_body_util=E:\GitCortex\.worktrees\phase-26-terminal-output-persistence\target\release\deps\libhttp_body_util-5eb07d755ad0f094.rlib' --extern 'hyper=E:\GitCortex\.worktrees\phase-26-terminal-output-persistence\target\release\deps\libhyper-59672180e9111b22.rlib' --extern 'ignore=E:\GitCortex\.worktrees\phase-26-terminal-output-persistence\target\release\deps\libignore-a8f61e453a4f98d1.rlib' --extern 'local_deployment=E:\GitCortex\.worktrees\phase-26-terminal-output-persistence\target\release\deps\liblocal_deployment-04db4877fba1168f.rlib' --extern 'mime_guess=E:\GitCortex\.worktrees\phase-26-terminal-output-persistence\target\release\deps\libmime_guess-8a3236af6e5564c1.rlib' --extern 'nix=E:\GitCortex\.worktrees\phase-26-terminal-output-persistence\target\release\deps\libnix-0329ddb3639d72cc.rlib' --extern 'once_cell=E:\GitCortex\.worktrees\phase-26-terminal-output-persistence\target\release\deps\libonce_cell-eef48ee747e7e306.rlib' --extern 'os_info=E:\GitCortex\.worktrees\phase-26-terminal-output-persistence\target\release\deps\libos_info-764e7fb8a3a030dd.rlib' --extern 'rand=E:\GitCortex\.worktrees\phase-26-terminal-output-persistence\target\release\deps\librand-240cd296cdfba10c.rlib' --extern 'raw_window_handle=E:\GitCortex\.worktrees\phase-26-terminal-output-persistence\target\release\deps\libraw_window_handle-d0ab343855468174.rlib' --extern 'regex=E:\GitCortex\.worktrees\phase-26-terminal-output-persistence\target\release\deps\libregex-14d9973cc2d403aa.rlib' --extern 'reqwest=E:\GitCortex\.worktrees\phase-26-terminal-output-persistence\target\release\deps\libreqwest-c518c4e8914ae580.rlib' --extern 'rfd=E:\GitCortex\.worktrees\phase-26-terminal-output-persistence\target\release\deps\librfd-c9e84b900f3b2502.rlib' --extern 'rmcp=E:\GitCortex\.worktrees\phase-26-terminal-output-persistence\target\release\deps\librmcp-90776f9c597f41d2.rlib' --extern 'rust_embed=E:\GitCortex\.worktrees\phase-26-terminal-output-persistence\target\release\deps\librust_embed-4adc6947973eaa73.rlib' --extern 'rustls=E:\GitCortex\.worktrees\phase-26-terminal-output-persistence\target\release\deps\librustls-70578b2cacfc4d5d.rlib' --extern 'schemars=E:\GitCortex\.worktrees\phase-26-terminal-output-persistence\target\release\deps\libschemars-c106f06778cd573a.rlib' --extern 'secrecy=E:\GitCortex\.worktrees\phase-26-terminal-output-persistence\target\release\deps\libsecrecy-2c84a46b94d346d1.rlib' --extern 'sentry=E:\GitCortex\.worktrees\phase-26-terminal-output-persistence\target\release\deps\libsentry-a6418c0b7a8d9b66.rlib' --extern 'serde=E:\GitCortex\.worktrees\phase-26-terminal-output-persistence\target\release\deps\libserde-3871011f22bf5599.rlib' --extern 'serde_json=E:\GitCortex\.worktrees\phase-26-terminal-output-persistence\target\release\deps\libserde_json-9743be2bb68373b2.rlib' --extern 'serial_test=E:\GitCortex\.worktrees\phase-26-terminal-output-persistence\target\release\deps\libserial_test-959de6efa3b3435e.rlib' --extern 'server=E:\GitCortex\.worktrees\phase-26-terminal-output-persistence\target\release\deps\libserver-a6fee0345c6f9754.rlib' --extern 'services=E:\GitCortex\.worktrees\phase-26-terminal-output-persistence\target\release\deps\libservices-ab5cccb101ae9ad7.rlib' --extern 'sha2=E:\GitCortex\.worktrees\phase-26-terminal-output-persistence\target\release\deps\libsha2-531086ad4a628d21.rlib' --extern 'shlex=E:\GitCortex\.worktrees\phase-26-terminal-output-persistence\target\release\deps\libshlex-54bb3df747b58ff6.rlib' --extern 'sqlx=E:\GitCortex\.worktrees\phase-26-terminal-output-persistence\target\release\deps\libsqlx-55eff546f6f1a75f.rlib' --extern 'strip_ansi_escapes=E:\GitCortex\.worktrees\phase-26-terminal-output-persistence\target\release\deps\libstrip_ansi_escapes-a3dafcfe50c08d92.rlib' --extern 'strum=E:\GitCortex\.worktrees\phase-26-terminal-output-persistence\target\release\deps\libstrum-60f596d88579b8a3.rlib' --extern 'sysinfo=E:\GitCortex\.worktrees\phase-26-terminal-output-persistence\target\release\deps\libsysinfo-b8e67c9839a22d45.rlib' --extern 'tempfile=E:\GitCortex\.worktrees\phase-26-terminal-output-persistence\target\release\deps\libtempfile-6a04d8a809a0c8fb.rlib' --extern 'thiserror=E:\GitCortex\.worktrees\phase-26-terminal-output-persistence\target\release\deps\libthiserror-5cb35f94fb406266.rlib' --extern 'tokio=E:\GitCortex\.worktrees\phase-26-terminal-output-persistence\target\release\deps\libtokio-57ca6baefeef9758.rlib' --extern 'tokio_tungstenite=E:\GitCortex\.worktrees\phase-26-terminal-output-persistence\target\release\deps\libtokio_tungstenite-1163f121484e53f0.rlib' --extern 'tokio_util=E:\GitCortex\.worktrees\phase-26-terminal-output-persistence\target\release\deps\libtokio_util-d2f66b35416d8305.rlib' --extern 'tower=E:\GitCortex\.worktrees\phase-26-terminal-output-persistence\target\release\deps\libtower-8abc62f84f906df3.rlib' --extern 'tracing=E:\GitCortex\.worktrees\phase-26-terminal-output-persistence\target\release\deps\libtracing-fe391a6383813af7.rlib' --extern 'tracing_subscriber=E:\GitCortex\.worktrees\phase-26-terminal-output-persistence\target\release\deps\libtracing_subscriber-711e1ae1b8c1560c.rlib' --extern 'ts_rs=E:\GitCortex\.worktrees\phase-26-terminal-output-persistence\target\release\deps\libts_rs-d28052fb56078252.rlib' --extern 'url=E:\GitCortex\.worktrees\phase-26-terminal-output-persistence\target\release\deps\liburl-04231a871d9497ac.rlib' --extern 'utils=E:\GitCortex\.worktrees\phase-26-terminal-output-persistence\target\release\deps\libutils-4545701a3247f886.rlib' --extern 'uuid=E:\GitCortex\.worktrees\phase-26-terminal-output-persistence\target\release\deps\libuuid-6798dd711abc8900.rlib' --extern 'windows_sys=E:\GitCortex\.worktrees\phase-26-terminal-output-persistence\target\release\deps\libwindows_sys-fcb98bceeaf0ecfd.rlib' --extern 'wiremock=E:\GitCortex\.worktrees\phase-26-terminal-output-persistence\target\release\deps\libwiremock-7ff5dcee06e7e50d.rlib' -C 'link-arg=/DEBUG:FASTLINK' -C 'link-arg=/DEBUG:FASTLINK' -L 'native=E:\GitCortex\.worktrees\phase-26-terminal-output-persistence\target\release\build\aws-lc-sys-c158319abae87f83\out\build\artifacts' -L 'native=E:\GitCortex\.worktrees\phase-26-terminal-output-persistence\target\release\build\libsqlite3-sys-61a98c17ef59c640\out' -L 'native=E:\GitCortex\.worktrees\phase-26-terminal-output-persistence\target\release\build\libgit2-sys-6239d80226de3d2b\out\build' -L 'native=E:\GitCortex\.worktrees\phase-26-terminal-output-persistence\target\release\build\libz-sys-05307365c8079003\out\lib' -L 'native=E:\GitCortex\.worktrees\phase-26-terminal-output-persistence\target\release\build\libz-sys-05307365c8079003\out\lib' -L 'native=D:\RUST\.cargo\registry\src\index.crates.io-1949cf8c6b5b557f\windows_x86_64_msvc-0.53.1\lib' -L 'native=D:\RUST\.cargo\registry\src\index.crates.io-1949cf8c6b5b557f\windows_x86_64_msvc-0.48.5\lib' -L 'native=D:\RUST\.cargo\registry\src\index.crates.io-1949cf8c6b5b557f\windows_x86_64_msvc-0.52.6\lib'` (exit code: 0xc0000409, STATUS_STACK_BUFFER_OVERRUN)
  47:     0x7ffa5da58fe3 - rustc_query_impl[fa7471587d55ebc1]::profiling_support::alloc_self_profile_query_strings
  23:     0x7ffa5ed45a3e - RINvMs6_NtCsgz2aUrXY3Tp_9hashbrown3rawINtB6_8RawTableTNtNtNtCs3g3ukGuukiB_18rustc_query_system9dep_graph8dep_node7DepNodeTNtNtCsbGBXJX5sA31_10rustc_span6def_id5DefIdNtNtCsfRxa6NCpQur_13rustc_type_ir5solve14SizedTraitKindEEE14reserve_rehashNCINvNtB8_3map11m
  21:     0x7ffa61beef86 - rustc_middle[19edb9457506ff51]::ty::print::pretty::trimmed_def_paths
  48:     0x7ffa5b499eb7 - std[cd0397b9f8d6eca1]::sys::backtrace::__rust_begin_short_backtrace::<std[cd0397b9f8d6eca1]::thread::lifecycle::spawn_unchecked<ctrlc[d71c8eb333b9981f]::set_handler_inner<rustc_driver_impl[7567023cd08d134f]::install_ctrlc_handler::{closure#0}>::{closure#0}, ()>::{closure#1}::{closure#0}::{closure#0}, ()>
  17:     0x7ffa610ea587 - <hashbrown[d71a3a8e0b15407e]::raw::RawTable<usize>>::reserve_rehash::<indexmap[68f6d206a0beeb42]::map::core::get_hash<rustc_ast[23f3bc78721fa13]::node_id::NodeId, rustc_resolve[8c1af89279765491]::check_unused::UnusedImport>::{closure#0}>
  49:     0x7ffa5b49508f - RINvNtNtCshBhF7HOenvN_3std3sys9backtrace28___rust_begin_short_backtraceNCNCINvNtCsd5bjWkDf5Eg_15rustc_interface4util26run_in_thread_with_globalsNCINvB1e_31run_in_thread_pool_with_globalsNCINvNtB1g_9interface12run_compileruNCNvCsa4VFjvCuixT_17rustc_driver_i
  24:     0x7ffa5eda2da1 - RINvNtNtCs3g3ukGuukiB_18rustc_query_system5query8plumbing17try_execute_queryINtCslvafsSmu2ar_16rustc_query_impl13DynamicConfigINtNtB4_6caches12DefaultCacheINtNtCsfRxa6NCpQur_13rustc_type_ir9canonical19CanonicalQueryInputNtNtNtCs2e14MyY4FST_12rustc_middle2t
  50:     0x7ffa5b4a07f9 - std[cd0397b9f8d6eca1]::sys::backtrace::__rust_begin_short_backtrace::<std[cd0397b9f8d6eca1]::thread::lifecycle::spawn_unchecked<ctrlc[d71c8eb333b9981f]::set_handler_inner<rustc_driver_impl[7567023cd08d134f]::install_ctrlc_handler::{closure#0}>::{closure#0}, ()>::{closure#1}::{closure#0}::{closure#0}, ()>
  18:     0x7ffa5ea51b9b - RINvMs6_NtCsisZ5AINT1la_9hashbrown3rawINtB6_8RawTablejE14reserve_rehashNCINvNtNtCs90IK5fHQQkE_8indexmap3map4core8get_hashNtNtCsbGBXJX5sA31_10rustc_span6symbol5IdentINtNtCseF1xlDwJuEU_9rustc_hir3def3ResNtNtCsbXz9WJxfmV_9rustc_ast7node_id6NodeIdEE0ECsc1McMC3
  25:     0x7ffa5ee18520 - rustc_query_impl[fa7471587d55ebc1]::plumbing::query_key_hash_verify_all
  19:     0x7ffa5d8b3b76 - <rustc_resolve[8c1af89279765491]::Resolver>::resolve_crate
  22:     0x7ffa6144c724 - core[b10617447b79c3b6]::panicking::assert_matches_failed::<rustc_query_system[25f5926874e6e383]::dep_graph::graph::DepNodeColor>
  51:     0x7ffa5df06e48 - std::sys::thread::windows::impl$0::new::thread_start
                               at /rustc/83e49b75e7daf827e4390ae0ccbcb0d0e2c96493/library\std\src\sys\thread\windows.rs:59
  20:     0x7ffa5df5e246 - rustc_interface[986486068fb2a34e]::proc_macro_decls::proc_macro_decls_static
  23:     0x7ffa5d98647b - RINvNtNtCs3g3ukGuukiB_18rustc_query_system5query8plumbing17try_execute_queryINtCslvafsSmu2ar_16rustc_query_impl13DynamicConfigINtNtB4_6caches11SingleCacheINtNtNtCs2e14MyY4FST_12rustc_middle5query5erase6ErasedAhj8_EEKb0_KB3s_KB3s_ENtNtB1f_8plumbing9QueryCtx
  26:     0x7ffa5f05025b - <rustc_infer[5b0baa3e4a908b8]::infer::InferCtxt as rustc_trait_selection[cc2e6dffbfbce5cd]::traits::query::evaluate_obligation::InferCtxtExt>::evaluate_obligation_no_overflow
  21:     0x7ffa5b509940 - rustc_interface[986486068fb2a34e]::passes::resolver_for_lowering_raw
  52:     0x7ffb33127374 - BaseThreadInitThunk
  53:     0x7ffb3457cc91 - RtlUserThreadStart
  22:     0x7ffa5d96f8c3 - <rustc_lint[4b63b90d88a2686]::builtin::SpecialModuleName as rustc_lint[4b63b90d88a2686]::passes::EarlyLintPass>::check_crate
  27:     0x7ffa5f04fbd9 - <rustc_infer[5b0baa3e4a908b8]::infer::InferCtxt as rustc_trait_selection[cc2e6dffbfbce5cd]::traits::query::evaluate_obligation::InferCtxtExt>::predicate_may_hold
  24:     0x7ffa614e93c6 - <alloc[765f288b28e99146]::sync::Arc<rustc_session[cc4b05e851d72b0]::cstore::CrateSource>>::drop_slow
  23:     0x7ffa5daba51d - rustc_query_impl[fa7471587d55ebc1]::profiling_support::alloc_self_profile_query_strings
  28:     0x7ffa5e09f675 - <hashbrown[d71a3a8e0b15407e]::raw::RawTable<usize>>::reserve_rehash::<indexmap[68f6d206a0beeb42]::map::core::get_hash<(rustc_middle[19edb9457506ff51]::ty::predicate::Predicate, rustc_middle[19edb9457506ff51]::traits::ObligationCause), ()>::{closure#0}>
  24:     0x7ffa5d97c9f5 - RINvNtNtCs3g3ukGuukiB_18rustc_query_system5query8plumbing17try_execute_queryINtCslvafsSmu2ar_16rustc_query_impl13DynamicConfigINtNtB4_6caches11SingleCacheINtNtNtCs2e14MyY4FST_12rustc_middle5query5erase6ErasedAhj10_EEKb0_KB3t_KB3t_ENtNtB1f_8plumbing9QueryCt
  29:     0x7ffa5e1fd80a - rustc_hir_typeck[1bfbfb5f1d3ea18d]::typeck
  25:     0x7ffa5da52318 - rustc_query_impl[fa7471587d55ebc1]::profiling_support::alloc_self_profile_query_strings
  25:     0x7ffa61c25618 - <rustc_middle[19edb9457506ff51]::ty::print::pretty::FmtPrinter as rustc_middle[19edb9457506ff51]::ty::print::Printer>::print_def_path
  30:     0x7ffa5e2103b3 - rustc_hir_typeck[1bfbfb5f1d3ea18d]::typeck
  26:     0x7ffa5dd32755 - <rustc_middle[19edb9457506ff51]::ty::context::TyCtxt>::resolver_for_lowering
  31:     0x7ffa5e1e433e - rustc_hir_typeck[1bfbfb5f1d3ea18d]::typeck
  27:     0x7ffa5b499df8 - std[cd0397b9f8d6eca1]::sys::backtrace::__rust_begin_short_backtrace::<std[cd0397b9f8d6eca1]::thread::lifecycle::spawn_unchecked<ctrlc[d71c8eb333b9981f]::set_handler_inner<rustc_driver_impl[7567023cd08d134f]::install_ctrlc_handler::{closure#0}>::{closure#0}, ()>::{closure#1}::{closure#0}::{closure#0}, ()>
  28:     0x7ffa5b49508f - RINvNtNtCshBhF7HOenvN_3std3sys9backtrace28___rust_begin_short_backtraceNCNCINvNtCsd5bjWkDf5Eg_15rustc_interface4util26run_in_thread_with_globalsNCINvB1e_31run_in_thread_pool_with_globalsNCINvNtB1g_9interface12run_compileruNCNvCsa4VFjvCuixT_17rustc_driver_i
  29:     0x7ffa5b4a07f9 - std[cd0397b9f8d6eca1]::sys::backtrace::__rust_begin_short_backtrace::<std[cd0397b9f8d6eca1]::thread::lifecycle::spawn_unchecked<ctrlc[d71c8eb333b9981f]::set_handler_inner<rustc_driver_impl[7567023cd08d134f]::install_ctrlc_handler::{closure#0}>::{closure#0}, ()>::{closure#1}::{closure#0}::{closure#0}, ()>
  30:     0x7ffa5df06e48 - std::sys::thread::windows::impl$0::new::thread_start
                               at /rustc/83e49b75e7daf827e4390ae0ccbcb0d0e2c96493/library\std\src\sys\thread\windows.rs:59
  32:     0x7ffa5e0e9fd2 - rustc_hir_typeck[1bfbfb5f1d3ea18d]::typeck
  26:     0x7ffa61c44a5d - <rustc_middle[19edb9457506ff51]::ty::print::pretty::CratePrefixGuard as core[b10617447b79c3b6]::ops::drop::Drop>::drop
  31:     0x7ffb33127374 - BaseThreadInitThunk
  33:     0x7ffa5e12c385 - rustc_hir_typeck[1bfbfb5f1d3ea18d]::typeck
  32:     0x7ffb3457cc91 - RtlUserThreadStart
  34:     0x7ffa5e138e8b - rustc_hir_typeck[1bfbfb5f1d3ea18d]::typeck
  27:     0x7ffa61bf0951 - <rustc_middle[19edb9457506ff51]::ty::Ty as rustc_error_messages[1e72f0b83b51ccb8]::IntoDiagArg>::into_diag_arg
error: could not compile `services` (test "terminal_timeout_test")

Caused by:
  process didn't exit successfully: `D:\RUST\.rustup\toolchains\nightly-2025-12-04-x86_64-pc-windows-msvc\bin\rustc.exe --crate-name terminal_timeout_test --edition=2024 'crates\services\tests\terminal_timeout_test.rs' --error-format=json --json=diagnostic-rendered-ansi,artifacts,future-incompat --emit=dep-info,link -C opt-level=3 -C embed-bitcode=no -C debuginfo=1 -C split-debuginfo=packed --test --cfg 'feature="default"' --check-cfg 'cfg(docsrs,test)' --check-cfg 'cfg(feature, values("cloud", "default", "qa-mode"))' -C metadata=18acc257ee189699 -C extra-filename=-112ecce5d7dafbac --out-dir 'E:\GitCortex\.worktrees\phase-26-terminal-output-persistence\target\release\deps' -C strip=symbols -L 'dependency=E:\GitCortex\.worktrees\phase-26-terminal-output-persistence\target\release\deps' --extern 'anyhow=E:\GitCortex\.worktrees\phase-26-terminal-output-persistence\target\release\deps\libanyhow-a304bfc9c1bc5825.rlib' --extern 'async_trait=E:\GitCortex\.worktrees\phase-26-terminal-output-persistence\target\release\deps\async_trait-345bd5ac7a9f3a37.dll' --extern 'axum=E:\GitCortex\.worktrees\phase-26-terminal-output-persistence\target\release\deps\libaxum-193fee14da03ae9d.rlib' --extern 'backon=E:\GitCortex\.worktrees\phase-26-terminal-output-persistence\target\release\deps\libbackon-5fbf6afad41eda10.rlib' --extern 'base64=E:\GitCortex\.worktrees\phase-26-terminal-output-persistence\target\release\deps\libbase64-964e1270fd7f5803.rlib' --extern 'cc_switch=E:\GitCortex\.worktrees\phase-26-terminal-output-persistence\target\release\deps\libcc_switch-0fda9cadbd5a018c.rlib' --extern 'chrono=E:\GitCortex\.worktrees\phase-26-terminal-output-persistence\target\release\deps\libchrono-29362de2900dd130.rlib' --extern 'dashmap=E:\GitCortex\.worktrees\phase-26-terminal-output-persistence\target\release\deps\libdashmap-b4c582f6a29274e9.rlib' --extern 'db=E:\GitCortex\.worktrees\phase-26-terminal-output-persistence\target\release\deps\libdb-634c77a1c34e58ce.rlib' --extern 'dirs=E:\GitCortex\.worktrees\phase-26-terminal-output-persistence\target\release\deps\libdirs-9627e8290125819e.rlib' --extern 'dunce=E:\GitCortex\.worktrees\phase-26-terminal-output-persistence\target\release\deps\libdunce-540e3fd8bb9a2cf0.rlib' --extern 'enum_dispatch=E:\GitCortex\.worktrees\phase-26-terminal-output-persistence\target\release\deps\enum_dispatch-6bde7a63c4f6060a.dll' --extern 'executors=E:\GitCortex\.worktrees\phase-26-terminal-output-persistence\target\release\deps\libexecutors-8dfe5da866186690.rlib' --extern 'fst=E:\GitCortex\.worktrees\phase-26-terminal-output-persistence\target\release\deps\libfst-22d111020f9c5840.rlib' --extern 'futures=E:\GitCortex\.worktrees\phase-26-terminal-output-persistence\target\release\deps\libfutures-82d1b43bc1c08bf3.rlib' --extern 'futures_util=E:\GitCortex\.worktrees\phase-26-terminal-output-persistence\target\release\deps\libfutures_util-138920ac001c36c6.rlib' --extern 'git2=E:\GitCortex\.worktrees\phase-26-terminal-output-persistence\target\release\deps\libgit2-a4ba38925c6dc355.rlib' --extern 'governor=E:\GitCortex\.worktrees\phase-26-terminal-output-persistence\target\release\deps\libgovernor-be0d8365382749c6.rlib' --extern 'handlebars=E:\GitCortex\.worktrees\phase-26-terminal-output-persistence\target\release\deps\libhandlebars-56e17fcfe60f6cb6.rlib' --extern 'ignore=E:\GitCortex\.worktrees\phase-26-terminal-output-persistence\target\release\deps\libignore-a8f61e453a4f98d1.rlib' --extern 'json_patch=E:\GitCortex\.worktrees\phase-26-terminal-output-persistence\target\release\deps\libjson_patch-48ae63f2023339f8.rlib' --extern 'moka=E:\GitCortex\.worktrees\phase-26-terminal-output-persistence\target\release\deps\libmoka-a99671ec9673c60c.rlib' --extern 'notify=E:\GitCortex\.worktrees\phase-26-terminal-output-persistence\target\release\deps\libnotify-4a190b490fac8f4c.rlib' --extern 'notify_debouncer_full=E:\GitCortex\.worktrees\phase-26-terminal-output-persistence\target\release\deps\libnotify_debouncer_full-1b505e50d607d847.rlib' --extern 'notify_rust=E:\GitCortex\.worktrees\phase-26-terminal-output-persistence\target\release\deps\libnotify_rust-451fe7a0345fc183.rlib' --extern 'once_cell=E:\GitCortex\.worktrees\phase-26-terminal-output-persistence\target\release\deps\libonce_cell-eef48ee747e7e306.rlib' --extern 'os_info=E:\GitCortex\.worktrees\phase-26-terminal-output-persistence\target\release\deps\libos_info-764e7fb8a3a030dd.rlib' --extern 'portable_pty=E:\GitCortex\.worktrees\phase-26-terminal-output-persistence\target\release\deps\libportable_pty-f923dfdf58df462c.rlib' --extern 'regex=E:\GitCortex\.worktrees\phase-26-terminal-output-persistence\target\release\deps\libregex-14d9973cc2d403aa.rlib' --extern 'reqwest=E:\GitCortex\.worktrees\phase-26-terminal-output-persistence\target\release\deps\libreqwest-c518c4e8914ae580.rlib' --extern 'rust_embed=E:\GitCortex\.worktrees\phase-26-terminal-output-persistence\target\release\deps\librust_embed-4adc6947973eaa73.rlib' --extern 'rustls=E:\GitCortex\.worktrees\phase-26-terminal-output-persistence\target\release\deps\librustls-70578b2cacfc4d5d.rlib' --extern 'secrecy=E:\GitCortex\.worktrees\phase-26-terminal-output-persistence\target\release\deps\libsecrecy-2c84a46b94d346d1.rlib' --extern 'serde=E:\GitCortex\.worktrees\phase-26-terminal-output-persistence\target\release\deps\libserde-3871011f22bf5599.rlib' --extern 'serde_json=E:\GitCortex\.worktrees\phase-26-terminal-output-persistence\target\release\deps\libserde_json-9743be2bb68373b2.rlib' --extern 'services=E:\GitCortex\.worktrees\phase-26-terminal-output-persistence\target\release\deps\libservices-ab5cccb101ae9ad7.rlib' --extern 'sha2=E:\GitCortex\.worktrees\phase-26-terminal-output-persistence\target\release\deps\libsha2-531086ad4a628d21.rlib' --extern 'sqlx=E:\GitCortex\.worktrees\phase-26-terminal-output-persistence\target\release\deps\libsqlx-55eff546f6f1a75f.rlib' --extern 'strum=E:\GitCortex\.worktrees\phase-26-terminal-output-persistence\target\release\deps\libstrum-60f596d88579b8a3.rlib' --extern 'strum_macros=E:\GitCortex\.worktrees\phase-26-terminal-output-persistence\target\release\deps\strum_macros-de93229f4ce334aa.dll' --extern 'tempfile=E:\GitCortex\.worktrees\phase-26-terminal-output-persistence\target\release\deps\libtempfile-6a04d8a809a0c8fb.rlib' --extern 'thiserror=E:\GitCortex\.worktrees\phase-26-terminal-output-persistence\target\release\deps\libthiserror-5cb35f94fb406266.rlib' --extern 'tokio=E:\GitCortex\.worktrees\phase-26-terminal-output-persistence\target\release\deps\libtokio-57ca6baefeef9758.rlib' --extern 'tokio_stream=E:\GitCortex\.worktrees\phase-26-terminal-output-persistence\target\release\deps\libtokio_stream-a2f7ef3b13f6a3fb.rlib' --extern 'tokio_test=E:\GitCortex\.worktrees\phase-26-terminal-output-persistence\target\release\deps\libtokio_test-9dbede70136d7c9a.rlib' --extern 'tokio_util=E:\GitCortex\.worktrees\phase-26-terminal-output-persistence\target\release\deps\libtokio_util-d2f66b35416d8305.rlib' --extern 'tracing=E:\GitCortex\.worktrees\phase-26-terminal-output-persistence\target\release\deps\libtracing-fe391a6383813af7.rlib' --extern 'ts_rs=E:\GitCortex\.worktrees\phase-26-terminal-output-persistence\target\release\deps\libts_rs-d28052fb56078252.rlib' --extern 'url=E:\GitCortex\.worktrees\phase-26-terminal-output-persistence\target\release\deps\liburl-04231a871d9497ac.rlib' --extern 'utils=E:\GitCortex\.worktrees\phase-26-terminal-output-persistence\target\release\deps\libutils-4545701a3247f886.rlib' --extern 'uuid=E:\GitCortex\.worktrees\phase-26-terminal-output-persistence\target\release\deps\libuuid-6798dd711abc8900.rlib' --extern 'winapi=E:\GitCortex\.worktrees\phase-26-terminal-output-persistence\target\release\deps\libwinapi-33d5bff499813303.rlib' --extern 'wiremock=E:\GitCortex\.worktrees\phase-26-terminal-output-persistence\target\release\deps\libwiremock-7ff5dcee06e7e50d.rlib' -C 'link-arg=/DEBUG:FASTLINK' -C 'link-arg=/DEBUG:FASTLINK' -L 'native=E:\GitCortex\.worktrees\phase-26-terminal-output-persistence\target\release\build\aws-lc-sys-c158319abae87f83\out\build\artifacts' -L 'native=E:\GitCortex\.worktrees\phase-26-terminal-output-persistence\target\release\build\libsqlite3-sys-61a98c17ef59c640\out' -L 'native=E:\GitCortex\.worktrees\phase-26-terminal-output-persistence\target\release\build\libgit2-sys-6239d80226de3d2b\out\build' -L 'native=E:\GitCortex\.worktrees\phase-26-terminal-output-persistence\target\release\build\libz-sys-05307365c8079003\out\lib' -L 'native=E:\GitCortex\.worktrees\phase-26-terminal-output-persistence\target\release\build\libz-sys-05307365c8079003\out\lib' -L 'native=D:\RUST\.cargo\registry\src\index.crates.io-1949cf8c6b5b557f\windows_x86_64_msvc-0.53.1\lib' -L 'native=D:\RUST\.cargo\registry\src\index.crates.io-1949cf8c6b5b557f\windows_x86_64_msvc-0.48.5\lib' -L 'native=D:\RUST\.cargo\registry\src\index.crates.io-1949cf8c6b5b557f\windows_x86_64_msvc-0.52.6\lib'` (exit code: 0xc0000409, STATUS_STACK_BUFFER_OVERRUN)
  35:     0x7ffa5e12cb29 - rustc_hir_typeck[1bfbfb5f1d3ea18d]::typeck
  28:     0x7ffa607d51dc - <hashbrown[d71a3a8e0b15407e]::raw::RawTable<usize>>::reserve_rehash::<indexmap[68f6d206a0beeb42]::map::core::get_hash<(rustc_span[882110857735a81d]::span_encoding::Span, &str), ()>::{closure#0}>
  36:     0x7ffa5e10ed47 - rustc_hir_typeck[1bfbfb5f1d3ea18d]::typeck
  37:     0x7ffa5e12cddb - rustc_hir_typeck[1bfbfb5f1d3ea18d]::typeck
  29:     0x7ffa608929cd - rustc_hir_typeck[1bfbfb5f1d3ea18d]::inspect_typeck
  38:     0x7ffa5e10ed47 - rustc_hir_typeck[1bfbfb5f1d3ea18d]::typeck
  30:     0x7ffa60883716 - rustc_hir_typeck[1bfbfb5f1d3ea18d]::inspect_typeck
  39:     0x7ffa5e12cddb - rustc_hir_typeck[1bfbfb5f1d3ea18d]::typeck
  31:     0x7ffa5e0ee501 - rustc_hir_typeck[1bfbfb5f1d3ea18d]::typeck
  40:     0x7ffa5e1a6c81 - rustc_hir_typeck[1bfbfb5f1d3ea18d]::typeck
  32:     0x7ffa5e12c385 - rustc_hir_typeck[1bfbfb5f1d3ea18d]::typeck
  41:     0x7ffa5e1a9567 - rustc_hir_typeck[1bfbfb5f1d3ea18d]::typeck
  33:     0x7ffa5e138e8b - rustc_hir_typeck[1bfbfb5f1d3ea18d]::typeck
error: could not compile `server` (test "slash_commands_test")

Caused by:
  配额不足，无法完成请求的服务。 (os error 1453)

Caused by:
  failed to parse process output: `D:\RUST\.rustup\toolchains\nightly-2025-12-04-x86_64-pc-windows-msvc\bin\rustc.exe --crate-name slash_commands_test --edition=2024 'crates\server\tests\slash_commands_test.rs' --error-format=json --json=diagnostic-rendered-ansi,artifacts,future-incompat --emit=dep-info,link -C opt-level=3 -C embed-bitcode=no -C debuginfo=1 -C split-debuginfo=packed '--allow=clippy::uninlined-format-args' --test --cfg 'feature="default"' --check-cfg 'cfg(docsrs,test)' --check-cfg 'cfg(feature, values("default", "qa-mode"))' -C metadata=86e30fc01bb2124a -C extra-filename=-0a3ffde3ed41cc14 --out-dir 'E:\GitCortex\.worktrees\phase-26-terminal-output-persistence\target\release\deps' -C strip=symbols -L 'dependency=E:\GitCortex\.worktrees\phase-26-terminal-output-persistence\target\release\deps' --extern 'anyhow=E:\GitCortex\.worktrees\phase-26-terminal-output-persistence\target\release\deps\libanyhow-a304bfc9c1bc5825.rlib' --extern 'axum=E:\GitCortex\.worktrees\phase-26-terminal-output-persistence\target\release\deps\libaxum-193fee14da03ae9d.rlib' --extern 'chrono=E:\GitCortex\.worktrees\phase-26-terminal-output-persistence\target\release\deps\libchrono-29362de2900dd130.rlib' --extern 'criterion=E:\GitCortex\.worktrees\phase-26-terminal-output-persistence\target\release\deps\libcriterion-a12264117fdde5f8.rlib' --extern 'db=E:\GitCortex\.worktrees\phase-26-terminal-output-persistence\target\release\deps\libdb-634c77a1c34e58ce.rlib' --extern 'deployment=E:\GitCortex\.worktrees\phase-26-terminal-output-persistence\target\release\deps\libdeployment-d22d2068bb8384df.rlib' --extern 'dotenv=E:\GitCortex\.worktrees\phase-26-terminal-output-persistence\target\release\deps\libdotenv-2daff52ca9ff4348.rlib' --extern 'executors=E:\GitCortex\.worktrees\phase-26-terminal-output-persistence\target\release\deps\libexecutors-8dfe5da866186690.rlib' --extern 'futures_util=E:\GitCortex\.worktrees\phase-26-terminal-output-persistence\target\release\deps\libfutures_util-138920ac001c36c6.rlib' --extern 'git2=E:\GitCortex\.worktrees\phase-26-terminal-output-persistence\target\release\deps\libgit2-a4ba38925c6dc355.rlib' --extern 'http_body_util=E:\GitCortex\.worktrees\phase-26-terminal-output-persistence\target\release\deps\libhttp_body_util-5eb07d755ad0f094.rlib' --extern 'hyper=E:\GitCortex\.worktrees\phase-26-terminal-output-persistence\target\release\deps\libhyper-59672180e9111b22.rlib' --extern 'ignore=E:\GitCortex\.worktrees\phase-26-terminal-output-persistence\target\release\deps\libignore-a8f61e453a4f98d1.rlib' --extern 'local_deployment=E:\GitCortex\.worktrees\phase-26-terminal-output-persistence\target\release\deps\liblocal_deployment-04db4877fba1168f.rlib' --extern 'mime_guess=E:\GitCortex\.worktrees\phase-26-terminal-output-persistence\target\release\deps\libmime_guess-8a3236af6e5564c1.rlib' --extern 'nix=E:\GitCortex\.worktrees\phase-26-terminal-output-persistence\target\release\deps\libnix-0329ddb3639d72cc.rlib' --extern 'once_cell=E:\GitCortex\.worktrees\phase-26-terminal-output-persistence\target\release\deps\libonce_cell-eef48ee747e7e306.rlib' --extern 'os_info=E:\GitCortex\.worktrees\phase-26-terminal-output-persistence\target\release\deps\libos_info-764e7fb8a3a030dd.rlib' --extern 'rand=E:\GitCortex\.worktrees\phase-26-terminal-output-persistence\target\release\deps\librand-240cd296cdfba10c.rlib' --extern 'raw_window_handle=E:\GitCortex\.worktrees\phase-26-terminal-output-persistence\target\release\deps\libraw_window_handle-d0ab343855468174.rlib' --extern 'regex=E:\GitCortex\.worktrees\phase-26-terminal-output-persistence\target\release\deps\libregex-14d9973cc2d403aa.rlib' --extern 'reqwest=E:\GitCortex\.worktrees\phase-26-terminal-output-persistence\target\release\deps\libreqwest-c518c4e8914ae580.rlib' --extern 'rfd=E:\GitCortex\.worktrees\phase-26-terminal-output-persistence\target\release\deps\librfd-c9e84b900f3b2502.rlib' --extern 'rmcp=E:\GitCortex\.worktrees\phase-26-terminal-output-persistence\target\release\deps\librmcp-90776f9c597f41d2.rlib' --extern 'rust_embed=E:\GitCortex\.worktrees\phase-26-terminal-output-persistence\target\release\deps\librust_embed-4adc6947973eaa73.rlib' --extern 'rustls=E:\GitCortex\.worktrees\phase-26-terminal-output-persistence\target\release\deps\librustls-70578b2cacfc4d5d.rlib' --extern 'schemars=E:\GitCortex\.worktrees\phase-26-terminal-output-persistence\target\release\deps\libschemars-c106f06778cd573a.rlib' --extern 'secrecy=E:\GitCortex\.worktrees\phase-26-terminal-output-persistence\target\release\deps\libsecrecy-2c84a46b94d346d1.rlib' --extern 'sentry=E:\GitCortex\.worktrees\phase-26-terminal-output-persistence\target\release\deps\libsentry-a6418c0b7a8d9b66.rlib' --extern 'serde=E:\GitCortex\.worktrees\phase-26-terminal-output-persistence\target\release\deps\libserde-3871011f22bf5599.rlib' --extern 'serde_json=E:\GitCortex\.worktrees\phase-26-terminal-output-persistence\target\release\deps\libserde_json-9743be2bb68373b2.rlib' --extern 'serial_test=E:\GitCortex\.worktrees\phase-26-terminal-output-persistence\target\release\deps\libserial_test-959de6efa3b3435e.rlib' --extern 'server=E:\GitCortex\.worktrees\phase-26-terminal-output-persistence\target\release\deps\libserver-a6fee0345c6f9754.rlib' --extern 'services=E:\GitCortex\.worktrees\phase-26-terminal-output-persistence\target\release\deps\libservices-ab5cccb101ae9ad7.rlib' --extern 'sha2=E:\GitCortex\.worktrees\phase-26-terminal-output-persistence\target\release\deps\libsha2-531086ad4a628d21.rlib' --extern 'shlex=E:\GitCortex\.worktrees\phase-26-terminal-output-persistence\target\release\deps\libshlex-54bb3df747b58ff6.rlib' --extern 'sqlx=E:\GitCortex\.worktrees\phase-26-terminal-output-persistence\target\release\deps\libsqlx-55eff546f6f1a75f.rlib' --extern 'strip_ansi_escapes=E:\GitCortex\.worktrees\phase-26-terminal-output-persistence\target\release\deps\libstrip_ansi_escapes-a3dafcfe50c08d92.rlib' --extern 'strum=E:\GitCortex\.worktrees\phase-26-terminal-output-persistence\target\release\deps\libstrum-60f596d88579b8a3.rlib' --extern 'sysinfo=E:\GitCortex\.worktrees\phase-26-terminal-output-persistence\target\release\deps\libsysinfo-b8e67c9839a22d45.rlib' --extern 'tempfile=E:\GitCortex\.worktrees\phase-26-terminal-output-persistence\target\release\deps\libtempfile-6a04d8a809a0c8fb.rlib' --extern 'thiserror=E:\GitCortex\.worktrees\phase-26-terminal-output-persistence\target\release\deps\libthiserror-5cb35f94fb406266.rlib' --extern 'tokio=E:\GitCortex\.worktrees\phase-26-terminal-output-persistence\target\release\deps\libtokio-57ca6baefeef9758.rlib' --extern 'tokio_tungstenite=E:\GitCortex\.worktrees\phase-26-terminal-output-persistence\target\release\deps\libtokio_tungstenite-1163f121484e53f0.rlib' --extern 'tokio_util=E:\GitCortex\.worktrees\phase-26-terminal-output-persistence\target\release\deps\libtokio_util-d2f66b35416d8305.rlib' --extern 'tower=E:\GitCortex\.worktrees\phase-26-terminal-output-persistence\target\release\deps\libtower-8abc62f84f906df3.rlib' --extern 'tracing=E:\GitCortex\.worktrees\phase-26-terminal-output-persistence\target\release\deps\libtracing-fe391a6383813af7.rlib' --extern 'tracing_subscriber=E:\GitCortex\.worktrees\phase-26-terminal-output-persistence\target\release\deps\libtracing_subscriber-711e1ae1b8c1560c.rlib' --extern 'ts_rs=E:\GitCortex\.worktrees\phase-26-terminal-output-persistence\target\release\deps\libts_rs-d28052fb56078252.rlib' --extern 'url=E:\GitCortex\.worktrees\phase-26-terminal-output-persistence\target\release\deps\liburl-04231a871d9497ac.rlib' --extern 'utils=E:\GitCortex\.worktrees\phase-26-terminal-output-persistence\target\release\deps\libutils-4545701a3247f886.rlib' --extern 'uuid=E:\GitCortex\.worktrees\phase-26-terminal-output-persistence\target\release\deps\libuuid-6798dd711abc8900.rlib' --extern 'windows_sys=E:\GitCortex\.worktrees\phase-26-terminal-output-persistence\target\release\deps\libwindows_sys-fcb98bceeaf0ecfd.rlib' --extern 'wiremock=E:\GitCortex\.worktrees\phase-26-terminal-output-persistence\target\release\deps\libwiremock-7ff5dcee06e7e50d.rlib' -C 'link-arg=/DEBUG:FASTLINK' -C 'link-arg=/DEBUG:FASTLINK' -L 'native=E:\GitCortex\.worktrees\phase-26-terminal-output-persistence\target\release\build\aws-lc-sys-c158319abae87f83\out\build\artifacts' -L 'native=E:\GitCortex\.worktrees\phase-26-terminal-output-persistence\target\release\build\libsqlite3-sys-61a98c17ef59c640\out' -L 'native=E:\GitCortex\.worktrees\phase-26-terminal-output-persistence\target\release\build\libgit2-sys-6239d80226de3d2b\out\build' -L 'native=E:\GitCortex\.worktrees\phase-26-terminal-output-persistence\target\release\build\libz-sys-05307365c8079003\out\lib' -L 'native=E:\GitCortex\.worktrees\phase-26-terminal-output-persistence\target\release\build\libz-sys-05307365c8079003\out\lib' -L 'native=D:\RUST\.cargo\registry\src\index.crates.io-1949cf8c6b5b557f\windows_x86_64_msvc-0.53.1\lib' -L 'native=D:\RUST\.cargo\registry\src\index.crates.io-1949cf8c6b5b557f\windows_x86_64_msvc-0.48.5\lib' -L 'native=D:\RUST\.cargo\registry\src\index.crates.io-1949cf8c6b5b557f\windows_x86_64_msvc-0.52.6\lib'` (exit code: 0xc0000409, STATUS_STACK_BUFFER_OVERRUN)
error: could not compile `server` (test "deployment_process_manager_test")

Caused by:
  process didn't exit successfully: `D:\RUST\.rustup\toolchains\nightly-2025-12-04-x86_64-pc-windows-msvc\bin\rustc.exe --crate-name deployment_process_manager_test --edition=2024 'crates\server\tests\deployment_process_manager_test.rs' --error-format=json --json=diagnostic-rendered-ansi,artifacts,future-incompat --emit=dep-info,link -C opt-level=3 -C embed-bitcode=no -C debuginfo=1 -C split-debuginfo=packed '--allow=clippy::uninlined-format-args' --test --cfg 'feature="default"' --check-cfg 'cfg(docsrs,test)' --check-cfg 'cfg(feature, values("default", "qa-mode"))' -C metadata=2d539e246f238c1a -C extra-filename=-d0661dcb11218405 --out-dir 'E:\GitCortex\.worktrees\phase-26-terminal-output-persistence\target\release\deps' -C strip=symbols -L 'dependency=E:\GitCortex\.worktrees\phase-26-terminal-output-persistence\target\release\deps' --extern 'anyhow=E:\GitCortex\.worktrees\phase-26-terminal-output-persistence\target\release\deps\libanyhow-a304bfc9c1bc5825.rlib' --extern 'axum=E:\GitCortex\.worktrees\phase-26-terminal-output-persistence\target\release\deps\libaxum-193fee14da03ae9d.rlib' --extern 'chrono=E:\GitCortex\.worktrees\phase-26-terminal-output-persistence\target\release\deps\libchrono-29362de2900dd130.rlib' --extern 'criterion=E:\GitCortex\.worktrees\phase-26-terminal-output-persistence\target\release\deps\libcriterion-a12264117fdde5f8.rlib' --extern 'db=E:\GitCortex\.worktrees\phase-26-terminal-output-persistence\target\release\deps\libdb-634c77a1c34e58ce.rlib' --extern 'deployment=E:\GitCortex\.worktrees\phase-26-terminal-output-persistence\target\release\deps\libdeployment-d22d2068bb8384df.rlib' --extern 'dotenv=E:\GitCortex\.worktrees\phase-26-terminal-output-persistence\target\release\deps\libdotenv-2daff52ca9ff4348.rlib' --extern 'executors=E:\GitCortex\.worktrees\phase-26-terminal-output-persistence\target\release\deps\libexecutors-8dfe5da866186690.rlib' --extern 'futures_util=E:\GitCortex\.worktrees\phase-26-terminal-output-persistence\target\release\deps\libfutures_util-138920ac001c36c6.rlib' --extern 'git2=E:\GitCortex\.worktrees\phase-26-terminal-output-persistence\target\release\deps\libgit2-a4ba38925c6dc355.rlib' --extern 'http_body_util=E:\GitCortex\.worktrees\phase-26-terminal-output-persistence\target\release\deps\libhttp_body_util-5eb07d755ad0f094.rlib' --extern 'hyper=E:\GitCortex\.worktrees\phase-26-terminal-output-persistence\target\release\deps\libhyper-59672180e9111b22.rlib' --extern 'ignore=E:\GitCortex\.worktrees\phase-26-terminal-output-persistence\target\release\deps\libignore-a8f61e453a4f98d1.rlib' --extern 'local_deployment=E:\GitCortex\.worktrees\phase-26-terminal-output-persistence\target\release\deps\liblocal_deployment-04db4877fba1168f.rlib' --extern 'mime_guess=E:\GitCortex\.worktrees\phase-26-terminal-output-persistence\target\release\deps\libmime_guess-8a3236af6e5564c1.rlib' --extern 'nix=E:\GitCortex\.worktrees\phase-26-terminal-output-persistence\target\release\deps\libnix-0329ddb3639d72cc.rlib' --extern 'once_cell=E:\GitCortex\.worktrees\phase-26-terminal-output-persistence\target\release\deps\libonce_cell-eef48ee747e7e306.rlib' --extern 'os_info=E:\GitCortex\.worktrees\phase-26-terminal-output-persistence\target\release\deps\libos_info-764e7fb8a3a030dd.rlib' --extern 'rand=E:\GitCortex\.worktrees\phase-26-terminal-output-persistence\target\release\deps\librand-240cd296cdfba10c.rlib' --extern 'raw_window_handle=E:\GitCortex\.worktrees\phase-26-terminal-output-persistence\target\release\deps\libraw_window_handle-d0ab343855468174.rlib' --extern 'regex=E:\GitCortex\.worktrees\phase-26-terminal-output-persistence\target\release\deps\libregex-14d9973cc2d403aa.rlib' --extern 'reqwest=E:\GitCortex\.worktrees\phase-26-terminal-output-persistence\target\release\deps\libreqwest-c518c4e8914ae580.rlib' --extern 'rfd=E:\GitCortex\.worktrees\phase-26-terminal-output-persistence\target\release\deps\librfd-c9e84b900f3b2502.rlib' --extern 'rmcp=E:\GitCortex\.worktrees\phase-26-terminal-output-persistence\target\release\deps\librmcp-90776f9c597f41d2.rlib' --extern 'rust_embed=E:\GitCortex\.worktrees\phase-26-terminal-output-persistence\target\release\deps\librust_embed-4adc6947973eaa73.rlib' --extern 'rustls=E:\GitCortex\.worktrees\phase-26-terminal-output-persistence\target\release\deps\librustls-70578b2cacfc4d5d.rlib' --extern 'schemars=E:\GitCortex\.worktrees\phase-26-terminal-output-persistence\target\release\deps\libschemars-c106f06778cd573a.rlib' --extern 'secrecy=E:\GitCortex\.worktrees\phase-26-terminal-output-persistence\target\release\deps\libsecrecy-2c84a46b94d346d1.rlib' --extern 'sentry=E:\GitCortex\.worktrees\phase-26-terminal-output-persistence\target\release\deps\libsentry-a6418c0b7a8d9b66.rlib' --extern 'serde=E:\GitCortex\.worktrees\phase-26-terminal-output-persistence\target\release\deps\libserde-3871011f22bf5599.rlib' --extern 'serde_json=E:\GitCortex\.worktrees\phase-26-terminal-output-persistence\target\release\deps\libserde_json-9743be2bb68373b2.rlib' --extern 'serial_test=E:\GitCortex\.worktrees\phase-26-terminal-output-persistence\target\release\deps\libserial_test-959de6efa3b3435e.rlib' --extern 'server=E:\GitCortex\.worktrees\phase-26-terminal-output-persistence\target\release\deps\libserver-a6fee0345c6f9754.rlib' --extern 'services=E:\GitCortex\.worktrees\phase-26-terminal-output-persistence\target\release\deps\libservices-ab5cccb101ae9ad7.rlib' --extern 'sha2=E:\GitCortex\.worktrees\phase-26-terminal-output-persistence\target\release\deps\libsha2-531086ad4a628d21.rlib' --extern 'shlex=E:\GitCortex\.worktrees\phase-26-terminal-output-persistence\target\release\deps\libshlex-54bb3df747b58ff6.rlib' --extern 'sqlx=E:\GitCortex\.worktrees\phase-26-terminal-output-persistence\target\release\deps\libsqlx-55eff546f6f1a75f.rlib' --extern 'strip_ansi_escapes=E:\GitCortex\.worktrees\phase-26-terminal-output-persistence\target\release\deps\libstrip_ansi_escapes-a3dafcfe50c08d92.rlib' --extern 'strum=E:\GitCortex\.worktrees\phase-26-terminal-output-persistence\target\release\deps\libstrum-60f596d88579b8a3.rlib' --extern 'sysinfo=E:\GitCortex\.worktrees\phase-26-terminal-output-persistence\target\release\deps\libsysinfo-b8e67c9839a22d45.rlib' --extern 'tempfile=E:\GitCortex\.worktrees\phase-26-terminal-output-persistence\target\release\deps\libtempfile-6a04d8a809a0c8fb.rlib' --extern 'thiserror=E:\GitCortex\.worktrees\phase-26-terminal-output-persistence\target\release\deps\libthiserror-5cb35f94fb406266.rlib' --extern 'tokio=E:\GitCortex\.worktrees\phase-26-terminal-output-persistence\target\release\deps\libtokio-57ca6baefeef9758.rlib' --extern 'tokio_tungstenite=E:\GitCortex\.worktrees\phase-26-terminal-output-persistence\target\release\deps\libtokio_tungstenite-1163f121484e53f0.rlib' --extern 'tokio_util=E:\GitCortex\.worktrees\phase-26-terminal-output-persistence\target\release\deps\libtokio_util-d2f66b35416d8305.rlib' --extern 'tower=E:\GitCortex\.worktrees\phase-26-terminal-output-persistence\target\release\deps\libtower-8abc62f84f906df3.rlib' --extern 'tracing=E:\GitCortex\.worktrees\phase-26-terminal-output-persistence\target\release\deps\libtracing-fe391a6383813af7.rlib' --extern 'tracing_subscriber=E:\GitCortex\.worktrees\phase-26-terminal-output-persistence\target\release\deps\libtracing_subscriber-711e1ae1b8c1560c.rlib' --extern 'ts_rs=E:\GitCortex\.worktrees\phase-26-terminal-output-persistence\target\release\deps\libts_rs-d28052fb56078252.rlib' --extern 'url=E:\GitCortex\.worktrees\phase-26-terminal-output-persistence\target\release\deps\liburl-04231a871d9497ac.rlib' --extern 'utils=E:\GitCortex\.worktrees\phase-26-terminal-output-persistence\target\release\deps\libutils-4545701a3247f886.rlib' --extern 'uuid=E:\GitCortex\.worktrees\phase-26-terminal-output-persistence\target\release\deps\libuuid-6798dd711abc8900.rlib' --extern 'windows_sys=E:\GitCortex\.worktrees\phase-26-terminal-output-persistence\target\release\deps\libwindows_sys-fcb98bceeaf0ecfd.rlib' --extern 'wiremock=E:\GitCortex\.worktrees\phase-26-terminal-output-persistence\target\release\deps\libwiremock-7ff5dcee06e7e50d.rlib' -C 'link-arg=/DEBUG:FASTLINK' -C 'link-arg=/DEBUG:FASTLINK' -L 'native=E:\GitCortex\.worktrees\phase-26-terminal-output-persistence\target\release\build\aws-lc-sys-c158319abae87f83\out\build\artifacts' -L 'native=E:\GitCortex\.worktrees\phase-26-terminal-output-persistence\target\release\build\libsqlite3-sys-61a98c17ef59c640\out' -L 'native=E:\GitCortex\.worktrees\phase-26-terminal-output-persistence\target\release\build\libgit2-sys-6239d80226de3d2b\out\build' -L 'native=E:\GitCortex\.worktrees\phase-26-terminal-output-persistence\target\release\build\libz-sys-05307365c8079003\out\lib' -L 'native=E:\GitCortex\.worktrees\phase-26-terminal-output-persistence\target\release\build\libz-sys-05307365c8079003\out\lib' -L 'native=D:\RUST\.cargo\registry\src\index.crates.io-1949cf8c6b5b557f\windows_x86_64_msvc-0.53.1\lib' -L 'native=D:\RUST\.cargo\registry\src\index.crates.io-1949cf8c6b5b557f\windows_x86_64_msvc-0.48.5\lib' -L 'native=D:\RUST\.cargo\registry\src\index.crates.io-1949cf8c6b5b557f\windows_x86_64_msvc-0.52.6\lib'` (exit code: 0xc0000409, STATUS_STACK_BUFFER_OVERRUN)
  42:     0x7ffa5e12cd31 - rustc_hir_typeck[1bfbfb5f1d3ea18d]::typeck
  34:     0x7ffa5e12cb29 - rustc_hir_typeck[1bfbfb5f1d3ea18d]::typeck
  43:     0x7ffa5e12dc94 - rustc_hir_typeck[1bfbfb5f1d3ea18d]::typeck
  35:     0x7ffa5e146d45 - rustc_hir_typeck[1bfbfb5f1d3ea18d]::typeck
  44:     0x7ffa5e1a9803 - rustc_hir_typeck[1bfbfb5f1d3ea18d]::typeck
  36:     0x7ffa5e12cb29 - rustc_hir_typeck[1bfbfb5f1d3ea18d]::typeck
  45:     0x7ffa5e12cd31 - rustc_hir_typeck[1bfbfb5f1d3ea18d]::typeck
  37:     0x7ffa5e1319dd - rustc_hir_typeck[1bfbfb5f1d3ea18d]::typeck
  38:     0x7ffa5e12d3e9 - rustc_hir_typeck[1bfbfb5f1d3ea18d]::typeck
  46:     0x7ffa5e229df2 - rustc_hir_typeck[1bfbfb5f1d3ea18d]::intrinsicck::check_transmutes
  39:     0x7ffa5e10ed47 - rustc_hir_typeck[1bfbfb5f1d3ea18d]::typeck
  40:     0x7ffa5e12cddb - rustc_hir_typeck[1bfbfb5f1d3ea18d]::typeck
  47:     0x7ffa5e15f5a7 - rustc_hir_typeck[1bfbfb5f1d3ea18d]::typeck
  41:     0x7ffa5e1a6c81 - rustc_hir_typeck[1bfbfb5f1d3ea18d]::typeck
  48:     0x7ffa5e12daa8 - rustc_hir_typeck[1bfbfb5f1d3ea18d]::typeck
  42:     0x7ffa5e1a9567 - rustc_hir_typeck[1bfbfb5f1d3ea18d]::typeck
  43:     0x7ffa5e12cd31 - rustc_hir_typeck[1bfbfb5f1d3ea18d]::typeck
  49:     0x7ffa5e229df2 - rustc_hir_typeck[1bfbfb5f1d3ea18d]::intrinsicck::check_transmutes
  44:     0x7ffa5e12dc94 - rustc_hir_typeck[1bfbfb5f1d3ea18d]::typeck
  50:     0x7ffa5e0be5dd - <hashbrown[d71a3a8e0b15407e]::raw::RawTable<usize>>::reserve_rehash::<indexmap[68f6d206a0beeb42]::map::core::get_hash<(rustc_middle[19edb9457506ff51]::ty::predicate::Predicate, rustc_middle[19edb9457506ff51]::traits::ObligationCause), ()>::{closure#0}>
  45:     0x7ffa5e1a9803 - rustc_hir_typeck[1bfbfb5f1d3ea18d]::typeck
  51:     0x7ffa5e0d0ac0 - rustc_hir_typeck[1bfbfb5f1d3ea18d]::typeck
  46:     0x7ffa5e12cd31 - rustc_hir_typeck[1bfbfb5f1d3ea18d]::typeck
  52:     0x7ffa5ed46dab - RINvMs6_NtCsgz2aUrXY3Tp_9hashbrown3rawINtB6_8RawTableTNtNtNtCs3g3ukGuukiB_18rustc_query_system9dep_graph8dep_node7DepNodeTNtNtCsbGBXJX5sA31_10rustc_span6def_id5DefIdNtNtCsfRxa6NCpQur_13rustc_type_ir5solve14SizedTraitKindEEE14reserve_rehashNCINvNtB8_3map11m
  47:     0x7ffa5e229df2 - rustc_hir_typeck[1bfbfb5f1d3ea18d]::intrinsicck::check_transmutes
  53:     0x7ffa5edea282 - RINvNtNtCs3g3ukGuukiB_18rustc_query_system5query8plumbing17try_execute_queryINtCslvafsSmu2ar_16rustc_query_impl13DynamicConfigINtNtCs1Fy0pGx6Mev_21rustc_data_structures9vec_cache8VecCacheNtNtCsbGBXJX5sA31_10rustc_span6def_id10LocalDefIdINtNtNtCs2e14MyY4FST
  48:     0x7ffa5e15f5a7 - rustc_hir_typeck[1bfbfb5f1d3ea18d]::typeck
  54:     0x7ffa5ee1ed62 - rustc_query_impl[fa7471587d55ebc1]::plumbing::query_key_hash_verify_all
error: could not compile `server` (test "slash_commands_integration_test")

Caused by:
  process didn't exit successfully: `D:\RUST\.rustup\toolchains\nightly-2025-12-04-x86_64-pc-windows-msvc\bin\rustc.exe --crate-name slash_commands_integration_test --edition=2024 'crates\server\tests\slash_commands_integration_test.rs' --error-format=json --json=diagnostic-rendered-ansi,artifacts,future-incompat --emit=dep-info,link -C opt-level=3 -C embed-bitcode=no -C debuginfo=1 -C split-debuginfo=packed '--allow=clippy::uninlined-format-args' --test --cfg 'feature="default"' --check-cfg 'cfg(docsrs,test)' --check-cfg 'cfg(feature, values("default", "qa-mode"))' -C metadata=f1553c1adbb99794 -C extra-filename=-558bbf0bb12fcb77 --out-dir 'E:\GitCortex\.worktrees\phase-26-terminal-output-persistence\target\release\deps' -C strip=symbols -L 'dependency=E:\GitCortex\.worktrees\phase-26-terminal-output-persistence\target\release\deps' --extern 'anyhow=E:\GitCortex\.worktrees\phase-26-terminal-output-persistence\target\release\deps\libanyhow-a304bfc9c1bc5825.rlib' --extern 'axum=E:\GitCortex\.worktrees\phase-26-terminal-output-persistence\target\release\deps\libaxum-193fee14da03ae9d.rlib' --extern 'chrono=E:\GitCortex\.worktrees\phase-26-terminal-output-persistence\target\release\deps\libchrono-29362de2900dd130.rlib' --extern 'criterion=E:\GitCortex\.worktrees\phase-26-terminal-output-persistence\target\release\deps\libcriterion-a12264117fdde5f8.rlib' --extern 'db=E:\GitCortex\.worktrees\phase-26-terminal-output-persistence\target\release\deps\libdb-634c77a1c34e58ce.rlib' --extern 'deployment=E:\GitCortex\.worktrees\phase-26-terminal-output-persistence\target\release\deps\libdeployment-d22d2068bb8384df.rlib' --extern 'dotenv=E:\GitCortex\.worktrees\phase-26-terminal-output-persistence\target\release\deps\libdotenv-2daff52ca9ff4348.rlib' --extern 'executors=E:\GitCortex\.worktrees\phase-26-terminal-output-persistence\target\release\deps\libexecutors-8dfe5da866186690.rlib' --extern 'futures_util=E:\GitCortex\.worktrees\phase-26-terminal-output-persistence\target\release\deps\libfutures_util-138920ac001c36c6.rlib' --extern 'git2=E:\GitCortex\.worktrees\phase-26-terminal-output-persistence\target\release\deps\libgit2-a4ba38925c6dc355.rlib' --extern 'http_body_util=E:\GitCortex\.worktrees\phase-26-terminal-output-persistence\target\release\deps\libhttp_body_util-5eb07d755ad0f094.rlib' --extern 'hyper=E:\GitCortex\.worktrees\phase-26-terminal-output-persistence\target\release\deps\libhyper-59672180e9111b22.rlib' --extern 'ignore=E:\GitCortex\.worktrees\phase-26-terminal-output-persistence\target\release\deps\libignore-a8f61e453a4f98d1.rlib' --extern 'local_deployment=E:\GitCortex\.worktrees\phase-26-terminal-output-persistence\target\release\deps\liblocal_deployment-04db4877fba1168f.rlib' --extern 'mime_guess=E:\GitCortex\.worktrees\phase-26-terminal-output-persistence\target\release\deps\libmime_guess-8a3236af6e5564c1.rlib' --extern 'nix=E:\GitCortex\.worktrees\phase-26-terminal-output-persistence\target\release\deps\libnix-0329ddb3639d72cc.rlib' --extern 'once_cell=E:\GitCortex\.worktrees\phase-26-terminal-output-persistence\target\release\deps\libonce_cell-eef48ee747e7e306.rlib' --extern 'os_info=E:\GitCortex\.worktrees\phase-26-terminal-output-persistence\target\release\deps\libos_info-764e7fb8a3a030dd.rlib' --extern 'rand=E:\GitCortex\.worktrees\phase-26-terminal-output-persistence\target\release\deps\librand-240cd296cdfba10c.rlib' --extern 'raw_window_handle=E:\GitCortex\.worktrees\phase-26-terminal-output-persistence\target\release\deps\libraw_window_handle-d0ab343855468174.rlib' --extern 'regex=E:\GitCortex\.worktrees\phase-26-terminal-output-persistence\target\release\deps\libregex-14d9973cc2d403aa.rlib' --extern 'reqwest=E:\GitCortex\.worktrees\phase-26-terminal-output-persistence\target\release\deps\libreqwest-c518c4e8914ae580.rlib' --extern 'rfd=E:\GitCortex\.worktrees\phase-26-terminal-output-persistence\target\release\deps\librfd-c9e84b900f3b2502.rlib' --extern 'rmcp=E:\GitCortex\.worktrees\phase-26-terminal-output-persistence\target\release\deps\librmcp-90776f9c597f41d2.rlib' --extern 'rust_embed=E:\GitCortex\.worktrees\phase-26-terminal-output-persistence\target\release\deps\librust_embed-4adc6947973eaa73.rlib' --extern 'rustls=E:\GitCortex\.worktrees\phase-26-terminal-output-persistence\target\release\deps\librustls-70578b2cacfc4d5d.rlib' --extern 'schemars=E:\GitCortex\.worktrees\phase-26-terminal-output-persistence\target\release\deps\libschemars-c106f06778cd573a.rlib' --extern 'secrecy=E:\GitCortex\.worktrees\phase-26-terminal-output-persistence\target\release\deps\libsecrecy-2c84a46b94d346d1.rlib' --extern 'sentry=E:\GitCortex\.worktrees\phase-26-terminal-output-persistence\target\release\deps\libsentry-a6418c0b7a8d9b66.rlib' --extern 'serde=E:\GitCortex\.worktrees\phase-26-terminal-output-persistence\target\release\deps\libserde-3871011f22bf5599.rlib' --extern 'serde_json=E:\GitCortex\.worktrees\phase-26-terminal-output-persistence\target\release\deps\libserde_json-9743be2bb68373b2.rlib' --extern 'serial_test=E:\GitCortex\.worktrees\phase-26-terminal-output-persistence\target\release\deps\libserial_test-959de6efa3b3435e.rlib' --extern 'server=E:\GitCortex\.worktrees\phase-26-terminal-output-persistence\target\release\deps\libserver-a6fee0345c6f9754.rlib' --extern 'services=E:\GitCortex\.worktrees\phase-26-terminal-output-persistence\target\release\deps\libservices-ab5cccb101ae9ad7.rlib' --extern 'sha2=E:\GitCortex\.worktrees\phase-26-terminal-output-persistence\target\release\deps\libsha2-531086ad4a628d21.rlib' --extern 'shlex=E:\GitCortex\.worktrees\phase-26-terminal-output-persistence\target\release\deps\libshlex-54bb3df747b58ff6.rlib' --extern 'sqlx=E:\GitCortex\.worktrees\phase-26-terminal-output-persistence\target\release\deps\libsqlx-55eff546f6f1a75f.rlib' --extern 'strip_ansi_escapes=E:\GitCortex\.worktrees\phase-26-terminal-output-persistence\target\release\deps\libstrip_ansi_escapes-a3dafcfe50c08d92.rlib' --extern 'strum=E:\GitCortex\.worktrees\phase-26-terminal-output-persistence\target\release\deps\libstrum-60f596d88579b8a3.rlib' --extern 'sysinfo=E:\GitCortex\.worktrees\phase-26-terminal-output-persistence\target\release\deps\libsysinfo-b8e67c9839a22d45.rlib' --extern 'tempfile=E:\GitCortex\.worktrees\phase-26-terminal-output-persistence\target\release\deps\libtempfile-6a04d8a809a0c8fb.rlib' --extern 'thiserror=E:\GitCortex\.worktrees\phase-26-terminal-output-persistence\target\release\deps\libthiserror-5cb35f94fb406266.rlib' --extern 'tokio=E:\GitCortex\.worktrees\phase-26-terminal-output-persistence\target\release\deps\libtokio-57ca6baefeef9758.rlib' --extern 'tokio_tungstenite=E:\GitCortex\.worktrees\phase-26-terminal-output-persistence\target\release\deps\libtokio_tungstenite-1163f121484e53f0.rlib' --extern 'tokio_util=E:\GitCortex\.worktrees\phase-26-terminal-output-persistence\target\release\deps\libtokio_util-d2f66b35416d8305.rlib' --extern 'tower=E:\GitCortex\.worktrees\phase-26-terminal-output-persistence\target\release\deps\libtower-8abc62f84f906df3.rlib' --extern 'tracing=E:\GitCortex\.worktrees\phase-26-terminal-output-persistence\target\release\deps\libtracing-fe391a6383813af7.rlib' --extern 'tracing_subscriber=E:\GitCortex\.worktrees\phase-26-terminal-output-persistence\target\release\deps\libtracing_subscriber-711e1ae1b8c1560c.rlib' --extern 'ts_rs=E:\GitCortex\.worktrees\phase-26-terminal-output-persistence\target\release\deps\libts_rs-d28052fb56078252.rlib' --extern 'url=E:\GitCortex\.worktrees\phase-26-terminal-output-persistence\target\release\deps\liburl-04231a871d9497ac.rlib' --extern 'utils=E:\GitCortex\.worktrees\phase-26-terminal-output-persistence\target\release\deps\libutils-4545701a3247f886.rlib' --extern 'uuid=E:\GitCortex\.worktrees\phase-26-terminal-output-persistence\target\release\deps\libuuid-6798dd711abc8900.rlib' --extern 'windows_sys=E:\GitCortex\.worktrees\phase-26-terminal-output-persistence\target\release\deps\libwindows_sys-fcb98bceeaf0ecfd.rlib' --extern 'wiremock=E:\GitCortex\.worktrees\phase-26-terminal-output-persistence\target\release\deps\libwiremock-7ff5dcee06e7e50d.rlib' -C 'link-arg=/DEBUG:FASTLINK' -C 'link-arg=/DEBUG:FASTLINK' -L 'native=E:\GitCortex\.worktrees\phase-26-terminal-output-persistence\target\release\build\aws-lc-sys-c158319abae87f83\out\build\artifacts' -L 'native=E:\GitCortex\.worktrees\phase-26-terminal-output-persistence\target\release\build\libsqlite3-sys-61a98c17ef59c640\out' -L 'native=E:\GitCortex\.worktrees\phase-26-terminal-output-persistence\target\release\build\libgit2-sys-6239d80226de3d2b\out\build' -L 'native=E:\GitCortex\.worktrees\phase-26-terminal-output-persistence\target\release\build\libz-sys-05307365c8079003\out\lib' -L 'native=E:\GitCortex\.worktrees\phase-26-terminal-output-persistence\target\release\build\libz-sys-05307365c8079003\out\lib' -L 'native=D:\RUST\.cargo\registry\src\index.crates.io-1949cf8c6b5b557f\windows_x86_64_msvc-0.53.1\lib' -L 'native=D:\RUST\.cargo\registry\src\index.crates.io-1949cf8c6b5b557f\windows_x86_64_msvc-0.48.5\lib' -L 'native=D:\RUST\.cargo\registry\src\index.crates.io-1949cf8c6b5b557f\windows_x86_64_msvc-0.52.6\lib'` (exit code: 0xc0000409, STATUS_STACK_BUFFER_OVERRUN)
  49:     0x7ffa5e12daa8 - rustc_hir_typeck[1bfbfb5f1d3ea18d]::typeck
  55:     0x7ffa5e63d885 - rustc_mir_build[7ceeed773ecf84b]::thir::pattern::check_match::check_match
  50:     0x7ffa5e229df2 - rustc_hir_typeck[1bfbfb5f1d3ea18d]::intrinsicck::check_transmutes
  51:     0x7ffa5e0be5dd - <hashbrown[d71a3a8e0b15407e]::raw::RawTable<usize>>::reserve_rehash::<indexmap[68f6d206a0beeb42]::map::core::get_hash<(rustc_middle[19edb9457506ff51]::ty::predicate::Predicate, rustc_middle[19edb9457506ff51]::traits::ObligationCause), ()>::{closure#0}>
  56:     0x7ffa5ed4439b - RINvMs6_NtCsgz2aUrXY3Tp_9hashbrown3rawINtB6_8RawTableTNtNtNtCs3g3ukGuukiB_18rustc_query_system9dep_graph8dep_node7DepNodeTNtNtCsbGBXJX5sA31_10rustc_span6def_id5DefIdNtNtCsfRxa6NCpQur_13rustc_type_ir5solve14SizedTraitKindEEE14reserve_rehashNCINvNtB8_3map11m
  57:     0x7ffa5ede151e - RINvNtNtCs3g3ukGuukiB_18rustc_query_system5query8plumbing17try_execute_queryINtCslvafsSmu2ar_16rustc_query_impl13DynamicConfigINtNtCs1Fy0pGx6Mev_21rustc_data_structures9vec_cache8VecCacheNtNtCsbGBXJX5sA31_10rustc_span6def_id10LocalDefIdINtNtNtCs2e14MyY4FST
  52:     0x7ffa5e0d0ac0 - rustc_hir_typeck[1bfbfb5f1d3ea18d]::typeck
  58:     0x7ffa5ee10195 - rustc_query_impl[fa7471587d55ebc1]::plumbing::query_key_hash_verify_all
  53:     0x7ffa5ed46dab - RINvMs6_NtCsgz2aUrXY3Tp_9hashbrown3rawINtB6_8RawTableTNtNtNtCs3g3ukGuukiB_18rustc_query_system9dep_graph8dep_node7DepNodeTNtNtCsbGBXJX5sA31_10rustc_span6def_id5DefIdNtNtCsfRxa6NCpQur_13rustc_type_ir5solve14SizedTraitKindEEE14reserve_rehashNCINvNtB8_3map11m
  59:     0x7ffa5e630bf0 - rustc_mir_build[7ceeed773ecf84b]::builder::build_mir
  54:     0x7ffa5edea282 - RINvNtNtCs3g3ukGuukiB_18rustc_query_system5query8plumbing17try_execute_queryINtCslvafsSmu2ar_16rustc_query_impl13DynamicConfigINtNtCs1Fy0pGx6Mev_21rustc_data_structures9vec_cache8VecCacheNtNtCsbGBXJX5sA31_10rustc_span6def_id10LocalDefIdINtNtNtCs2e14MyY4FST
  60:     0x7ffa5e42acf6 - rustc_mir_transform[31a20e724b010036]::mir_built
  55:     0x7ffa5ee1ed62 - rustc_query_impl[fa7471587d55ebc1]::plumbing::query_key_hash_verify_all
  61:     0x7ffa5ed46fdb - RINvMs6_NtCsgz2aUrXY3Tp_9hashbrown3rawINtB6_8RawTableTNtNtNtCs3g3ukGuukiB_18rustc_query_system9dep_graph8dep_node7DepNodeTNtNtCsbGBXJX5sA31_10rustc_span6def_id5DefIdNtNtCsfRxa6NCpQur_13rustc_type_ir5solve14SizedTraitKindEEE14reserve_rehashNCINvNtB8_3map11m
  62:     0x7ffa5edea282 - RINvNtNtCs3g3ukGuukiB_18rustc_query_system5query8plumbing17try_execute_queryINtCslvafsSmu2ar_16rustc_query_impl13DynamicConfigINtNtCs1Fy0pGx6Mev_21rustc_data_structures9vec_cache8VecCacheNtNtCsbGBXJX5sA31_10rustc_span6def_id10LocalDefIdINtNtNtCs2e14MyY4FST
  56:     0x7ffa5e63d885 - rustc_mir_build[7ceeed773ecf84b]::thir::pattern::check_match::check_match
  63:     0x7ffa5ee203e2 - rustc_query_impl[fa7471587d55ebc1]::plumbing::query_key_hash_verify_all
  57:     0x7ffa5ed4439b - RINvMs6_NtCsgz2aUrXY3Tp_9hashbrown3rawINtB6_8RawTableTNtNtNtCs3g3ukGuukiB_18rustc_query_system9dep_graph8dep_node7DepNodeTNtNtCsbGBXJX5sA31_10rustc_span6def_id5DefIdNtNtCsfRxa6NCpQur_13rustc_type_ir5solve14SizedTraitKindEEE14reserve_rehashNCINvNtB8_3map11m
  58:     0x7ffa5ede151e - RINvNtNtCs3g3ukGuukiB_18rustc_query_system5query8plumbing17try_execute_queryINtCslvafsSmu2ar_16rustc_query_impl13DynamicConfigINtNtCs1Fy0pGx6Mev_21rustc_data_structures9vec_cache8VecCacheNtNtCsbGBXJX5sA31_10rustc_span6def_id10LocalDefIdINtNtNtCs2e14MyY4FST
  64:     0x7ffa5e47167f - rustc_mir_transform[31a20e724b010036]::ffi_unwind_calls::has_ffi_unwind_calls
  65:     0x7ffa5ed45bfb - RINvMs6_NtCsgz2aUrXY3Tp_9hashbrown3rawINtB6_8RawTableTNtNtNtCs3g3ukGuukiB_18rustc_query_system9dep_graph8dep_node7DepNodeTNtNtCsbGBXJX5sA31_10rustc_span6def_id5DefIdNtNtCsfRxa6NCpQur_13rustc_type_ir5solve14SizedTraitKindEEE14reserve_rehashNCINvNtB8_3map11m
  59:     0x7ffa5ee10195 - rustc_query_impl[fa7471587d55ebc1]::plumbing::query_key_hash_verify_all
  66:     0x7ffa5ede151e - RINvNtNtCs3g3ukGuukiB_18rustc_query_system5query8plumbing17try_execute_queryINtCslvafsSmu2ar_16rustc_query_impl13DynamicConfigINtNtCs1Fy0pGx6Mev_21rustc_data_structures9vec_cache8VecCacheNtNtCsbGBXJX5sA31_10rustc_span6def_id10LocalDefIdINtNtNtCs2e14MyY4FST
  60:     0x7ffa5e630bf0 - rustc_mir_build[7ceeed773ecf84b]::builder::build_mir
  67:     0x7ffa5ee18f75 - rustc_query_impl[fa7471587d55ebc1]::plumbing::query_key_hash_verify_all
  61:     0x7ffa5e42acf6 - rustc_mir_transform[31a20e724b010036]::mir_built
  68:     0x7ffa5e416174 - rustc_mir_transform[31a20e724b010036]::mir_promoted
  62:     0x7ffa5ed46fdb - RINvMs6_NtCsgz2aUrXY3Tp_9hashbrown3rawINtB6_8RawTableTNtNtNtCs3g3ukGuukiB_18rustc_query_system9dep_graph8dep_node7DepNodeTNtNtCsbGBXJX5sA31_10rustc_span6def_id5DefIdNtNtCsfRxa6NCpQur_13rustc_type_ir5solve14SizedTraitKindEEE14reserve_rehashNCINvNtB8_3map11m
error: could not compile `server` (test "cli_types_detect_test") due to 2 previous errors

Caused by:
  process didn't exit successfully: `D:\RUST\.rustup\toolchains\nightly-2025-12-04-x86_64-pc-windows-msvc\bin\rustc.exe --crate-name cli_types_detect_test --edition=2024 'crates\server\tests\cli_types_detect_test.rs' --error-format=json --json=diagnostic-rendered-ansi,artifacts,future-incompat --emit=dep-info,link -C opt-level=3 -C embed-bitcode=no -C debuginfo=1 -C split-debuginfo=packed '--allow=clippy::uninlined-format-args' --test --cfg 'feature="default"' --check-cfg 'cfg(docsrs,test)' --check-cfg 'cfg(feature, values("default", "qa-mode"))' -C metadata=e0b900e3b90ab896 -C extra-filename=-38527bb9e76f23f1 --out-dir 'E:\GitCortex\.worktrees\phase-26-terminal-output-persistence\target\release\deps' -C strip=symbols -L 'dependency=E:\GitCortex\.worktrees\phase-26-terminal-output-persistence\target\release\deps' --extern 'anyhow=E:\GitCortex\.worktrees\phase-26-terminal-output-persistence\target\release\deps\libanyhow-a304bfc9c1bc5825.rlib' --extern 'axum=E:\GitCortex\.worktrees\phase-26-terminal-output-persistence\target\release\deps\libaxum-193fee14da03ae9d.rlib' --extern 'chrono=E:\GitCortex\.worktrees\phase-26-terminal-output-persistence\target\release\deps\libchrono-29362de2900dd130.rlib' --extern 'criterion=E:\GitCortex\.worktrees\phase-26-terminal-output-persistence\target\release\deps\libcriterion-a12264117fdde5f8.rlib' --extern 'db=E:\GitCortex\.worktrees\phase-26-terminal-output-persistence\target\release\deps\libdb-634c77a1c34e58ce.rlib' --extern 'deployment=E:\GitCortex\.worktrees\phase-26-terminal-output-persistence\target\release\deps\libdeployment-d22d2068bb8384df.rlib' --extern 'dotenv=E:\GitCortex\.worktrees\phase-26-terminal-output-persistence\target\release\deps\libdotenv-2daff52ca9ff4348.rlib' --extern 'executors=E:\GitCortex\.worktrees\phase-26-terminal-output-persistence\target\release\deps\libexecutors-8dfe5da866186690.rlib' --extern 'futures_util=E:\GitCortex\.worktrees\phase-26-terminal-output-persistence\target\release\deps\libfutures_util-138920ac001c36c6.rlib' --extern 'git2=E:\GitCortex\.worktrees\phase-26-terminal-output-persistence\target\release\deps\libgit2-a4ba38925c6dc355.rlib' --extern 'http_body_util=E:\GitCortex\.worktrees\phase-26-terminal-output-persistence\target\release\deps\libhttp_body_util-5eb07d755ad0f094.rlib' --extern 'hyper=E:\GitCortex\.worktrees\phase-26-terminal-output-persistence\target\release\deps\libhyper-59672180e9111b22.rlib' --extern 'ignore=E:\GitCortex\.worktrees\phase-26-terminal-output-persistence\target\release\deps\libignore-a8f61e453a4f98d1.rlib' --extern 'local_deployment=E:\GitCortex\.worktrees\phase-26-terminal-output-persistence\target\release\deps\liblocal_deployment-04db4877fba1168f.rlib' --extern 'mime_guess=E:\GitCortex\.worktrees\phase-26-terminal-output-persistence\target\release\deps\libmime_guess-8a3236af6e5564c1.rlib' --extern 'nix=E:\GitCortex\.worktrees\phase-26-terminal-output-persistence\target\release\deps\libnix-0329ddb3639d72cc.rlib' --extern 'once_cell=E:\GitCortex\.worktrees\phase-26-terminal-output-persistence\target\release\deps\libonce_cell-eef48ee747e7e306.rlib' --extern 'os_info=E:\GitCortex\.worktrees\phase-26-terminal-output-persistence\target\release\deps\libos_info-764e7fb8a3a030dd.rlib' --extern 'rand=E:\GitCortex\.worktrees\phase-26-terminal-output-persistence\target\release\deps\librand-240cd296cdfba10c.rlib' --extern 'raw_window_handle=E:\GitCortex\.worktrees\phase-26-terminal-output-persistence\target\release\deps\libraw_window_handle-d0ab343855468174.rlib' --extern 'regex=E:\GitCortex\.worktrees\phase-26-terminal-output-persistence\target\release\deps\libregex-14d9973cc2d403aa.rlib' --extern 'reqwest=E:\GitCortex\.worktrees\phase-26-terminal-output-persistence\target\release\deps\libreqwest-c518c4e8914ae580.rlib' --extern 'rfd=E:\GitCortex\.worktrees\phase-26-terminal-output-persistence\target\release\deps\librfd-c9e84b900f3b2502.rlib' --extern 'rmcp=E:\GitCortex\.worktrees\phase-26-terminal-output-persistence\target\release\deps\librmcp-90776f9c597f41d2.rlib' --extern 'rust_embed=E:\GitCortex\.worktrees\phase-26-terminal-output-persistence\target\release\deps\librust_embed-4adc6947973eaa73.rlib' --extern 'rustls=E:\GitCortex\.worktrees\phase-26-terminal-output-persistence\target\release\deps\librustls-70578b2cacfc4d5d.rlib' --extern 'schemars=E:\GitCortex\.worktrees\phase-26-terminal-output-persistence\target\release\deps\libschemars-c106f06778cd573a.rlib' --extern 'secrecy=E:\GitCortex\.worktrees\phase-26-terminal-output-persistence\target\release\deps\libsecrecy-2c84a46b94d346d1.rlib' --extern 'sentry=E:\GitCortex\.worktrees\phase-26-terminal-output-persistence\target\release\deps\libsentry-a6418c0b7a8d9b66.rlib' --extern 'serde=E:\GitCortex\.worktrees\phase-26-terminal-output-persistence\target\release\deps\libserde-3871011f22bf5599.rlib' --extern 'serde_json=E:\GitCortex\.worktrees\phase-26-terminal-output-persistence\target\release\deps\libserde_json-9743be2bb68373b2.rlib' --extern 'serial_test=E:\GitCortex\.worktrees\phase-26-terminal-output-persistence\target\release\deps\libserial_test-959de6efa3b3435e.rlib' --extern 'server=E:\GitCortex\.worktrees\phase-26-terminal-output-persistence\target\release\deps\libserver-a6fee0345c6f9754.rlib' --extern 'services=E:\GitCortex\.worktrees\phase-26-terminal-output-persistence\target\release\deps\libservices-ab5cccb101ae9ad7.rlib' --extern 'sha2=E:\GitCortex\.worktrees\phase-26-terminal-output-persistence\target\release\deps\libsha2-531086ad4a628d21.rlib' --extern 'shlex=E:\GitCortex\.worktrees\phase-26-terminal-output-persistence\target\release\deps\libshlex-54bb3df747b58ff6.rlib' --extern 'sqlx=E:\GitCortex\.worktrees\phase-26-terminal-output-persistence\target\release\deps\libsqlx-55eff546f6f1a75f.rlib' --extern 'strip_ansi_escapes=E:\GitCortex\.worktrees\phase-26-terminal-output-persistence\target\release\deps\libstrip_ansi_escapes-a3dafcfe50c08d92.rlib' --extern 'strum=E:\GitCortex\.worktrees\phase-26-terminal-output-persistence\target\release\deps\libstrum-60f596d88579b8a3.rlib' --extern 'sysinfo=E:\GitCortex\.worktrees\phase-26-terminal-output-persistence\target\release\deps\libsysinfo-b8e67c9839a22d45.rlib' --extern 'tempfile=E:\GitCortex\.worktrees\phase-26-terminal-output-persistence\target\release\deps\libtempfile-6a04d8a809a0c8fb.rlib' --extern 'thiserror=E:\GitCortex\.worktrees\phase-26-terminal-output-persistence\target\release\deps\libthiserror-5cb35f94fb406266.rlib' --extern 'tokio=E:\GitCortex\.worktrees\phase-26-terminal-output-persistence\target\release\deps\libtokio-57ca6baefeef9758.rlib' --extern 'tokio_tungstenite=E:\GitCortex\.worktrees\phase-26-terminal-output-persistence\target\release\deps\libtokio_tungstenite-1163f121484e53f0.rlib' --extern 'tokio_util=E:\GitCortex\.worktrees\phase-26-terminal-output-persistence\target\release\deps\libtokio_util-d2f66b35416d8305.rlib' --extern 'tower=E:\GitCortex\.worktrees\phase-26-terminal-output-persistence\target\release\deps\libtower-8abc62f84f906df3.rlib' --extern 'tracing=E:\GitCortex\.worktrees\phase-26-terminal-output-persistence\target\release\deps\libtracing-fe391a6383813af7.rlib' --extern 'tracing_subscriber=E:\GitCortex\.worktrees\phase-26-terminal-output-persistence\target\release\deps\libtracing_subscriber-711e1ae1b8c1560c.rlib' --extern 'ts_rs=E:\GitCortex\.worktrees\phase-26-terminal-output-persistence\target\release\deps\libts_rs-d28052fb56078252.rlib' --extern 'url=E:\GitCortex\.worktrees\phase-26-terminal-output-persistence\target\release\deps\liburl-04231a871d9497ac.rlib' --extern 'utils=E:\GitCortex\.worktrees\phase-26-terminal-output-persistence\target\release\deps\libutils-4545701a3247f886.rlib' --extern 'uuid=E:\GitCortex\.worktrees\phase-26-terminal-output-persistence\target\release\deps\libuuid-6798dd711abc8900.rlib' --extern 'windows_sys=E:\GitCortex\.worktrees\phase-26-terminal-output-persistence\target\release\deps\libwindows_sys-fcb98bceeaf0ecfd.rlib' --extern 'wiremock=E:\GitCortex\.worktrees\phase-26-terminal-output-persistence\target\release\deps\libwiremock-7ff5dcee06e7e50d.rlib' -C 'link-arg=/DEBUG:FASTLINK' -C 'link-arg=/DEBUG:FASTLINK' -L 'native=E:\GitCortex\.worktrees\phase-26-terminal-output-persistence\target\release\build\aws-lc-sys-c158319abae87f83\out\build\artifacts' -L 'native=E:\GitCortex\.worktrees\phase-26-terminal-output-persistence\target\release\build\libsqlite3-sys-61a98c17ef59c640\out' -L 'native=E:\GitCortex\.worktrees\phase-26-terminal-output-persistence\target\release\build\libgit2-sys-6239d80226de3d2b\out\build' -L 'native=E:\GitCortex\.worktrees\phase-26-terminal-output-persistence\target\release\build\libz-sys-05307365c8079003\out\lib' -L 'native=E:\GitCortex\.worktrees\phase-26-terminal-output-persistence\target\release\build\libz-sys-05307365c8079003\out\lib' -L 'native=D:\RUST\.cargo\registry\src\index.crates.io-1949cf8c6b5b557f\windows_x86_64_msvc-0.53.1\lib' -L 'native=D:\RUST\.cargo\registry\src\index.crates.io-1949cf8c6b5b557f\windows_x86_64_msvc-0.48.5\lib' -L 'native=D:\RUST\.cargo\registry\src\index.crates.io-1949cf8c6b5b557f\windows_x86_64_msvc-0.52.6\lib'` (exit code: 0xc0000409, STATUS_STACK_BUFFER_OVERRUN)
  69:     0x7ffa5ed44859 - RINvMs6_NtCsgz2aUrXY3Tp_9hashbrown3rawINtB6_8RawTableTNtNtNtCs3g3ukGuukiB_18rustc_query_system9dep_graph8dep_node7DepNodeTNtNtCsbGBXJX5sA31_10rustc_span6def_id5DefIdNtNtCsfRxa6NCpQur_13rustc_type_ir5solve14SizedTraitKindEEE14reserve_rehashNCINvNtB8_3map11m
  63:     0x7ffa5edea282 - RINvNtNtCs3g3ukGuukiB_18rustc_query_system5query8plumbing17try_execute_queryINtCslvafsSmu2ar_16rustc_query_impl13DynamicConfigINtNtCs1Fy0pGx6Mev_21rustc_data_structures9vec_cache8VecCacheNtNtCsbGBXJX5sA31_10rustc_span6def_id10LocalDefIdINtNtNtCs2e14MyY4FST
  70:     0x7ffa5edddaea - RINvNtNtCs3g3ukGuukiB_18rustc_query_system5query8plumbing17try_execute_queryINtCslvafsSmu2ar_16rustc_query_impl13DynamicConfigINtNtCs1Fy0pGx6Mev_21rustc_data_structures9vec_cache8VecCacheNtNtCsbGBXJX5sA31_10rustc_span6def_id10LocalDefIdINtNtNtCs2e14MyY4FST
  64:     0x7ffa5ee203e2 - rustc_query_impl[fa7471587d55ebc1]::plumbing::query_key_hash_verify_all
  71:     0x7ffa5ee12762 - rustc_query_impl[fa7471587d55ebc1]::plumbing::query_key_hash_verify_all
  65:     0x7ffa5e47167f - rustc_mir_transform[31a20e724b010036]::ffi_unwind_calls::has_ffi_unwind_calls
  72:     0x7ffa5e69bd16 - rustc_borrowck[717ae169c1d7105d]::mir_borrowck
  66:     0x7ffa5ed45bfb - RINvMs6_NtCsgz2aUrXY3Tp_9hashbrown3rawINtB6_8RawTableTNtNtNtCs3g3ukGuukiB_18rustc_query_system9dep_graph8dep_node7DepNodeTNtNtCsbGBXJX5sA31_10rustc_span6def_id5DefIdNtNtCsfRxa6NCpQur_13rustc_type_ir5solve14SizedTraitKindEEE14reserve_rehashNCINvNtB8_3map11m
  73:     0x7ffa5ed447db - RINvMs6_NtCsgz2aUrXY3Tp_9hashbrown3rawINtB6_8RawTableTNtNtNtCs3g3ukGuukiB_18rustc_query_system9dep_graph8dep_node7DepNodeTNtNtCsbGBXJX5sA31_10rustc_span6def_id5DefIdNtNtCsfRxa6NCpQur_13rustc_type_ir5solve14SizedTraitKindEEE14reserve_rehashNCINvNtB8_3map11m
error: could not compile `server` (test "auth_test")

Caused by:
  process didn't exit successfully: `D:\RUST\.rustup\toolchains\nightly-2025-12-04-x86_64-pc-windows-msvc\bin\rustc.exe --crate-name auth_test --edition=2024 'crates\server\tests\auth_test.rs' --error-format=json --json=diagnostic-rendered-ansi,artifacts,future-incompat --emit=dep-info,link -C opt-level=3 -C embed-bitcode=no -C debuginfo=1 -C split-debuginfo=packed '--allow=clippy::uninlined-format-args' --test --cfg 'feature="default"' --check-cfg 'cfg(docsrs,test)' --check-cfg 'cfg(feature, values("default", "qa-mode"))' -C metadata=f01ba87a74a580ff -C extra-filename=-16a0ac113fa08ff3 --out-dir 'E:\GitCortex\.worktrees\phase-26-terminal-output-persistence\target\release\deps' -C strip=symbols -L 'dependency=E:\GitCortex\.worktrees\phase-26-terminal-output-persistence\target\release\deps' --extern 'anyhow=E:\GitCortex\.worktrees\phase-26-terminal-output-persistence\target\release\deps\libanyhow-a304bfc9c1bc5825.rlib' --extern 'axum=E:\GitCortex\.worktrees\phase-26-terminal-output-persistence\target\release\deps\libaxum-193fee14da03ae9d.rlib' --extern 'chrono=E:\GitCortex\.worktrees\phase-26-terminal-output-persistence\target\release\deps\libchrono-29362de2900dd130.rlib' --extern 'criterion=E:\GitCortex\.worktrees\phase-26-terminal-output-persistence\target\release\deps\libcriterion-a12264117fdde5f8.rlib' --extern 'db=E:\GitCortex\.worktrees\phase-26-terminal-output-persistence\target\release\deps\libdb-634c77a1c34e58ce.rlib' --extern 'deployment=E:\GitCortex\.worktrees\phase-26-terminal-output-persistence\target\release\deps\libdeployment-d22d2068bb8384df.rlib' --extern 'dotenv=E:\GitCortex\.worktrees\phase-26-terminal-output-persistence\target\release\deps\libdotenv-2daff52ca9ff4348.rlib' --extern 'executors=E:\GitCortex\.worktrees\phase-26-terminal-output-persistence\target\release\deps\libexecutors-8dfe5da866186690.rlib' --extern 'futures_util=E:\GitCortex\.worktrees\phase-26-terminal-output-persistence\target\release\deps\libfutures_util-138920ac001c36c6.rlib' --extern 'git2=E:\GitCortex\.worktrees\phase-26-terminal-output-persistence\target\release\deps\libgit2-a4ba38925c6dc355.rlib' --extern 'http_body_util=E:\GitCortex\.worktrees\phase-26-terminal-output-persistence\target\release\deps\libhttp_body_util-5eb07d755ad0f094.rlib' --extern 'hyper=E:\GitCortex\.worktrees\phase-26-terminal-output-persistence\target\release\deps\libhyper-59672180e9111b22.rlib' --extern 'ignore=E:\GitCortex\.worktrees\phase-26-terminal-output-persistence\target\release\deps\libignore-a8f61e453a4f98d1.rlib' --extern 'local_deployment=E:\GitCortex\.worktrees\phase-26-terminal-output-persistence\target\release\deps\liblocal_deployment-04db4877fba1168f.rlib' --extern 'mime_guess=E:\GitCortex\.worktrees\phase-26-terminal-output-persistence\target\release\deps\libmime_guess-8a3236af6e5564c1.rlib' --extern 'nix=E:\GitCortex\.worktrees\phase-26-terminal-output-persistence\target\release\deps\libnix-0329ddb3639d72cc.rlib' --extern 'once_cell=E:\GitCortex\.worktrees\phase-26-terminal-output-persistence\target\release\deps\libonce_cell-eef48ee747e7e306.rlib' --extern 'os_info=E:\GitCortex\.worktrees\phase-26-terminal-output-persistence\target\release\deps\libos_info-764e7fb8a3a030dd.rlib' --extern 'rand=E:\GitCortex\.worktrees\phase-26-terminal-output-persistence\target\release\deps\librand-240cd296cdfba10c.rlib' --extern 'raw_window_handle=E:\GitCortex\.worktrees\phase-26-terminal-output-persistence\target\release\deps\libraw_window_handle-d0ab343855468174.rlib' --extern 'regex=E:\GitCortex\.worktrees\phase-26-terminal-output-persistence\target\release\deps\libregex-14d9973cc2d403aa.rlib' --extern 'reqwest=E:\GitCortex\.worktrees\phase-26-terminal-output-persistence\target\release\deps\libreqwest-c518c4e8914ae580.rlib' --extern 'rfd=E:\GitCortex\.worktrees\phase-26-terminal-output-persistence\target\release\deps\librfd-c9e84b900f3b2502.rlib' --extern 'rmcp=E:\GitCortex\.worktrees\phase-26-terminal-output-persistence\target\release\deps\librmcp-90776f9c597f41d2.rlib' --extern 'rust_embed=E:\GitCortex\.worktrees\phase-26-terminal-output-persistence\target\release\deps\librust_embed-4adc6947973eaa73.rlib' --extern 'rustls=E:\GitCortex\.worktrees\phase-26-terminal-output-persistence\target\release\deps\librustls-70578b2cacfc4d5d.rlib' --extern 'schemars=E:\GitCortex\.worktrees\phase-26-terminal-output-persistence\target\release\deps\libschemars-c106f06778cd573a.rlib' --extern 'secrecy=E:\GitCortex\.worktrees\phase-26-terminal-output-persistence\target\release\deps\libsecrecy-2c84a46b94d346d1.rlib' --extern 'sentry=E:\GitCortex\.worktrees\phase-26-terminal-output-persistence\target\release\deps\libsentry-a6418c0b7a8d9b66.rlib' --extern 'serde=E:\GitCortex\.worktrees\phase-26-terminal-output-persistence\target\release\deps\libserde-3871011f22bf5599.rlib' --extern 'serde_json=E:\GitCortex\.worktrees\phase-26-terminal-output-persistence\target\release\deps\libserde_json-9743be2bb68373b2.rlib' --extern 'serial_test=E:\GitCortex\.worktrees\phase-26-terminal-output-persistence\target\release\deps\libserial_test-959de6efa3b3435e.rlib' --extern 'server=E:\GitCortex\.worktrees\phase-26-terminal-output-persistence\target\release\deps\libserver-a6fee0345c6f9754.rlib' --extern 'services=E:\GitCortex\.worktrees\phase-26-terminal-output-persistence\target\release\deps\libservices-ab5cccb101ae9ad7.rlib' --extern 'sha2=E:\GitCortex\.worktrees\phase-26-terminal-output-persistence\target\release\deps\libsha2-531086ad4a628d21.rlib' --extern 'shlex=E:\GitCortex\.worktrees\phase-26-terminal-output-persistence\target\release\deps\libshlex-54bb3df747b58ff6.rlib' --extern 'sqlx=E:\GitCortex\.worktrees\phase-26-terminal-output-persistence\target\release\deps\libsqlx-55eff546f6f1a75f.rlib' --extern 'strip_ansi_escapes=E:\GitCortex\.worktrees\phase-26-terminal-output-persistence\target\release\deps\libstrip_ansi_escapes-a3dafcfe50c08d92.rlib' --extern 'strum=E:\GitCortex\.worktrees\phase-26-terminal-output-persistence\target\release\deps\libstrum-60f596d88579b8a3.rlib' --extern 'sysinfo=E:\GitCortex\.worktrees\phase-26-terminal-output-persistence\target\release\deps\libsysinfo-b8e67c9839a22d45.rlib' --extern 'tempfile=E:\GitCortex\.worktrees\phase-26-terminal-output-persistence\target\release\deps\libtempfile-6a04d8a809a0c8fb.rlib' --extern 'thiserror=E:\GitCortex\.worktrees\phase-26-terminal-output-persistence\target\release\deps\libthiserror-5cb35f94fb406266.rlib' --extern 'tokio=E:\GitCortex\.worktrees\phase-26-terminal-output-persistence\target\release\deps\libtokio-57ca6baefeef9758.rlib' --extern 'tokio_tungstenite=E:\GitCortex\.worktrees\phase-26-terminal-output-persistence\target\release\deps\libtokio_tungstenite-1163f121484e53f0.rlib' --extern 'tokio_util=E:\GitCortex\.worktrees\phase-26-terminal-output-persistence\target\release\deps\libtokio_util-d2f66b35416d8305.rlib' --extern 'tower=E:\GitCortex\.worktrees\phase-26-terminal-output-persistence\target\release\deps\libtower-8abc62f84f906df3.rlib' --extern 'tracing=E:\GitCortex\.worktrees\phase-26-terminal-output-persistence\target\release\deps\libtracing-fe391a6383813af7.rlib' --extern 'tracing_subscriber=E:\GitCortex\.worktrees\phase-26-terminal-output-persistence\target\release\deps\libtracing_subscriber-711e1ae1b8c1560c.rlib' --extern 'ts_rs=E:\GitCortex\.worktrees\phase-26-terminal-output-persistence\target\release\deps\libts_rs-d28052fb56078252.rlib' --extern 'url=E:\GitCortex\.worktrees\phase-26-terminal-output-persistence\target\release\deps\liburl-04231a871d9497ac.rlib' --extern 'utils=E:\GitCortex\.worktrees\phase-26-terminal-output-persistence\target\release\deps\libutils-4545701a3247f886.rlib' --extern 'uuid=E:\GitCortex\.worktrees\phase-26-terminal-output-persistence\target\release\deps\libuuid-6798dd711abc8900.rlib' --extern 'windows_sys=E:\GitCortex\.worktrees\phase-26-terminal-output-persistence\target\release\deps\libwindows_sys-fcb98bceeaf0ecfd.rlib' --extern 'wiremock=E:\GitCortex\.worktrees\phase-26-terminal-output-persistence\target\release\deps\libwiremock-7ff5dcee06e7e50d.rlib' -C 'link-arg=/DEBUG:FASTLINK' -C 'link-arg=/DEBUG:FASTLINK' -L 'native=E:\GitCortex\.worktrees\phase-26-terminal-output-persistence\target\release\build\aws-lc-sys-c158319abae87f83\out\build\artifacts' -L 'native=E:\GitCortex\.worktrees\phase-26-terminal-output-persistence\target\release\build\libsqlite3-sys-61a98c17ef59c640\out' -L 'native=E:\GitCortex\.worktrees\phase-26-terminal-output-persistence\target\release\build\libgit2-sys-6239d80226de3d2b\out\build' -L 'native=E:\GitCortex\.worktrees\phase-26-terminal-output-persistence\target\release\build\libz-sys-05307365c8079003\out\lib' -L 'native=E:\GitCortex\.worktrees\phase-26-terminal-output-persistence\target\release\build\libz-sys-05307365c8079003\out\lib' -L 'native=D:\RUST\.cargo\registry\src\index.crates.io-1949cf8c6b5b557f\windows_x86_64_msvc-0.53.1\lib' -L 'native=D:\RUST\.cargo\registry\src\index.crates.io-1949cf8c6b5b557f\windows_x86_64_msvc-0.48.5\lib' -L 'native=D:\RUST\.cargo\registry\src\index.crates.io-1949cf8c6b5b557f\windows_x86_64_msvc-0.52.6\lib'` (exit code: 0xc0000409, STATUS_STACK_BUFFER_OVERRUN)
  74:     0x7ffa5edea282 - RINvNtNtCs3g3ukGuukiB_18rustc_query_system5query8plumbing17try_execute_queryINtCslvafsSmu2ar_16rustc_query_impl13DynamicConfigINtNtCs1Fy0pGx6Mev_21rustc_data_structures9vec_cache8VecCacheNtNtCsbGBXJX5sA31_10rustc_span6def_id10LocalDefIdINtNtNtCs2e14MyY4FST
  67:     0x7ffa5ede151e - RINvNtNtCs3g3ukGuukiB_18rustc_query_system5query8plumbing17try_execute_queryINtCslvafsSmu2ar_16rustc_query_impl13DynamicConfigINtNtCs1Fy0pGx6Mev_21rustc_data_structures9vec_cache8VecCacheNtNtCsbGBXJX5sA31_10rustc_span6def_id10LocalDefIdINtNtNtCs2e14MyY4FST
  75:     0x7ffa5ee12572 - rustc_query_impl[fa7471587d55ebc1]::plumbing::query_key_hash_verify_all
  68:     0x7ffa5ee18f75 - rustc_query_impl[fa7471587d55ebc1]::plumbing::query_key_hash_verify_all
  76:     0x7ffa5d706381 - rustc_hir_analysis[e742de6bb5fb435d]::check::check_function_signature
  77:     0x7ffa5d704a4f - rustc_hir_analysis[e742de6bb5fb435d]::check::check_function_signature
  69:     0x7ffa5e416174 - rustc_mir_transform[31a20e724b010036]::mir_promoted
  78:     0x7ffa5d96c9cb - <rustc_lint[4b63b90d88a2686]::builtin::SpecialModuleName as rustc_lint[4b63b90d88a2686]::passes::EarlyLintPass>::check_crate
  70:     0x7ffa5ed44859 - RINvMs6_NtCsgz2aUrXY3Tp_9hashbrown3rawINtB6_8RawTableTNtNtNtCs3g3ukGuukiB_18rustc_query_system9dep_graph8dep_node7DepNodeTNtNtCsbGBXJX5sA31_10rustc_span6def_id5DefIdNtNtCsfRxa6NCpQur_13rustc_type_ir5solve14SizedTraitKindEEE14reserve_rehashNCINvNtB8_3map11m
  79:     0x7ffa5ed70d03 - RINvNtNtCs3g3ukGuukiB_18rustc_query_system5query8plumbing17try_execute_queryINtCslvafsSmu2ar_16rustc_query_impl13DynamicConfigINtNtB4_6caches10DefIdCacheINtNtNtCs2e14MyY4FST_12rustc_middle5query5erase6ErasedAhj8_EEKb0_KB3r_KB3r_ENtNtB1f_8plumbing9QueryCtxt
  71:     0x7ffa5edddaea - RINvNtNtCs3g3ukGuukiB_18rustc_query_system5query8plumbing17try_execute_queryINtCslvafsSmu2ar_16rustc_query_impl13DynamicConfigINtNtCs1Fy0pGx6Mev_21rustc_data_structures9vec_cache8VecCacheNtNtCsbGBXJX5sA31_10rustc_span6def_id10LocalDefIdINtNtNtCs2e14MyY4FST
  80:     0x7ffa5da407a4 - rustc_query_impl[fa7471587d55ebc1]::profiling_support::alloc_self_profile_query_strings
  72:     0x7ffa5ee12762 - rustc_query_impl[fa7471587d55ebc1]::plumbing::query_key_hash_verify_all
  73:     0x7ffa5e69bd16 - rustc_borrowck[717ae169c1d7105d]::mir_borrowck
  81:     0x7ffa5e33049c - rustc_hir_analysis[e742de6bb5fb435d]::check::check::check_abi
  74:     0x7ffa5ed447db - RINvMs6_NtCsgz2aUrXY3Tp_9hashbrown3rawINtB6_8RawTableTNtNtNtCs3g3ukGuukiB_18rustc_query_system9dep_graph8dep_node7DepNodeTNtNtCsbGBXJX5sA31_10rustc_span6def_id5DefIdNtNtCsfRxa6NCpQur_13rustc_type_ir5solve14SizedTraitKindEEE14reserve_rehashNCINvNtB8_3map11m
  75:     0x7ffa5edea282 - RINvNtNtCs3g3ukGuukiB_18rustc_query_system5query8plumbing17try_execute_queryINtCslvafsSmu2ar_16rustc_query_impl13DynamicConfigINtNtCs1Fy0pGx6Mev_21rustc_data_structures9vec_cache8VecCacheNtNtCsbGBXJX5sA31_10rustc_span6def_id10LocalDefIdINtNtNtCs2e14MyY4FST
  82:     0x7ffa5ed46e50 - RINvMs6_NtCsgz2aUrXY3Tp_9hashbrown3rawINtB6_8RawTableTNtNtNtCs3g3ukGuukiB_18rustc_query_system9dep_graph8dep_node7DepNodeTNtNtCsbGBXJX5sA31_10rustc_span6def_id5DefIdNtNtCsfRxa6NCpQur_13rustc_type_ir5solve14SizedTraitKindEEE14reserve_rehashNCINvNtB8_3map11m
  76:     0x7ffa5ee12572 - rustc_query_impl[fa7471587d55ebc1]::plumbing::query_key_hash_verify_all
  83:     0x7ffa5ed70d03 - RINvNtNtCs3g3ukGuukiB_18rustc_query_system5query8plumbing17try_execute_queryINtCslvafsSmu2ar_16rustc_query_impl13DynamicConfigINtNtB4_6caches10DefIdCacheINtNtNtCs2e14MyY4FST_12rustc_middle5query5erase6ErasedAhj8_EEKb0_KB3r_KB3r_ENtNtB1f_8plumbing9QueryCtxt
  77:     0x7ffa5d706381 - rustc_hir_analysis[e742de6bb5fb435d]::check::check_function_signature
  84:     0x7ffa5ee1f246 - rustc_query_impl[fa7471587d55ebc1]::plumbing::query_key_hash_verify_all
  78:     0x7ffa5d704a4f - rustc_hir_analysis[e742de6bb5fb435d]::check::check_function_signature
  85:     0x7ffa5d6e69d8 - rustc_hir_analysis[e742de6bb5fb435d]::check::check_function_signature
  79:     0x7ffa5d96c9cb - <rustc_lint[4b63b90d88a2686]::builtin::SpecialModuleName as rustc_lint[4b63b90d88a2686]::passes::EarlyLintPass>::check_crate
  80:     0x7ffa5ed70d03 - RINvNtNtCs3g3ukGuukiB_18rustc_query_system5query8plumbing17try_execute_queryINtCslvafsSmu2ar_16rustc_query_impl13DynamicConfigINtNtB4_6caches10DefIdCacheINtNtNtCs2e14MyY4FST_12rustc_middle5query5erase6ErasedAhj8_EEKb0_KB3r_KB3r_ENtNtB1f_8plumbing9QueryCtxt
  86:     0x7ffa5e2f0e82 - rustc_hir_analysis[e742de6bb5fb435d]::hir_ty_lowering::generics::check_generic_arg_count_for_call
  81:     0x7ffa5da407a4 - rustc_query_impl[fa7471587d55ebc1]::profiling_support::alloc_self_profile_query_strings
  87:     0x7ffa5e317bb0 - rustc_hir_analysis[e742de6bb5fb435d]::check::check::check_abi
  82:     0x7ffa5e33049c - rustc_hir_analysis[e742de6bb5fb435d]::check::check::check_abi
  88:     0x7ffa5ed4559b - RINvMs6_NtCsgz2aUrXY3Tp_9hashbrown3rawINtB6_8RawTableTNtNtNtCs3g3ukGuukiB_18rustc_query_system9dep_graph8dep_node7DepNodeTNtNtCsbGBXJX5sA31_10rustc_span6def_id5DefIdNtNtCsfRxa6NCpQur_13rustc_type_ir5solve14SizedTraitKindEEE14reserve_rehashNCINvNtB8_3map11m
  83:     0x7ffa5ed46e50 - RINvMs6_NtCsgz2aUrXY3Tp_9hashbrown3rawINtB6_8RawTableTNtNtNtCs3g3ukGuukiB_18rustc_query_system9dep_graph8dep_node7DepNodeTNtNtCsbGBXJX5sA31_10rustc_span6def_id5DefIdNtNtCsfRxa6NCpQur_13rustc_type_ir5solve14SizedTraitKindEEE14reserve_rehashNCINvNtB8_3map11m
  89:     0x7ffa5ede17b2 - RINvNtNtCs3g3ukGuukiB_18rustc_query_system5query8plumbing17try_execute_queryINtCslvafsSmu2ar_16rustc_query_impl13DynamicConfigINtNtCs1Fy0pGx6Mev_21rustc_data_structures9vec_cache8VecCacheNtNtCsbGBXJX5sA31_10rustc_span6def_id10LocalDefIdINtNtNtCs2e14MyY4FST
  84:     0x7ffa5ed70d03 - RINvNtNtCs3g3ukGuukiB_18rustc_query_system5query8plumbing17try_execute_queryINtCslvafsSmu2ar_16rustc_query_impl13DynamicConfigINtNtB4_6caches10DefIdCacheINtNtNtCs2e14MyY4FST_12rustc_middle5query5erase6ErasedAhj8_EEKb0_KB3r_KB3r_ENtNtB1f_8plumbing9QueryCtxt
  90:     0x7ffa5ee16655 - rustc_query_impl[fa7471587d55ebc1]::plumbing::query_key_hash_verify_all
  85:     0x7ffa5ee1f246 - rustc_query_impl[fa7471587d55ebc1]::plumbing::query_key_hash_verify_all
  91:     0x7ffa5d6626e3 - <rustc_hir_typeck[1bfbfb5f1d3ea18d]::fn_ctxt::inspect_obligations::NestedObligationsForSelfTy as rustc_trait_selection[cc2e6dffbfbce5cd]::solve::inspect::analyse::ProofTreeVisitor>::visit_goal
  86:     0x7ffa5d6e69d8 - rustc_hir_analysis[e742de6bb5fb435d]::check::check_function_signature
  92:     0x7ffa5e311a30 - rustc_hir_analysis[e742de6bb5fb435d]::check::check::check_abi
  87:     0x7ffa5e2f0e82 - rustc_hir_analysis[e742de6bb5fb435d]::hir_ty_lowering::generics::check_generic_arg_count_for_call
  93:     0x7ffa5d96bffb - <rustc_lint[4b63b90d88a2686]::builtin::SpecialModuleName as rustc_lint[4b63b90d88a2686]::passes::EarlyLintPass>::check_crate
  94:     0x7ffa5d9811a3 - RINvNtNtCs3g3ukGuukiB_18rustc_query_system5query8plumbing17try_execute_queryINtCslvafsSmu2ar_16rustc_query_impl13DynamicConfigINtNtB4_6caches11SingleCacheINtNtNtCs2e14MyY4FST_12rustc_middle5query5erase6ErasedAhj1_EEKb0_KB3s_KB3s_ENtNtB1f_8plumbing9QueryCtx
  88:     0x7ffa5e317bb0 - rustc_hir_analysis[e742de6bb5fb435d]::check::check::check_abi
  95:     0x7ffa5da3d833 - rustc_query_impl[fa7471587d55ebc1]::profiling_support::alloc_self_profile_query_strings
  89:     0x7ffa5ed4559b - RINvMs6_NtCsgz2aUrXY3Tp_9hashbrown3rawINtB6_8RawTableTNtNtNtCs3g3ukGuukiB_18rustc_query_system9dep_graph8dep_node7DepNodeTNtNtCsbGBXJX5sA31_10rustc_span6def_id5DefIdNtNtCsfRxa6NCpQur_13rustc_type_ir5solve14SizedTraitKindEEE14reserve_rehashNCINvNtB8_3map11m
  96:     0x7ffa5e289350 - rustc_hir_analysis[e742de6bb5fb435d]::check_crate
  90:     0x7ffa5ede17b2 - RINvNtNtCs3g3ukGuukiB_18rustc_query_system5query8plumbing17try_execute_queryINtCslvafsSmu2ar_16rustc_query_impl13DynamicConfigINtNtCs1Fy0pGx6Mev_21rustc_data_structures9vec_cache8VecCacheNtNtCsbGBXJX5sA31_10rustc_span6def_id10LocalDefIdINtNtNtCs2e14MyY4FST
  97:     0x7ffa5df63dd5 - rustc_interface[986486068fb2a34e]::passes::analysis
  91:     0x7ffa5ee16655 - rustc_query_impl[fa7471587d55ebc1]::plumbing::query_key_hash_verify_all
  98:     0x7ffa5d97058a - <rustc_lint[4b63b90d88a2686]::builtin::SpecialModuleName as rustc_lint[4b63b90d88a2686]::passes::EarlyLintPass>::check_crate
  92:     0x7ffa5d6626e3 - <rustc_hir_typeck[1bfbfb5f1d3ea18d]::fn_ctxt::inspect_obligations::NestedObligationsForSelfTy as rustc_trait_selection[cc2e6dffbfbce5cd]::solve::inspect::analyse::ProofTreeVisitor>::visit_goal
  99:     0x7ffa5d97a7b3 - RINvNtNtCs3g3ukGuukiB_18rustc_query_system5query8plumbing17try_execute_queryINtCslvafsSmu2ar_16rustc_query_impl13DynamicConfigINtNtB4_6caches11SingleCacheINtNtNtCs2e14MyY4FST_12rustc_middle5query5erase6ErasedAhj0_EEKb0_KB3s_KB3s_ENtNtB1f_8plumbing9QueryCtx
  93:     0x7ffa5e311a30 - rustc_hir_analysis[e742de6bb5fb435d]::check::check::check_abi
 100:     0x7ffa5da58fe3 - rustc_query_impl[fa7471587d55ebc1]::profiling_support::alloc_self_profile_query_strings
 101:     0x7ffa5b499eb7 - std[cd0397b9f8d6eca1]::sys::backtrace::__rust_begin_short_backtrace::<std[cd0397b9f8d6eca1]::thread::lifecycle::spawn_unchecked<ctrlc[d71c8eb333b9981f]::set_handler_inner<rustc_driver_impl[7567023cd08d134f]::install_ctrlc_handler::{closure#0}>::{closure#0}, ()>::{closure#1}::{closure#0}::{closure#0}, ()>
 102:     0x7ffa5b49508f - RINvNtNtCshBhF7HOenvN_3std3sys9backtrace28___rust_begin_short_backtraceNCNCINvNtCsd5bjWkDf5Eg_15rustc_interface4util26run_in_thread_with_globalsNCINvB1e_31run_in_thread_pool_with_globalsNCINvNtB1g_9interface12run_compileruNCNvCsa4VFjvCuixT_17rustc_driver_i
 103:     0x7ffa5b4a07f9 - std[cd0397b9f8d6eca1]::sys::backtrace::__rust_begin_short_backtrace::<std[cd0397b9f8d6eca1]::thread::lifecycle::spawn_unchecked<ctrlc[d71c8eb333b9981f]::set_handler_inner<rustc_driver_impl[7567023cd08d134f]::install_ctrlc_handler::{closure#0}>::{closure#0}, ()>::{closure#1}::{closure#0}::{closure#0}, ()>
  94:     0x7ffa5d96bffb - <rustc_lint[4b63b90d88a2686]::builtin::SpecialModuleName as rustc_lint[4b63b90d88a2686]::passes::EarlyLintPass>::check_crate
 104:     0x7ffa5df06e48 - std::sys::thread::windows::impl$0::new::thread_start
                               at /rustc/83e49b75e7daf827e4390ae0ccbcb0d0e2c96493/library\std\src\sys\thread\windows.rs:59
 105:     0x7ffb33127374 - BaseThreadInitThunk
  95:     0x7ffa5d9811a3 - RINvNtNtCs3g3ukGuukiB_18rustc_query_system5query8plumbing17try_execute_queryINtCslvafsSmu2ar_16rustc_query_impl13DynamicConfigINtNtB4_6caches11SingleCacheINtNtNtCs2e14MyY4FST_12rustc_middle5query5erase6ErasedAhj1_EEKb0_KB3s_KB3s_ENtNtB1f_8plumbing9QueryCtx
  96:     0x7ffa5da3d833 - rustc_query_impl[fa7471587d55ebc1]::profiling_support::alloc_self_profile_query_strings
 106:     0x7ffb3457cc91 - RtlUserThreadStart
  97:     0x7ffa5e289350 - rustc_hir_analysis[e742de6bb5fb435d]::check_crate
  98:     0x7ffa5df63dd5 - rustc_interface[986486068fb2a34e]::passes::analysis
  99:     0x7ffa5d97058a - <rustc_lint[4b63b90d88a2686]::builtin::SpecialModuleName as rustc_lint[4b63b90d88a2686]::passes::EarlyLintPass>::check_crate
 100:     0x7ffa5d97a7b3 - RINvNtNtCs3g3ukGuukiB_18rustc_query_system5query8plumbing17try_execute_queryINtCslvafsSmu2ar_16rustc_query_impl13DynamicConfigINtNtB4_6caches11SingleCacheINtNtNtCs2e14MyY4FST_12rustc_middle5query5erase6ErasedAhj0_EEKb0_KB3s_KB3s_ENtNtB1f_8plumbing9QueryCtx
 101:     0x7ffa5da58fe3 - rustc_query_impl[fa7471587d55ebc1]::profiling_support::alloc_self_profile_query_strings
 102:     0x7ffa5b499eb7 - std[cd0397b9f8d6eca1]::sys::backtrace::__rust_begin_short_backtrace::<std[cd0397b9f8d6eca1]::thread::lifecycle::spawn_unchecked<ctrlc[d71c8eb333b9981f]::set_handler_inner<rustc_driver_impl[7567023cd08d134f]::install_ctrlc_handler::{closure#0}>::{closure#0}, ()>::{closure#1}::{closure#0}::{closure#0}, ()>
 103:     0x7ffa5b49508f - RINvNtNtCshBhF7HOenvN_3std3sys9backtrace28___rust_begin_short_backtraceNCNCINvNtCsd5bjWkDf5Eg_15rustc_interface4util26run_in_thread_with_globalsNCINvB1e_31run_in_thread_pool_with_globalsNCINvNtB1g_9interface12run_compileruNCNvCsa4VFjvCuixT_17rustc_driver_i
 104:     0x7ffa5b4a07f9 - std[cd0397b9f8d6eca1]::sys::backtrace::__rust_begin_short_backtrace::<std[cd0397b9f8d6eca1]::thread::lifecycle::spawn_unchecked<ctrlc[d71c8eb333b9981f]::set_handler_inner<rustc_driver_impl[7567023cd08d134f]::install_ctrlc_handler::{closure#0}>::{closure#0}, ()>::{closure#1}::{closure#0}::{closure#0}, ()>
 105:     0x7ffa5df06e48 - std::sys::thread::windows::impl$0::new::thread_start
                               at /rustc/83e49b75e7daf827e4390ae0ccbcb0d0e2c96493/library\std\src\sys\thread\windows.rs:59
 106:     0x7ffb33127374 - BaseThreadInitThunk
 107:     0x7ffb3457cc91 - RtlUserThreadStart
warning: `services` (test "terminal_logging_test") generated 1 warning (run `cargo fix --test "terminal_logging_test" -p services` to apply 1 suggestion)
error: could not compile `services` (test "terminal_logging_test"); 1 warning emitted

Caused by:
  process didn't exit successfully: `D:\RUST\.rustup\toolchains\nightly-2025-12-04-x86_64-pc-windows-msvc\bin\rustc.exe --crate-name terminal_logging_test --edition=2024 'crates\services\tests\terminal_logging_test.rs' --error-format=json --json=diagnostic-rendered-ansi,artifacts,future-incompat --emit=dep-info,link -C opt-level=3 -C embed-bitcode=no -C debuginfo=1 -C split-debuginfo=packed --test --cfg 'feature="default"' --check-cfg 'cfg(docsrs,test)' --check-cfg 'cfg(feature, values("cloud", "default", "qa-mode"))' -C metadata=931ced62043f6b02 -C extra-filename=-90492e3a666b61f3 --out-dir 'E:\GitCortex\.worktrees\phase-26-terminal-output-persistence\target\release\deps' -C strip=symbols -L 'dependency=E:\GitCortex\.worktrees\phase-26-terminal-output-persistence\target\release\deps' --extern 'anyhow=E:\GitCortex\.worktrees\phase-26-terminal-output-persistence\target\release\deps\libanyhow-a304bfc9c1bc5825.rlib' --extern 'async_trait=E:\GitCortex\.worktrees\phase-26-terminal-output-persistence\target\release\deps\async_trait-345bd5ac7a9f3a37.dll' --extern 'axum=E:\GitCortex\.worktrees\phase-26-terminal-output-persistence\target\release\deps\libaxum-193fee14da03ae9d.rlib' --extern 'backon=E:\GitCortex\.worktrees\phase-26-terminal-output-persistence\target\release\deps\libbackon-5fbf6afad41eda10.rlib' --extern 'base64=E:\GitCortex\.worktrees\phase-26-terminal-output-persistence\target\release\deps\libbase64-964e1270fd7f5803.rlib' --extern 'cc_switch=E:\GitCortex\.worktrees\phase-26-terminal-output-persistence\target\release\deps\libcc_switch-0fda9cadbd5a018c.rlib' --extern 'chrono=E:\GitCortex\.worktrees\phase-26-terminal-output-persistence\target\release\deps\libchrono-29362de2900dd130.rlib' --extern 'dashmap=E:\GitCortex\.worktrees\phase-26-terminal-output-persistence\target\release\deps\libdashmap-b4c582f6a29274e9.rlib' --extern 'db=E:\GitCortex\.worktrees\phase-26-terminal-output-persistence\target\release\deps\libdb-634c77a1c34e58ce.rlib' --extern 'dirs=E:\GitCortex\.worktrees\phase-26-terminal-output-persistence\target\release\deps\libdirs-9627e8290125819e.rlib' --extern 'dunce=E:\GitCortex\.worktrees\phase-26-terminal-output-persistence\target\release\deps\libdunce-540e3fd8bb9a2cf0.rlib' --extern 'enum_dispatch=E:\GitCortex\.worktrees\phase-26-terminal-output-persistence\target\release\deps\enum_dispatch-6bde7a63c4f6060a.dll' --extern 'executors=E:\GitCortex\.worktrees\phase-26-terminal-output-persistence\target\release\deps\libexecutors-8dfe5da866186690.rlib' --extern 'fst=E:\GitCortex\.worktrees\phase-26-terminal-output-persistence\target\release\deps\libfst-22d111020f9c5840.rlib' --extern 'futures=E:\GitCortex\.worktrees\phase-26-terminal-output-persistence\target\release\deps\libfutures-82d1b43bc1c08bf3.rlib' --extern 'futures_util=E:\GitCortex\.worktrees\phase-26-terminal-output-persistence\target\release\deps\libfutures_util-138920ac001c36c6.rlib' --extern 'git2=E:\GitCortex\.worktrees\phase-26-terminal-output-persistence\target\release\deps\libgit2-a4ba38925c6dc355.rlib' --extern 'governor=E:\GitCortex\.worktrees\phase-26-terminal-output-persistence\target\release\deps\libgovernor-be0d8365382749c6.rlib' --extern 'handlebars=E:\GitCortex\.worktrees\phase-26-terminal-output-persistence\target\release\deps\libhandlebars-56e17fcfe60f6cb6.rlib' --extern 'ignore=E:\GitCortex\.worktrees\phase-26-terminal-output-persistence\target\release\deps\libignore-a8f61e453a4f98d1.rlib' --extern 'json_patch=E:\GitCortex\.worktrees\phase-26-terminal-output-persistence\target\release\deps\libjson_patch-48ae63f2023339f8.rlib' --extern 'moka=E:\GitCortex\.worktrees\phase-26-terminal-output-persistence\target\release\deps\libmoka-a99671ec9673c60c.rlib' --extern 'notify=E:\GitCortex\.worktrees\phase-26-terminal-output-persistence\target\release\deps\libnotify-4a190b490fac8f4c.rlib' --extern 'notify_debouncer_full=E:\GitCortex\.worktrees\phase-26-terminal-output-persistence\target\release\deps\libnotify_debouncer_full-1b505e50d607d847.rlib' --extern 'notify_rust=E:\GitCortex\.worktrees\phase-26-terminal-output-persistence\target\release\deps\libnotify_rust-451fe7a0345fc183.rlib' --extern 'once_cell=E:\GitCortex\.worktrees\phase-26-terminal-output-persistence\target\release\deps\libonce_cell-eef48ee747e7e306.rlib' --extern 'os_info=E:\GitCortex\.worktrees\phase-26-terminal-output-persistence\target\release\deps\libos_info-764e7fb8a3a030dd.rlib' --extern 'portable_pty=E:\GitCortex\.worktrees\phase-26-terminal-output-persistence\target\release\deps\libportable_pty-f923dfdf58df462c.rlib' --extern 'regex=E:\GitCortex\.worktrees\phase-26-terminal-output-persistence\target\release\deps\libregex-14d9973cc2d403aa.rlib' --extern 'reqwest=E:\GitCortex\.worktrees\phase-26-terminal-output-persistence\target\release\deps\libreqwest-c518c4e8914ae580.rlib' --extern 'rust_embed=E:\GitCortex\.worktrees\phase-26-terminal-output-persistence\target\release\deps\librust_embed-4adc6947973eaa73.rlib' --extern 'rustls=E:\GitCortex\.worktrees\phase-26-terminal-output-persistence\target\release\deps\librustls-70578b2cacfc4d5d.rlib' --extern 'secrecy=E:\GitCortex\.worktrees\phase-26-terminal-output-persistence\target\release\deps\libsecrecy-2c84a46b94d346d1.rlib' --extern 'serde=E:\GitCortex\.worktrees\phase-26-terminal-output-persistence\target\release\deps\libserde-3871011f22bf5599.rlib' --extern 'serde_json=E:\GitCortex\.worktrees\phase-26-terminal-output-persistence\target\release\deps\libserde_json-9743be2bb68373b2.rlib' --extern 'services=E:\GitCortex\.worktrees\phase-26-terminal-output-persistence\target\release\deps\libservices-ab5cccb101ae9ad7.rlib' --extern 'sha2=E:\GitCortex\.worktrees\phase-26-terminal-output-persistence\target\release\deps\libsha2-531086ad4a628d21.rlib' --extern 'sqlx=E:\GitCortex\.worktrees\phase-26-terminal-output-persistence\target\release\deps\libsqlx-55eff546f6f1a75f.rlib' --extern 'strum=E:\GitCortex\.worktrees\phase-26-terminal-output-persistence\target\release\deps\libstrum-60f596d88579b8a3.rlib' --extern 'strum_macros=E:\GitCortex\.worktrees\phase-26-terminal-output-persistence\target\release\deps\strum_macros-de93229f4ce334aa.dll' --extern 'tempfile=E:\GitCortex\.worktrees\phase-26-terminal-output-persistence\target\release\deps\libtempfile-6a04d8a809a0c8fb.rlib' --extern 'thiserror=E:\GitCortex\.worktrees\phase-26-terminal-output-persistence\target\release\deps\libthiserror-5cb35f94fb406266.rlib' --extern 'tokio=E:\GitCortex\.worktrees\phase-26-terminal-output-persistence\target\release\deps\libtokio-57ca6baefeef9758.rlib' --extern 'tokio_stream=E:\GitCortex\.worktrees\phase-26-terminal-output-persistence\target\release\deps\libtokio_stream-a2f7ef3b13f6a3fb.rlib' --extern 'tokio_test=E:\GitCortex\.worktrees\phase-26-terminal-output-persistence\target\release\deps\libtokio_test-9dbede70136d7c9a.rlib' --extern 'tokio_util=E:\GitCortex\.worktrees\phase-26-terminal-output-persistence\target\release\deps\libtokio_util-d2f66b35416d8305.rlib' --extern 'tracing=E:\GitCortex\.worktrees\phase-26-terminal-output-persistence\target\release\deps\libtracing-fe391a6383813af7.rlib' --extern 'ts_rs=E:\GitCortex\.worktrees\phase-26-terminal-output-persistence\target\release\deps\libts_rs-d28052fb56078252.rlib' --extern 'url=E:\GitCortex\.worktrees\phase-26-terminal-output-persistence\target\release\deps\liburl-04231a871d9497ac.rlib' --extern 'utils=E:\GitCortex\.worktrees\phase-26-terminal-output-persistence\target\release\deps\libutils-4545701a3247f886.rlib' --extern 'uuid=E:\GitCortex\.worktrees\phase-26-terminal-output-persistence\target\release\deps\libuuid-6798dd711abc8900.rlib' --extern 'winapi=E:\GitCortex\.worktrees\phase-26-terminal-output-persistence\target\release\deps\libwinapi-33d5bff499813303.rlib' --extern 'wiremock=E:\GitCortex\.worktrees\phase-26-terminal-output-persistence\target\release\deps\libwiremock-7ff5dcee06e7e50d.rlib' -C 'link-arg=/DEBUG:FASTLINK' -C 'link-arg=/DEBUG:FASTLINK' -L 'native=E:\GitCortex\.worktrees\phase-26-terminal-output-persistence\target\release\build\aws-lc-sys-c158319abae87f83\out\build\artifacts' -L 'native=E:\GitCortex\.worktrees\phase-26-terminal-output-persistence\target\release\build\libsqlite3-sys-61a98c17ef59c640\out' -L 'native=E:\GitCortex\.worktrees\phase-26-terminal-output-persistence\target\release\build\libgit2-sys-6239d80226de3d2b\out\build' -L 'native=E:\GitCortex\.worktrees\phase-26-terminal-output-persistence\target\release\build\libz-sys-05307365c8079003\out\lib' -L 'native=E:\GitCortex\.worktrees\phase-26-terminal-output-persistence\target\release\build\libz-sys-05307365c8079003\out\lib' -L 'native=D:\RUST\.cargo\registry\src\index.crates.io-1949cf8c6b5b557f\windows_x86_64_msvc-0.53.1\lib' -L 'native=D:\RUST\.cargo\registry\src\index.crates.io-1949cf8c6b5b557f\windows_x86_64_msvc-0.48.5\lib' -L 'native=D:\RUST\.cargo\registry\src\index.crates.io-1949cf8c6b5b557f\windows_x86_64_msvc-0.52.6\lib'` (exit code: 0xc0000409, STATUS_STACK_BUFFER_OVERRUN)
warning: `server` (test "cli_detection_test") generated 3 warnings (run `cargo fix --test "cli_detection_test" -p server` to apply 3 suggestions)
error: could not compile `server` (test "cli_detection_test"); 3 warnings emitted

Caused by:
  process didn't exit successfully: `D:\RUST\.rustup\toolchains\nightly-2025-12-04-x86_64-pc-windows-msvc\bin\rustc.exe --crate-name cli_detection_test --edition=2024 'crates\server\tests\cli_detection_test.rs' --error-format=json --json=diagnostic-rendered-ansi,artifacts,future-incompat --emit=dep-info,link -C opt-level=3 -C embed-bitcode=no -C debuginfo=1 -C split-debuginfo=packed '--allow=clippy::uninlined-format-args' --test --cfg 'feature="default"' --check-cfg 'cfg(docsrs,test)' --check-cfg 'cfg(feature, values("default", "qa-mode"))' -C metadata=f961847dff5c0736 -C extra-filename=-95617e8e015ad94b --out-dir 'E:\GitCortex\.worktrees\phase-26-terminal-output-persistence\target\release\deps' -C strip=symbols -L 'dependency=E:\GitCortex\.worktrees\phase-26-terminal-output-persistence\target\release\deps' --extern 'anyhow=E:\GitCortex\.worktrees\phase-26-terminal-output-persistence\target\release\deps\libanyhow-a304bfc9c1bc5825.rlib' --extern 'axum=E:\GitCortex\.worktrees\phase-26-terminal-output-persistence\target\release\deps\libaxum-193fee14da03ae9d.rlib' --extern 'chrono=E:\GitCortex\.worktrees\phase-26-terminal-output-persistence\target\release\deps\libchrono-29362de2900dd130.rlib' --extern 'criterion=E:\GitCortex\.worktrees\phase-26-terminal-output-persistence\target\release\deps\libcriterion-a12264117fdde5f8.rlib' --extern 'db=E:\GitCortex\.worktrees\phase-26-terminal-output-persistence\target\release\deps\libdb-634c77a1c34e58ce.rlib' --extern 'deployment=E:\GitCortex\.worktrees\phase-26-terminal-output-persistence\target\release\deps\libdeployment-d22d2068bb8384df.rlib' --extern 'dotenv=E:\GitCortex\.worktrees\phase-26-terminal-output-persistence\target\release\deps\libdotenv-2daff52ca9ff4348.rlib' --extern 'executors=E:\GitCortex\.worktrees\phase-26-terminal-output-persistence\target\release\deps\libexecutors-8dfe5da866186690.rlib' --extern 'futures_util=E:\GitCortex\.worktrees\phase-26-terminal-output-persistence\target\release\deps\libfutures_util-138920ac001c36c6.rlib' --extern 'git2=E:\GitCortex\.worktrees\phase-26-terminal-output-persistence\target\release\deps\libgit2-a4ba38925c6dc355.rlib' --extern 'http_body_util=E:\GitCortex\.worktrees\phase-26-terminal-output-persistence\target\release\deps\libhttp_body_util-5eb07d755ad0f094.rlib' --extern 'hyper=E:\GitCortex\.worktrees\phase-26-terminal-output-persistence\target\release\deps\libhyper-59672180e9111b22.rlib' --extern 'ignore=E:\GitCortex\.worktrees\phase-26-terminal-output-persistence\target\release\deps\libignore-a8f61e453a4f98d1.rlib' --extern 'local_deployment=E:\GitCortex\.worktrees\phase-26-terminal-output-persistence\target\release\deps\liblocal_deployment-04db4877fba1168f.rlib' --extern 'mime_guess=E:\GitCortex\.worktrees\phase-26-terminal-output-persistence\target\release\deps\libmime_guess-8a3236af6e5564c1.rlib' --extern 'nix=E:\GitCortex\.worktrees\phase-26-terminal-output-persistence\target\release\deps\libnix-0329ddb3639d72cc.rlib' --extern 'once_cell=E:\GitCortex\.worktrees\phase-26-terminal-output-persistence\target\release\deps\libonce_cell-eef48ee747e7e306.rlib' --extern 'os_info=E:\GitCortex\.worktrees\phase-26-terminal-output-persistence\target\release\deps\libos_info-764e7fb8a3a030dd.rlib' --extern 'rand=E:\GitCortex\.worktrees\phase-26-terminal-output-persistence\target\release\deps\librand-240cd296cdfba10c.rlib' --extern 'raw_window_handle=E:\GitCortex\.worktrees\phase-26-terminal-output-persistence\target\release\deps\libraw_window_handle-d0ab343855468174.rlib' --extern 'regex=E:\GitCortex\.worktrees\phase-26-terminal-output-persistence\target\release\deps\libregex-14d9973cc2d403aa.rlib' --extern 'reqwest=E:\GitCortex\.worktrees\phase-26-terminal-output-persistence\target\release\deps\libreqwest-c518c4e8914ae580.rlib' --extern 'rfd=E:\GitCortex\.worktrees\phase-26-terminal-output-persistence\target\release\deps\librfd-c9e84b900f3b2502.rlib' --extern 'rmcp=E:\GitCortex\.worktrees\phase-26-terminal-output-persistence\target\release\deps\librmcp-90776f9c597f41d2.rlib' --extern 'rust_embed=E:\GitCortex\.worktrees\phase-26-terminal-output-persistence\target\release\deps\librust_embed-4adc6947973eaa73.rlib' --extern 'rustls=E:\GitCortex\.worktrees\phase-26-terminal-output-persistence\target\release\deps\librustls-70578b2cacfc4d5d.rlib' --extern 'schemars=E:\GitCortex\.worktrees\phase-26-terminal-output-persistence\target\release\deps\libschemars-c106f06778cd573a.rlib' --extern 'secrecy=E:\GitCortex\.worktrees\phase-26-terminal-output-persistence\target\release\deps\libsecrecy-2c84a46b94d346d1.rlib' --extern 'sentry=E:\GitCortex\.worktrees\phase-26-terminal-output-persistence\target\release\deps\libsentry-a6418c0b7a8d9b66.rlib' --extern 'serde=E:\GitCortex\.worktrees\phase-26-terminal-output-persistence\target\release\deps\libserde-3871011f22bf5599.rlib' --extern 'serde_json=E:\GitCortex\.worktrees\phase-26-terminal-output-persistence\target\release\deps\libserde_json-9743be2bb68373b2.rlib' --extern 'serial_test=E:\GitCortex\.worktrees\phase-26-terminal-output-persistence\target\release\deps\libserial_test-959de6efa3b3435e.rlib' --extern 'server=E:\GitCortex\.worktrees\phase-26-terminal-output-persistence\target\release\deps\libserver-a6fee0345c6f9754.rlib' --extern 'services=E:\GitCortex\.worktrees\phase-26-terminal-output-persistence\target\release\deps\libservices-ab5cccb101ae9ad7.rlib' --extern 'sha2=E:\GitCortex\.worktrees\phase-26-terminal-output-persistence\target\release\deps\libsha2-531086ad4a628d21.rlib' --extern 'shlex=E:\GitCortex\.worktrees\phase-26-terminal-output-persistence\target\release\deps\libshlex-54bb3df747b58ff6.rlib' --extern 'sqlx=E:\GitCortex\.worktrees\phase-26-terminal-output-persistence\target\release\deps\libsqlx-55eff546f6f1a75f.rlib' --extern 'strip_ansi_escapes=E:\GitCortex\.worktrees\phase-26-terminal-output-persistence\target\release\deps\libstrip_ansi_escapes-a3dafcfe50c08d92.rlib' --extern 'strum=E:\GitCortex\.worktrees\phase-26-terminal-output-persistence\target\release\deps\libstrum-60f596d88579b8a3.rlib' --extern 'sysinfo=E:\GitCortex\.worktrees\phase-26-terminal-output-persistence\target\release\deps\libsysinfo-b8e67c9839a22d45.rlib' --extern 'tempfile=E:\GitCortex\.worktrees\phase-26-terminal-output-persistence\target\release\deps\libtempfile-6a04d8a809a0c8fb.rlib' --extern 'thiserror=E:\GitCortex\.worktrees\phase-26-terminal-output-persistence\target\release\deps\libthiserror-5cb35f94fb406266.rlib' --extern 'tokio=E:\GitCortex\.worktrees\phase-26-terminal-output-persistence\target\release\deps\libtokio-57ca6baefeef9758.rlib' --extern 'tokio_tungstenite=E:\GitCortex\.worktrees\phase-26-terminal-output-persistence\target\release\deps\libtokio_tungstenite-1163f121484e53f0.rlib' --extern 'tokio_util=E:\GitCortex\.worktrees\phase-26-terminal-output-persistence\target\release\deps\libtokio_util-d2f66b35416d8305.rlib' --extern 'tower=E:\GitCortex\.worktrees\phase-26-terminal-output-persistence\target\release\deps\libtower-8abc62f84f906df3.rlib' --extern 'tracing=E:\GitCortex\.worktrees\phase-26-terminal-output-persistence\target\release\deps\libtracing-fe391a6383813af7.rlib' --extern 'tracing_subscriber=E:\GitCortex\.worktrees\phase-26-terminal-output-persistence\target\release\deps\libtracing_subscriber-711e1ae1b8c1560c.rlib' --extern 'ts_rs=E:\GitCortex\.worktrees\phase-26-terminal-output-persistence\target\release\deps\libts_rs-d28052fb56078252.rlib' --extern 'url=E:\GitCortex\.worktrees\phase-26-terminal-output-persistence\target\release\deps\liburl-04231a871d9497ac.rlib' --extern 'utils=E:\GitCortex\.worktrees\phase-26-terminal-output-persistence\target\release\deps\libutils-4545701a3247f886.rlib' --extern 'uuid=E:\GitCortex\.worktrees\phase-26-terminal-output-persistence\target\release\deps\libuuid-6798dd711abc8900.rlib' --extern 'windows_sys=E:\GitCortex\.worktrees\phase-26-terminal-output-persistence\target\release\deps\libwindows_sys-fcb98bceeaf0ecfd.rlib' --extern 'wiremock=E:\GitCortex\.worktrees\phase-26-terminal-output-persistence\target\release\deps\libwiremock-7ff5dcee06e7e50d.rlib' -C 'link-arg=/DEBUG:FASTLINK' -C 'link-arg=/DEBUG:FASTLINK' -L 'native=E:\GitCortex\.worktrees\phase-26-terminal-output-persistence\target\release\build\aws-lc-sys-c158319abae87f83\out\build\artifacts' -L 'native=E:\GitCortex\.worktrees\phase-26-terminal-output-persistence\target\release\build\libsqlite3-sys-61a98c17ef59c640\out' -L 'native=E:\GitCortex\.worktrees\phase-26-terminal-output-persistence\target\release\build\libgit2-sys-6239d80226de3d2b\out\build' -L 'native=E:\GitCortex\.worktrees\phase-26-terminal-output-persistence\target\release\build\libz-sys-05307365c8079003\out\lib' -L 'native=E:\GitCortex\.worktrees\phase-26-terminal-output-persistence\target\release\build\libz-sys-05307365c8079003\out\lib' -L 'native=D:\RUST\.cargo\registry\src\index.crates.io-1949cf8c6b5b557f\windows_x86_64_msvc-0.53.1\lib' -L 'native=D:\RUST\.cargo\registry\src\index.crates.io-1949cf8c6b5b557f\windows_x86_64_msvc-0.48.5\lib' -L 'native=D:\RUST\.cargo\registry\src\index.crates.io-1949cf8c6b5b557f\windows_x86_64_msvc-0.52.6\lib'` (exit code: 0xc0000409, STATUS_STACK_BUFFER_OVERRUN)
warning: `server` (test "workflow_contract") generated 1 warning (run `cargo fix --test "workflow_contract" -p server` to apply 1 suggestion)
